Adafruit_ssd1306syp.cpp:209:6:virtual void Adafruit_ssd1306syp::updateRow(int, int)	16	static
Adafruit_ssd1306syp.cpp:124:6:virtual void Adafruit_ssd1306syp::drawPixel(int16_t, int16_t, uint16_t)	24	static
Adafruit_ssd1306syp.cpp:10:1:Adafruit_ssd1306syp::Adafruit_ssd1306syp()	8	static
Adafruit_ssd1306syp.cpp:17:1:Adafruit_ssd1306syp::~Adafruit_ssd1306syp()	0	static
Adafruit_ssd1306syp.cpp:66:6:void Adafruit_ssd1306syp::clear(bool)	16	static
Adafruit_ssd1306syp.cpp:90:6:void Adafruit_ssd1306syp::writeByte(unsigned char)	16	static
Adafruit_ssd1306syp.cpp:109:6:void Adafruit_ssd1306syp::startIIC()	8	static
Adafruit_ssd1306syp.cpp:116:6:void Adafruit_ssd1306syp::stopIIC()	8	static
Adafruit_ssd1306syp.cpp:82:6:void Adafruit_ssd1306syp::writeCommand(unsigned char)	16	static
Adafruit_ssd1306syp.cpp:22:6:virtual bool Adafruit_ssd1306syp::initialize()	8	static
Adafruit_ssd1306syp.cpp:72:6:void Adafruit_ssd1306syp::display_on()	0	static
Adafruit_ssd1306syp.cpp:77:6:void Adafruit_ssd1306syp::display_off()	0	static
Adafruit_ssd1306syp.cpp:152:6:void Adafruit_ssd1306syp::startDataSequence()	8	static
Adafruit_ssd1306syp.cpp:159:6:virtual void Adafruit_ssd1306syp::update()	24	static
Adafruit_ssd1306syp.cpp:182:6:virtual void Adafruit_ssd1306syp::updateRow(int)	16	static
