Archive member included to satisfy reference by file (symbol)

../../tools/gcc-arm-none-eabi-8-2018-q4-major/arm-none-eabi/lib/thumb/v7-m/nofp/libc.a(lib_a-atof.o)
                              build_arm_cortex_m3_base_application_stm32l/WString.o (atof)
../../tools/gcc-arm-none-eabi-8-2018-q4-major/arm-none-eabi/lib/thumb/v7-m/nofp/libc.a(lib_a-atol.o)
                              build_arm_cortex_m3_base_application_stm32l/WString.o (atol)
../../tools/gcc-arm-none-eabi-8-2018-q4-major/arm-none-eabi/lib/thumb/v7-m/nofp/libc.a(lib_a-isspace.o)
                              build_arm_cortex_m3_base_application_stm32l/WString.o (isspace)
../../tools/gcc-arm-none-eabi-8-2018-q4-major/arm-none-eabi/lib/thumb/v7-m/nofp/libc.a(lib_a-malloc.o)
                              build_arm_cortex_m3_base_application_stm32l/message.o (malloc)
../../tools/gcc-arm-none-eabi-8-2018-q4-major/arm-none-eabi/lib/thumb/v7-m/nofp/libc.a(lib_a-mallocr.o)
                              ../../tools/gcc-arm-none-eabi-8-2018-q4-major/arm-none-eabi/lib/thumb/v7-m/nofp/libc.a(lib_a-malloc.o) (_malloc_r)
../../tools/gcc-arm-none-eabi-8-2018-q4-major/arm-none-eabi/lib/thumb/v7-m/nofp/libc.a(lib_a-memcmp.o)
                              build_arm_cortex_m3_base_application_stm32l/task_fw.o (memcmp)
../../tools/gcc-arm-none-eabi-8-2018-q4-major/arm-none-eabi/lib/thumb/v7-m/nofp/libc.a(lib_a-memcpy.o)
                              build_arm_cortex_m3_base_application_stm32l/message.o (memcpy)
../../tools/gcc-arm-none-eabi-8-2018-q4-major/arm-none-eabi/lib/thumb/v7-m/nofp/libc.a(lib_a-memmove.o)
                              build_arm_cortex_m3_base_application_stm32l/PubSubClient.o (memmove)
../../tools/gcc-arm-none-eabi-8-2018-q4-major/arm-none-eabi/lib/thumb/v7-m/nofp/libc.a(lib_a-memset.o)
                              build_arm_cortex_m3_base_application_stm32l/xprintf.o (memset)
../../tools/gcc-arm-none-eabi-8-2018-q4-major/arm-none-eabi/lib/thumb/v7-m/nofp/libc.a(lib_a-mlock.o)
                              ../../tools/gcc-arm-none-eabi-8-2018-q4-major/arm-none-eabi/lib/thumb/v7-m/nofp/libc.a(lib_a-mallocr.o) (__malloc_lock)
../../tools/gcc-arm-none-eabi-8-2018-q4-major/arm-none-eabi/lib/thumb/v7-m/nofp/libc.a(lib_a-rand.o)
                              build_arm_cortex_m3_base_application_stm32l/WMath.o (srand)
../../tools/gcc-arm-none-eabi-8-2018-q4-major/arm-none-eabi/lib/thumb/v7-m/nofp/libc.a(lib_a-realloc.o)
                              build_arm_cortex_m3_base_application_stm32l/MPU6050.o (realloc)
../../tools/gcc-arm-none-eabi-8-2018-q4-major/arm-none-eabi/lib/thumb/v7-m/nofp/libc.a(lib_a-reallocr.o)
                              ../../tools/gcc-arm-none-eabi-8-2018-q4-major/arm-none-eabi/lib/thumb/v7-m/nofp/libc.a(lib_a-realloc.o) (_realloc_r)
../../tools/gcc-arm-none-eabi-8-2018-q4-major/arm-none-eabi/lib/thumb/v7-m/nofp/libc.a(lib_a-sbrkr.o)
                              ../../tools/gcc-arm-none-eabi-8-2018-q4-major/arm-none-eabi/lib/thumb/v7-m/nofp/libc.a(lib_a-mallocr.o) (_sbrk_r)
../../tools/gcc-arm-none-eabi-8-2018-q4-major/arm-none-eabi/lib/thumb/v7-m/nofp/libc.a(lib_a-strcat.o)
                              build_arm_cortex_m3_base_application_stm32l/dtostrf.o (strcat)
../../tools/gcc-arm-none-eabi-8-2018-q4-major/arm-none-eabi/lib/thumb/v7-m/nofp/libc.a(lib_a-strchr.o)
                              build_arm_cortex_m3_base_application_stm32l/WString.o (strchr)
../../tools/gcc-arm-none-eabi-8-2018-q4-major/arm-none-eabi/lib/thumb/v7-m/nofp/libc.a(lib_a-strcmp.o)
                              build_arm_cortex_m3_base_application_stm32l/cmd_line.o (strcmp)
../../tools/gcc-arm-none-eabi-8-2018-q4-major/arm-none-eabi/lib/thumb/v7-m/nofp/libc.a(lib_a-strcpy.o)
                              build_arm_cortex_m3_base_application_stm32l/sys_dbg.o (strcpy)
../../tools/gcc-arm-none-eabi-8-2018-q4-major/arm-none-eabi/lib/thumb/v7-m/nofp/libc.a(lib_a-strlen-stub.o)
                              build_arm_cortex_m3_base_application_stm32l/qrcode.o (strlen)
../../tools/gcc-arm-none-eabi-8-2018-q4-major/arm-none-eabi/lib/thumb/v7-m/nofp/libc.a(lib_a-strncmp.o)
                              build_arm_cortex_m3_base_application_stm32l/WString.o (strncmp)
../../tools/gcc-arm-none-eabi-8-2018-q4-major/arm-none-eabi/lib/thumb/v7-m/nofp/libc.a(lib_a-strncpy.o)
                              build_arm_cortex_m3_base_application_stm32l/WString.o (strncpy)
../../tools/gcc-arm-none-eabi-8-2018-q4-major/arm-none-eabi/lib/thumb/v7-m/nofp/libc.a(lib_a-strrchr.o)
                              build_arm_cortex_m3_base_application_stm32l/WString.o (strrchr)
../../tools/gcc-arm-none-eabi-8-2018-q4-major/arm-none-eabi/lib/thumb/v7-m/nofp/libc.a(lib_a-strstr.o)
                              build_arm_cortex_m3_base_application_stm32l/WString.o (strstr)
../../tools/gcc-arm-none-eabi-8-2018-q4-major/arm-none-eabi/lib/thumb/v7-m/nofp/libc.a(lib_a-strtod.o)
[...]
Memory Configuration

Name             Origin             Length             Attributes
FLASH            0x0000000008000000 0x000000000000d800 xr
SRAM             0x0000000020000000 0x0000000000004000 xrw
*default*        0x0000000000000000 0xffffffffffffffff

Linker script and memory map

                0x0000000000000400                HEAP_SIZE = 0x400

.start_flash    0x0000000008000000        0x0
                0x0000000008000000                _start_flash = .

.isr_vector     0x0000000008000000       0xf4
                0x0000000008000000                _isr_vector = .
 *(.isr_vector)
 .isr_vector    0x0000000008000000       0xf4 build_arm_cortex_m3_base_application_stm32l/system.o
                0x0000000008000000                isr_vector
                0x00000000080000f4                . = ALIGN (0x4)

.text           0x00000000080000f8     0xc0f0
                0x00000000080000f8                . = ALIGN (0x4)
 *(.text)
 .text          0x00000000080000f8        0x4 build_arm_cortex_m3_base_application_stm32l/sys_ctrl.o
                0x00000000080000f8                asm_test_add
 .text          0x00000000080000fc       0xec ../../tools/gcc-arm-none-eabi-8-2018-q4-major/arm-none-eabi/lib/thumb/v7-m/nofp/libc.a(lib_a-memcpy.o)
                0x00000000080000fc                memcpy
 .text          0x00000000080001e8      0x1bc ../../tools/gcc-arm-none-eabi-8-2018-q4-major/arm-none-eabi/lib/thumb/v7-m/nofp/libc.a(lib_a-strcmp.o)
                0x00000000080001e8                strcmp
 .text          0x00000000080003a4      0x378 ../../tools/gcc-arm-none-eabi-8-2018-q4-major/lib/gcc/arm-none-eabi/8.2.1/thumb/v7-m/nofp/libgcc.a(_arm_addsubdf3.o)
                0x00000000080003a4                __aeabi_drsub
                0x00000000080003ac                __aeabi_dsub
                0x00000000080003ac                __subdf3
                0x00000000080003b0                __adddf3
                0x00000000080003b0                __aeabi_dadd
                0x0000000008000628                __aeabi_ui2d
                0x0000000008000628                __floatunsidf
                0x0000000008000648                __floatsidf
                0x0000000008000648                __aeabi_i2d
                0x000000000800066c                __extendsfdf2
                0x000000000800066c                __aeabi_f2d
                0x00000000080006b0                __aeabi_ul2d
                0x00000000080006b0                __floatundidf
                0x00000000080006c0                __floatdidf
                0x00000000080006c0                __aeabi_l2d
 .text          0x000000000800071c      0x424 ../../tools/gcc-arm-none-eabi-8-2018-q4-major/lib/gcc/arm-none-eabi/8.2.1/thumb/v7-m/nofp/libgcc.a(_arm_muldivdf3.o)
                0x000000000800071c                __aeabi_dmul
                0x000000000800071c                __muldf3
                0x0000000008000970                __aeabi_ddiv
                0x0000000008000970                __divdf3
 .text          0x0000000008000b40       0x40 ../../tools/gcc-arm-none-eabi-8-2018-q4-major/lib/gcc/arm-none-eabi/8.2.1/thumb/v7-m/nofp/libgcc.a(_arm_fixunsdfsi.o)
                0x0000000008000b40                __fixunsdfsi
                0x0000000008000b40                __aeabi_d2uiz
 .text          0x0000000008000b80      0x21c ../../tools/gcc-arm-none-eabi-8-2018-q4-major/lib/gcc/arm-none-eabi/8.2.1/thumb/v7-m/nofp/libgcc.a(_arm_addsubsf3.o)
                0x0000000008000b80                __aeabi_frsub
                0x0000000008000b88                __subsf3
                0x0000000008000b88                __aeabi_fsub
                0x0000000008000b8c                __aeabi_fadd
                0x0000000008000b8c                __addsf3
                0x0000000008000cec                __aeabi_ui2f
                0x0000000008000cec                __floatunsisf
                0x0000000008000cf4                __aeabi_i2f
                0x0000000008000cf4                __floatsisf
                0x0000000008000d10                __floatundisf
                0x0000000008000d10                __aeabi_ul2f
                0x0000000008000d20                __floatdisf
                0x0000000008000d20                __aeabi_l2f
 *(.text*)
 .text.fsm_dispatch
                0x0000000008000d9c        0x8 build_arm_cortex_m3_base_application_stm32l/fsm.o
                0x0000000008000d9c                fsm_dispatch
 .text.task_create
                0x0000000008000da4       0x44 build_arm_cortex_m3_base_application_stm32l/task.o
                0x0000000008000da4                task_create
 .text.task_post
                0x0000000008000de8       0x90 build_arm_cortex_m3_base_application_stm32l/task.o
                0x0000000008000de8                task_post
 .text.task_remove_msg
                0x0000000008000e78       0x9c build_arm_cortex_m3_base_application_stm32l/task.o
                0x0000000008000e78                task_remove_msg
 .text.task_post_pure_msg
                0x0000000008000f14       0x18 build_arm_cortex_m3_base_application_stm32l/task.o
                0x0000000008000f14                task_post_pure_msg
 .text.task_post_common_msg
                0x0000000008000f2c       0x28 build_arm_cortex_m3_base_application_stm32l/task.o
                0x0000000008000f2c                task_post_common_msg
 .text.task_entry_interrupt
                0x0000000008000f54       0x38 build_arm_cortex_m3_base_application_stm32l/task.o
                0x0000000008000f54                task_entry_interrupt
 .text.task_exit_interrupt
                0x0000000008000f8c       0x24 build_arm_cortex_m3_base_application_stm32l/task.o
                0x0000000008000f8c                task_exit_interrupt
 .text.task_init
                0x0000000008000fb0       0x40 build_arm_cortex_m3_base_application_stm32l/task.o
                0x0000000008000fb0                task_init
 .text.task_run
                0x0000000008000ff0      0x164 build_arm_cortex_m3_base_application_stm32l/task.o
                0x0000000008000ff0                task_run
 .text.get_current_task_id
                0x0000000008001154        0xc build_arm_cortex_m3_base_application_stm32l/task.o
                0x0000000008001154                get_current_task_id
 .text.get_current_task_info
                0x0000000008001160        0x8 build_arm_cortex_m3_base_application_stm32l/task.o
                0x0000000008001160                get_current_task_info
 .text.get_current_active_object
                0x0000000008001168        0x8 build_arm_cortex_m3_base_application_stm32l/task.o
                0x0000000008001168                get_current_active_object
 .text.timer_remove_msg
                0x0000000008001170       0x5c build_arm_cortex_m3_base_application_stm32l/timer.o
 .text.task_timer_tick
                0x00000000080011cc       0x9c build_arm_cortex_m3_base_application_stm32l/timer.o
                0x00000000080011cc                task_timer_tick
 .text.timer_init
                0x0000000008001268       0x54 build_arm_cortex_m3_base_application_stm32l/timer.o
                0x0000000008001268                timer_init
 .text.timer_tick
                0x00000000080012bc       0x38 build_arm_cortex_m3_base_application_stm32l/timer.o
                0x00000000080012bc                timer_tick
 .text.timer_set
                0x00000000080012f4       0x98 build_arm_cortex_m3_base_application_stm32l/timer.o
                0x00000000080012f4                timer_set
 .text.timer_remove_attr
                0x000000000800138c       0x18 build_arm_cortex_m3_base_application_stm32l/timer.o
                0x000000000800138c                timer_remove_attr
 .text.msg_init
                0x00000000080013a4       0xc0 build_arm_cortex_m3_base_application_stm32l/message.o
                0x00000000080013a4                msg_init
 .text.msg_free
                0x0000000008001464       0x94 build_arm_cortex_m3_base_application_stm32l/message.o
                0x0000000008001464                msg_free
 .text.msg_inc_ref_count
                0x00000000080014f8       0x2c build_arm_cortex_m3_base_application_stm32l/message.o
                0x00000000080014f8                msg_inc_ref_count
 .text.ak_malloc
                0x0000000008001524       0x5c build_arm_cortex_m3_base_application_stm32l/message.o
                0x0000000008001524                ak_malloc
 .text.ak_free  0x0000000008001580        0x4 build_arm_cortex_m3_base_application_stm32l/message.o
                0x0000000008001580                ak_free
 .text.get_pure_msg
                0x0000000008001584       0x40 build_arm_cortex_m3_base_application_stm32l/message.o
                0x0000000008001584                get_pure_msg
 .text.get_common_msg
                0x00000000080015c4       0x44 build_arm_cortex_m3_base_application_stm32l/message.o
                0x00000000080015c4                get_common_msg
 .text.set_data_common_msg
                0x0000000008001608       0x50 build_arm_cortex_m3_base_application_stm32l/message.o
                0x0000000008001608                set_data_common_msg
 .text.get_data_common_msg
                0x0000000008001658       0x28 build_arm_cortex_m3_base_application_stm32l/message.o
                0x0000000008001658                get_data_common_msg
 .text.get_data_len_common_msg
                0x0000000008001680       0x28 build_arm_cortex_m3_base_application_stm32l/message.o
                0x0000000008001680                get_data_len_common_msg
 .text.get_dynamic_msg
                0x00000000080016a8       0x44 build_arm_cortex_m3_base_application_stm32l/message.o
                0x00000000080016a8                get_dynamic_msg
 .text.set_data_dynamic_msg
                0x00000000080016ec       0x3c build_arm_cortex_m3_base_application_stm32l/message.o
                0x00000000080016ec                set_data_dynamic_msg
 .text.get_data_dynamic_msg
                0x0000000008001728       0x28 build_arm_cortex_m3_base_application_stm32l/message.o
                0x0000000008001728                get_data_dynamic_msg
 .text.get_data_len_dynamic_msg
                0x0000000008001750        0x4 build_arm_cortex_m3_base_application_stm32l/message.o
                0x0000000008001750                get_data_len_dynamic_msg
 .text.log_queue_init
                0x0000000008001754       0x30 build_arm_cortex_m3_base_application_stm32l/log_queue.o
                0x0000000008001754                log_queue_init
 .text.log_queue_len
                0x0000000008001784        0x4 build_arm_cortex_m3_base_application_stm32l/log_queue.o
                0x0000000008001784                log_queue_len
 .text.log_queue_put
                0x0000000008001788       0x60 build_arm_cortex_m3_base_application_stm32l/log_queue.o
                0x0000000008001788                log_queue_put
 .text.log_queue_get
                0x00000000080017e8       0x30 build_arm_cortex_m3_base_application_stm32l/log_queue.o
                0x00000000080017e8                log_queue_get
 .text.fifo_init
                0x0000000008001818       0x14 build_arm_cortex_m3_base_application_stm32l/fifo.o
                0x0000000008001818                fifo_init
 .text.fifo_availble
                0x000000000800182c        0x4 build_arm_cortex_m3_base_application_stm32l/fifo.o
                0x000000000800182c                fifo_availble
 .text.fifo_is_full
                0x0000000008001830       0x10 build_arm_cortex_m3_base_application_stm32l/fifo.o
                0x0000000008001830                fifo_is_full
 .text.fifo_put
                0x0000000008001840       0x58 build_arm_cortex_m3_base_application_stm32l/fifo.o
                0x0000000008001840                fifo_put
 .text.fifo_get
                0x0000000008001898       0x54 build_arm_cortex_m3_base_application_stm32l/fifo.o
                0x0000000008001898                fifo_get
 .text.ring_buffer_char_init
                0x00000000080018ec        0xc build_arm_cortex_m3_base_application_stm32l/ring_buffer.o
                0x00000000080018ec                ring_buffer_char_init
 .text.ring_buffer_char_is_empty
                0x00000000080018f8        0xc build_arm_cortex_m3_base_application_stm32l/ring_buffer.o
                0x00000000080018f8                ring_buffer_char_is_empty
 .text.ring_buffer_char_put
                0x0000000008001904       0x38 build_arm_cortex_m3_base_application_stm32l/ring_buffer.o
                0x0000000008001904                ring_buffer_char_put
 .text.ring_buffer_char_get
                0x000000000800193c       0x2c build_arm_cortex_m3_base_application_stm32l/ring_buffer.o
                0x000000000800193c                ring_buffer_char_get
 .text.mem_read
                0x0000000008001968       0x20 build_arm_cortex_m3_base_application_stm32l/utils.o
                0x0000000008001968                mem_read
 .text.mem_write
                0x0000000008001988       0x20 build_arm_cortex_m3_base_application_stm32l/utils.o
                0x0000000008001988                mem_write
 .text.xputc    0x00000000080019a8       0x28 build_arm_cortex_m3_base_application_stm32l/xprintf.o
                0x00000000080019a8                xputc
 .text.sxputc   0x00000000080019d0       0x10 build_arm_cortex_m3_base_application_stm32l/xprintf.o
                0x00000000080019d0                sxputc
 .text.xputchar
                0x00000000080019e0        0xc build_arm_cortex_m3_base_application_stm32l/xprintf.o
                0x00000000080019e0                xputchar
 .text.xstream  0x00000000080019ec      0x18c build_arm_cortex_m3_base_application_stm32l/xprintf.o
                0x00000000080019ec                xstream
 .text.xprintf  0x0000000008001b78       0x28 build_arm_cortex_m3_base_application_stm32l/xprintf.o
                0x0000000008001b78                xprintf
 .text.set_dymc_output_type
                0x0000000008001ba0       0x18 build_arm_cortex_m3_base_application_stm32l/xprintf.o
                0x0000000008001ba0                set_dymc_output_type
 .text.xdymcprintf
                0x0000000008001bb8       0x74 build_arm_cortex_m3_base_application_stm32l/xprintf.o
                0x0000000008001bb8                xdymcprintf
 .text.cmd_line_parser
                0x0000000008001c2c       0x84 build_arm_cortex_m3_base_application_stm32l/cmd_line.o
                0x0000000008001c2c                cmd_line_parser
 .text.button_init
                0x0000000008001cb0       0x34 build_arm_cortex_m3_base_application_stm32l/button.o
                0x0000000008001cb0                button_init
 .text.button_enable
                0x0000000008001ce4        0x8 build_arm_cortex_m3_base_application_stm32l/button.o
                0x0000000008001ce4                button_enable
 .text.button_timer_polling
                0x0000000008001cec       0x78 build_arm_cortex_m3_base_application_stm32l/button.o
                0x0000000008001cec                button_timer_polling
 .text.flash_wait_to_idle
                0x0000000008001d64       0x44 build_arm_cortex_m3_base_application_stm32l/flash.o
 .text.flash_set_write_enable.constprop.0
                0x0000000008001da8       0x1c build_arm_cortex_m3_base_application_stm32l/flash.o
 .text.flash_read
                0x0000000008001dc4       0x4c build_arm_cortex_m3_base_application_stm32l/flash.o
                0x0000000008001dc4                flash_read
 .text.flash_write
                0x0000000008001e10       0x88 build_arm_cortex_m3_base_application_stm32l/flash.o
                0x0000000008001e10                flash_write
 .text.flash_erase_sector
                0x0000000008001e98       0x48 build_arm_cortex_m3_base_application_stm32l/flash.o
                0x0000000008001e98                flash_erase_sector
 .text.flash_erase_block_64k
                0x0000000008001ee0       0x48 build_arm_cortex_m3_base_application_stm32l/flash.o
                0x0000000008001ee0                flash_erase_block_64k
 .text.flash_erase_full
                0x0000000008001f28       0x28 build_arm_cortex_m3_base_application_stm32l/flash.o
                0x0000000008001f28                flash_erase_full
 .text.led_init
                0x0000000008001f50       0x20 build_arm_cortex_m3_base_application_stm32l/led.o
                0x0000000008001f50                led_init
 .text.led_toggle
                0x0000000008001f70       0x20 build_arm_cortex_m3_base_application_stm32l/led.o
                0x0000000008001f70                led_toggle
 .text.applyMask
                0x0000000008001f90      0x15c build_arm_cortex_m3_base_application_stm32l/qrcode.o
 .text.setFunctionModule
                0x00000000080020ec       0x4c build_arm_cortex_m3_base_application_stm32l/qrcode.o
 .text.drawFinderPattern
                0x0000000008002138       0x90 build_arm_cortex_m3_base_application_stm32l/qrcode.o
 .text.drawFormatBits
                0x00000000080021c8      0x120 build_arm_cortex_m3_base_application_stm32l/qrcode.o
 .text.qrcode_getBufferSize
                0x00000000080022e8       0x10 build_arm_cortex_m3_base_application_stm32l/qrcode.o
                0x00000000080022e8                qrcode_getBufferSize
 .text.qrcode_initBytes
                0x00000000080022f8      0xe5c build_arm_cortex_m3_base_application_stm32l/qrcode.o
                0x00000000080022f8                qrcode_initBytes
 .text.qrcode_initText
                0x0000000008003154       0x30 build_arm_cortex_m3_base_application_stm32l/qrcode.o
                0x0000000008003154                qrcode_initText
 .text.qrcode_getModule
                0x0000000008003184       0x28 build_arm_cortex_m3_base_application_stm32l/qrcode.o
                0x0000000008003184                qrcode_getModule
 .text.sys_dbg_fatal
                0x00000000080031ac      0x458 build_arm_cortex_m3_base_application_stm32l/sys_dbg.o
                0x00000000080031ac                sys_dbg_fatal
 .text.sys_dbg_func_stack_dump
                0x0000000008003604        0x4 build_arm_cortex_m3_base_application_stm32l/sys_dbg.o
                0x0000000008003604                sys_dbg_func_stack_dump
 .text.sys_dbg_cpu_dump
                0x0000000008003608       0x4c build_arm_cortex_m3_base_application_stm32l/sys_dbg.o
                0x0000000008003608                sys_dbg_cpu_dump
 .text.sys_dbg_stack_space_dump
                0x0000000008003654       0x34 build_arm_cortex_m3_base_application_stm32l/sys_dbg.o
                0x0000000008003654                sys_dbg_stack_space_dump
 .text.sys_boot_init
                0x0000000008003688        0x4 build_arm_cortex_m3_base_application_stm32l/sys_boot.o
                0x0000000008003688                sys_boot_init
 .text.sys_boot_get
                0x000000000800368c        0x4 build_arm_cortex_m3_base_application_stm32l/sys_boot.o
                0x000000000800368c                sys_boot_get
 .text.sys_boot_set
                0x0000000008003690        0x4 build_arm_cortex_m3_base_application_stm32l/sys_boot.o
                0x0000000008003690                sys_boot_set
 .text.sys_svc_restart_app
                0x0000000008003694        0x4 build_arm_cortex_m3_base_application_stm32l/sys_svc.o
                0x0000000008003694                sys_svc_restart_app
 .text.hal_nrf_rw
                0x0000000008003698        0x4 build_arm_cortex_m3_base_application_stm32l/hal_nrf_hw.o
                0x0000000008003698                hal_nrf_rw
 .text.hal_nrf_read_rx_pl_w
                0x000000000800369c       0x1c build_arm_cortex_m3_base_application_stm32l/hal_nrf_l01.o
                0x000000000800369c                hal_nrf_read_rx_pl_w
 .text.hal_nrf_get_rx_data_source
                0x00000000080036b8       0x18 build_arm_cortex_m3_base_application_stm32l/hal_nrf_l01.o
                0x00000000080036b8                hal_nrf_get_rx_data_source
 .text.hal_nrf_rx_fifo_empty
                0x00000000080036d0       0x14 build_arm_cortex_m3_base_application_stm32l/hal_nrf_l01.o
                0x00000000080036d0                hal_nrf_rx_fifo_empty
 .text.hal_nrf_read_reg
                0x00000000080036e4       0x20 build_arm_cortex_m3_base_application_stm32l/hal_nrf_l01.o
                0x00000000080036e4                hal_nrf_read_reg
 .text.hal_nrf_write_reg
                0x0000000008003704       0x5c build_arm_cortex_m3_base_application_stm32l/hal_nrf_l01.o
                0x0000000008003704                hal_nrf_write_reg
 .text.hal_nrf_set_irq_mode
                0x0000000008003760       0x38 build_arm_cortex_m3_base_application_stm32l/hal_nrf_l01.o
                0x0000000008003760                hal_nrf_set_irq_mode
 .text.hal_nrf_get_clear_irq_flags
                0x0000000008003798       0x10 build_arm_cortex_m3_base_application_stm32l/hal_nrf_l01.o
                0x0000000008003798                hal_nrf_get_clear_irq_flags
 .text.hal_nrf_set_crc_mode
                0x00000000080037a8       0x20 build_arm_cortex_m3_base_application_stm32l/hal_nrf_l01.o
                0x00000000080037a8                hal_nrf_set_crc_mode
 .text.hal_nrf_open_pipe
                0x00000000080037c8       0x78 build_arm_cortex_m3_base_application_stm32l/hal_nrf_l01.o
                0x00000000080037c8                hal_nrf_open_pipe
 .text.hal_nrf_close_pipe
                0x0000000008003840       0x54 build_arm_cortex_m3_base_application_stm32l/hal_nrf_l01.o
                0x0000000008003840                hal_nrf_close_pipe
 .text.hal_nrf_set_auto_retr
                0x0000000008003894       0x1c build_arm_cortex_m3_base_application_stm32l/hal_nrf_l01.o
                0x0000000008003894                hal_nrf_set_auto_retr
 .text.hal_nrf_set_address_width
                0x00000000080038b0        0xc build_arm_cortex_m3_base_application_stm32l/hal_nrf_l01.o
                0x00000000080038b0                hal_nrf_set_address_width
 .text.hal_nrf_set_rx_pload_width
                0x00000000080038bc        0x8 build_arm_cortex_m3_base_application_stm32l/hal_nrf_l01.o
                0x00000000080038bc                hal_nrf_set_rx_pload_width
 .text.hal_nrf_set_operation_mode
                0x00000000080038c4       0x30 build_arm_cortex_m3_base_application_stm32l/hal_nrf_l01.o
                0x00000000080038c4                hal_nrf_set_operation_mode
 .text.hal_nrf_set_power_mode
                0x00000000080038f4       0x30 build_arm_cortex_m3_base_application_stm32l/hal_nrf_l01.o
                0x00000000080038f4                hal_nrf_set_power_mode
 .text.hal_nrf_set_rf_channel
                0x0000000008003924        0x8 build_arm_cortex_m3_base_application_stm32l/hal_nrf_l01.o
                0x0000000008003924                hal_nrf_set_rf_channel
 .text.hal_nrf_set_output_power
                0x000000000800392c       0x20 build_arm_cortex_m3_base_application_stm32l/hal_nrf_l01.o
                0x000000000800392c                hal_nrf_set_output_power
 .text.hal_nrf_set_datarate
                0x000000000800394c       0x30 build_arm_cortex_m3_base_application_stm32l/hal_nrf_l01.o
                0x000000000800394c                hal_nrf_set_datarate
 .text.hal_nrf_flush_rx
                0x000000000800397c        0x8 build_arm_cortex_m3_base_application_stm32l/hal_nrf_l01.o
                0x000000000800397c                hal_nrf_flush_rx
 .text.hal_nrf_flush_tx
                0x0000000008003984        0x8 build_arm_cortex_m3_base_application_stm32l/hal_nrf_l01.o
                0x0000000008003984                hal_nrf_flush_tx
 .text.hal_nrf_set_lna_gain
                0x000000000800398c       0x30 build_arm_cortex_m3_base_application_stm32l/hal_nrf_l01.o
                0x000000000800398c                hal_nrf_set_lna_gain
 .text.hal_nrf_read_multibyte_reg
                0x00000000080039bc       0x84 build_arm_cortex_m3_base_application_stm32l/hal_nrf_l01.o
                0x00000000080039bc                hal_nrf_read_multibyte_reg
 .text.hal_nrf_read_rx_pload
                0x0000000008003a40        0x8 build_arm_cortex_m3_base_application_stm32l/hal_nrf_l01.o
                0x0000000008003a40                hal_nrf_read_rx_pload
 .text.hal_nrf_write_multibyte_reg
                0x0000000008003a48       0x5c build_arm_cortex_m3_base_application_stm32l/hal_nrf_l01.o
                0x0000000008003a48                hal_nrf_write_multibyte_reg
 .text.hal_nrf_set_address
                0x0000000008003aa4       0x2c build_arm_cortex_m3_base_application_stm32l/hal_nrf_l01.o
                0x0000000008003aa4                hal_nrf_set_address
 .text.hal_nrf_write_tx_pload
                0x0000000008003ad0        0xc build_arm_cortex_m3_base_application_stm32l/hal_nrf_l01.o
                0x0000000008003ad0                hal_nrf_write_tx_pload
 .text.GPIO_Init
                0x0000000008003adc       0x84 build_arm_cortex_m3_base_application_stm32l/stm32l1xx_gpio.o
                0x0000000008003adc                GPIO_Init
 .text.GPIO_ReadInputDataBit
                0x0000000008003b60        0xc build_arm_cortex_m3_base_application_stm32l/stm32l1xx_gpio.o
                0x0000000008003b60                GPIO_ReadInputDataBit
 .text.GPIO_SetBits
                0x0000000008003b6c        0x4 build_arm_cortex_m3_base_application_stm32l/stm32l1xx_gpio.o
                0x0000000008003b6c                GPIO_SetBits
 .text.GPIO_ResetBits
                0x0000000008003b70        0x4 build_arm_cortex_m3_base_application_stm32l/stm32l1xx_gpio.o
                0x0000000008003b70                GPIO_ResetBits
 .text.GPIO_PinAFConfig
                0x0000000008003b74       0x28 build_arm_cortex_m3_base_application_stm32l/stm32l1xx_gpio.o
                0x0000000008003b74                GPIO_PinAFConfig
 .text.RCC_HSICmd
                0x0000000008003b9c        0xc build_arm_cortex_m3_base_application_stm32l/stm32l1xx_rcc.o
                0x0000000008003b9c                RCC_HSICmd
 .text.RCC_GetClocksFreq
                0x0000000008003ba8       0xac build_arm_cortex_m3_base_application_stm32l/stm32l1xx_rcc.o
                0x0000000008003ba8                RCC_GetClocksFreq
 .text.RCC_AHBPeriphClockCmd
                0x0000000008003c54       0x18 build_arm_cortex_m3_base_application_stm32l/stm32l1xx_rcc.o
                0x0000000008003c54                RCC_AHBPeriphClockCmd
 .text.RCC_APB2PeriphClockCmd
                0x0000000008003c6c       0x18 build_arm_cortex_m3_base_application_stm32l/stm32l1xx_rcc.o
                0x0000000008003c6c                RCC_APB2PeriphClockCmd
 .text.RCC_APB1PeriphClockCmd
                0x0000000008003c84       0x18 build_arm_cortex_m3_base_application_stm32l/stm32l1xx_rcc.o
                0x0000000008003c84                RCC_APB1PeriphClockCmd
 .text.RCC_APB2PeriphResetCmd
                0x0000000008003c9c       0x18 build_arm_cortex_m3_base_application_stm32l/stm32l1xx_rcc.o
                0x0000000008003c9c                RCC_APB2PeriphResetCmd
 .text.RCC_APB1PeriphResetCmd
                0x0000000008003cb4       0x18 build_arm_cortex_m3_base_application_stm32l/stm32l1xx_rcc.o
                0x0000000008003cb4                RCC_APB1PeriphResetCmd
 .text.RCC_GetFlagStatus
                0x0000000008003ccc       0x20 build_arm_cortex_m3_base_application_stm32l/stm32l1xx_rcc.o
                0x0000000008003ccc                RCC_GetFlagStatus
 .text.USART_Init
                0x0000000008003cec       0xb4 build_arm_cortex_m3_base_application_stm32l/stm32l1xx_usart.o
                0x0000000008003cec                USART_Init
 .text.USART_Cmd
                0x0000000008003da0       0x18 build_arm_cortex_m3_base_application_stm32l/stm32l1xx_usart.o
                0x0000000008003da0                USART_Cmd
 .text.USART_SendData
                0x0000000008003db8        0x8 build_arm_cortex_m3_base_application_stm32l/stm32l1xx_usart.o
                0x0000000008003db8                USART_SendData
 .text.USART_ReceiveData
                0x0000000008003dc0        0x8 build_arm_cortex_m3_base_application_stm32l/stm32l1xx_usart.o
                0x0000000008003dc0                USART_ReceiveData
 .text.USART_ITConfig
                0x0000000008003dc8       0x38 build_arm_cortex_m3_base_application_stm32l/stm32l1xx_usart.o
                0x0000000008003dc8                USART_ITConfig
 .text.USART_GetFlagStatus
                0x0000000008003e00        0xc build_arm_cortex_m3_base_application_stm32l/stm32l1xx_usart.o
                0x0000000008003e00                USART_GetFlagStatus
 .text.USART_GetITStatus
                0x0000000008003e0c       0x44 build_arm_cortex_m3_base_application_stm32l/stm32l1xx_usart.o
                0x0000000008003e0c                USART_GetITStatus
 .text.USART_ClearITPendingBit
                0x0000000008003e50       0x10 build_arm_cortex_m3_base_application_stm32l/stm32l1xx_usart.o
                0x0000000008003e50                USART_ClearITPendingBit
 .text.SPI_I2S_DeInit
                0x0000000008003e60       0x6c build_arm_cortex_m3_base_application_stm32l/stm32l1xx_spi.o
                0x0000000008003e60                SPI_I2S_DeInit
 .text.SPI_Init
                0x0000000008003ecc       0x40 build_arm_cortex_m3_base_application_stm32l/stm32l1xx_spi.o
                0x0000000008003ecc                SPI_Init
 .text.SPI_Cmd  0x0000000008003f0c       0x18 build_arm_cortex_m3_base_application_stm32l/stm32l1xx_spi.o
                0x0000000008003f0c                SPI_Cmd
 .text.SPI_I2S_ReceiveData
                0x0000000008003f24        0x4 build_arm_cortex_m3_base_application_stm32l/stm32l1xx_spi.o
                0x0000000008003f24                SPI_I2S_ReceiveData
 .text.SPI_I2S_SendData
                0x0000000008003f28        0x4 build_arm_cortex_m3_base_application_stm32l/stm32l1xx_spi.o
                0x0000000008003f28                SPI_I2S_SendData
 .text.SPI_I2S_GetFlagStatus
                0x0000000008003f2c        0xc build_arm_cortex_m3_base_application_stm32l/stm32l1xx_spi.o
                0x0000000008003f2c                SPI_I2S_GetFlagStatus
 .text.NVIC_PriorityGroupConfig
                0x0000000008003f38       0x14 build_arm_cortex_m3_base_application_stm32l/misc.o
                0x0000000008003f38                NVIC_PriorityGroupConfig
 .text.NVIC_Init
                0x0000000008003f4c       0x5c build_arm_cortex_m3_base_application_stm32l/misc.o
                0x0000000008003f4c                NVIC_Init
 .text.EXTI_Init
                0x0000000008003fa8       0x7c build_arm_cortex_m3_base_application_stm32l/stm32l1xx_exti.o
                0x0000000008003fa8                EXTI_Init
 .text.EXTI_GetFlagStatus
                0x0000000008004024       0x14 build_arm_cortex_m3_base_application_stm32l/stm32l1xx_exti.o
                0x0000000008004024                EXTI_GetFlagStatus
 .text.EXTI_GetITStatus
                0x0000000008004038        0x4 build_arm_cortex_m3_base_application_stm32l/stm32l1xx_exti.o
                0x0000000008004038                EXTI_GetITStatus
 .text.EXTI_ClearITPendingBit
                0x000000000800403c        0xc build_arm_cortex_m3_base_application_stm32l/stm32l1xx_exti.o
                0x000000000800403c                EXTI_ClearITPendingBit
 .text.SYSCFG_EXTILineConfig
                0x0000000008004048       0x30 build_arm_cortex_m3_base_application_stm32l/stm32l1xx_syscfg.o
                0x0000000008004048                SYSCFG_EXTILineConfig
 .text.TIM_TimeBaseInit
                0x0000000008004078       0x5c build_arm_cortex_m3_base_application_stm32l/stm32l1xx_tim.o
                0x0000000008004078                TIM_TimeBaseInit
 .text.TIM_Cmd  0x00000000080040d4       0x18 build_arm_cortex_m3_base_application_stm32l/stm32l1xx_tim.o
                0x00000000080040d4                TIM_Cmd
 .text.TIM_ITConfig
                0x00000000080040ec       0x14 build_arm_cortex_m3_base_application_stm32l/stm32l1xx_tim.o
                0x00000000080040ec                TIM_ITConfig
 .text.TIM_GetITStatus
                0x0000000008004100       0x18 build_arm_cortex_m3_base_application_stm32l/stm32l1xx_tim.o
                0x0000000008004100                TIM_GetITStatus
 .text.TIM_ClearITPendingBit
                0x0000000008004118        0x8 build_arm_cortex_m3_base_application_stm32l/stm32l1xx_tim.o
                0x0000000008004118                TIM_ClearITPendingBit
 .text.ADC_TempSensorVrefintCmd
                0x0000000008004120       0x1c build_arm_cortex_m3_base_application_stm32l/stm32l1xx_adc.o
                0x0000000008004120                ADC_TempSensorVrefintCmd
 .text.ADC_RegularChannelConfig
                0x000000000800413c      0x108 build_arm_cortex_m3_base_application_stm32l/stm32l1xx_adc.o
                0x000000000800413c                ADC_RegularChannelConfig
 .text.ADC_SoftwareStartConv
                0x0000000008004244        0xc build_arm_cortex_m3_base_application_stm32l/stm32l1xx_adc.o
                0x0000000008004244                ADC_SoftwareStartConv
 .text.ADC_GetConversionValue
                0x0000000008004250        0x8 build_arm_cortex_m3_base_application_stm32l/stm32l1xx_adc.o
                0x0000000008004250                ADC_GetConversionValue
 .text.ADC_GetFlagStatus
                0x0000000008004258        0xc build_arm_cortex_m3_base_application_stm32l/stm32l1xx_adc.o
                0x0000000008004258                ADC_GetFlagStatus
 .text.PWR_UltraLowPowerCmd
                0x0000000008004264        0xc build_arm_cortex_m3_base_application_stm32l/stm32l1xx_pwr.o
                0x0000000008004264                PWR_UltraLowPowerCmd
 .text.PWR_EnterSleepMode
                0x0000000008004270       0x38 build_arm_cortex_m3_base_application_stm32l/stm32l1xx_pwr.o
                0x0000000008004270                PWR_EnterSleepMode
 .text.PWR_EnterSTOPMode
                0x00000000080042a8       0x3c build_arm_cortex_m3_base_application_stm32l/stm32l1xx_pwr.o
                0x00000000080042a8                PWR_EnterSTOPMode
 .text.FLASH_Unlock
                0x00000000080042e4       0x38 build_arm_cortex_m3_base_application_stm32l/stm32l1xx_flash.o
                0x00000000080042e4                FLASH_Unlock
 .text.FLASH_Lock
                0x000000000800431c       0x10 build_arm_cortex_m3_base_application_stm32l/stm32l1xx_flash.o
                0x000000000800431c                FLASH_Lock
 .text.DATA_EEPROM_Unlock
                0x000000000800432c       0x20 build_arm_cortex_m3_base_application_stm32l/stm32l1xx_flash.o
                0x000000000800432c                DATA_EEPROM_Unlock
 .text.DATA_EEPROM_Lock
                0x000000000800434c       0x10 build_arm_cortex_m3_base_application_stm32l/stm32l1xx_flash.o
                0x000000000800434c                DATA_EEPROM_Lock
 .text.FLASH_OB_Unlock
                0x000000000800435c       0x38 build_arm_cortex_m3_base_application_stm32l/stm32l1xx_flash.o
                0x000000000800435c                FLASH_OB_Unlock
 .text.FLASH_OB_Launch
                0x0000000008004394       0x10 build_arm_cortex_m3_base_application_stm32l/stm32l1xx_flash.o
                0x0000000008004394                FLASH_OB_Launch
 .text.FLASH_OB_GetBOR
                0x00000000080043a4       0x10 build_arm_cortex_m3_base_application_stm32l/stm32l1xx_flash.o
                0x00000000080043a4                FLASH_OB_GetBOR
 .text.FLASH_ClearFlag
                0x00000000080043b4        0xc build_arm_cortex_m3_base_application_stm32l/stm32l1xx_flash.o
                0x00000000080043b4                FLASH_ClearFlag
 .text.FLASH_GetStatus
                0x00000000080043c0       0x28 build_arm_cortex_m3_base_application_stm32l/stm32l1xx_flash.o
                0x00000000080043c0                FLASH_GetStatus
 .text.FLASH_WaitForLastOperation
                0x00000000080043e8       0x48 build_arm_cortex_m3_base_application_stm32l/stm32l1xx_flash.o
                0x00000000080043e8                FLASH_WaitForLastOperation
 .text.FLASH_ErasePage
                0x0000000008004430       0x48 build_arm_cortex_m3_base_application_stm32l/stm32l1xx_flash.o
                0x0000000008004430                FLASH_ErasePage
 .text.FLASH_FastProgramWord
                0x0000000008004478       0x24 build_arm_cortex_m3_base_application_stm32l/stm32l1xx_flash.o
                0x0000000008004478                FLASH_FastProgramWord
 .text.DATA_EEPROM_FastProgramWord
                0x000000000800449c       0x30 build_arm_cortex_m3_base_application_stm32l/stm32l1xx_flash.o
                0x000000000800449c                DATA_EEPROM_FastProgramWord
 .text.DATA_EEPROM_ProgramByte
                0x00000000080044cc       0x54 build_arm_cortex_m3_base_application_stm32l/stm32l1xx_flash.o
                0x00000000080044cc                DATA_EEPROM_ProgramByte
 .text.FLASH_OB_BORConfig
                0x0000000008004520       0x3c build_arm_cortex_m3_base_application_stm32l/stm32l1xx_flash.o
                0x0000000008004520                FLASH_OB_BORConfig
 .text.IWDG_WriteAccessCmd
                0x000000000800455c        0xc build_arm_cortex_m3_base_application_stm32l/stm32l1xx_iwdg.o
                0x000000000800455c                IWDG_WriteAccessCmd
 .text.IWDG_SetPrescaler
                0x0000000008004568        0xc build_arm_cortex_m3_base_application_stm32l/stm32l1xx_iwdg.o
                0x0000000008004568                IWDG_SetPrescaler
 .text.IWDG_SetReload
                0x0000000008004574        0xc build_arm_cortex_m3_base_application_stm32l/stm32l1xx_iwdg.o
                0x0000000008004574                IWDG_SetReload
 .text.IWDG_ReloadCounter
                0x0000000008004580       0x10 build_arm_cortex_m3_base_application_stm32l/stm32l1xx_iwdg.o
                0x0000000008004580                IWDG_ReloadCounter
 .text.IWDG_Enable
                0x0000000008004590       0x10 build_arm_cortex_m3_base_application_stm32l/stm32l1xx_iwdg.o
                0x0000000008004590                IWDG_Enable
 .text.DAC_Init
                0x00000000080045a0       0x2c build_arm_cortex_m3_base_application_stm32l/stm32l1xx_dac.o
                0x00000000080045a0                DAC_Init
 .text.DAC_Cmd  0x00000000080045cc       0x20 build_arm_cortex_m3_base_application_stm32l/stm32l1xx_dac.o
                0x00000000080045cc                DAC_Cmd
 .text.DAC_SetChannel2Data
                0x00000000080045ec       0x20 build_arm_cortex_m3_base_application_stm32l/stm32l1xx_dac.o
                0x00000000080045ec                DAC_SetChannel2Data
 .text.I2C_SendData
                0x000000000800460c        0x4 build_arm_cortex_m3_base_application_stm32l/stm32l1xx_i2c.o
                0x000000000800460c                I2C_SendData
 .text.I2C_CheckEvent
                0x0000000008004610       0x18 build_arm_cortex_m3_base_application_stm32l/stm32l1xx_i2c.o
                0x0000000008004610                I2C_CheckEvent
 .text.disable_interrupts
                0x0000000008004628       0x10 build_arm_cortex_m3_base_application_stm32l/platform.o
                0x0000000008004628                disable_interrupts
 .text.entry_critical
                0x0000000008004638       0x14 build_arm_cortex_m3_base_application_stm32l/platform.o
                0x0000000008004638                entry_critical
 .text.exit_critical
                0x000000000800464c       0x34 build_arm_cortex_m3_base_application_stm32l/platform.o
                0x000000000800464c                exit_critical
 .text.get_nest_entry_critical_counter
                0x0000000008004680        0xc build_arm_cortex_m3_base_application_stm32l/platform.o
                0x0000000008004680                get_nest_entry_critical_counter
 .text.svc_handler
                0x000000000800468c       0x14 build_arm_cortex_m3_base_application_stm32l/system.o
                0x000000000800468c                svc_handler
 .text.pendsv_handler
                0x00000000080046a0       0x44 build_arm_cortex_m3_base_application_stm32l/system.o
                0x00000000080046a0                pendsv_handler
 .text.default_handler
                0x00000000080046e4       0x1c build_arm_cortex_m3_base_application_stm32l/system.o
                0x00000000080046e4                default_handler
                0x00000000080046e4                dg_monitor_handler
 .text.nmi_handler
                0x0000000008004700       0x1c build_arm_cortex_m3_base_application_stm32l/system.o
                0x0000000008004700                nmi_handler
 .text.hard_fault_handler
                0x000000000800471c       0x1c build_arm_cortex_m3_base_application_stm32l/system.o
                0x000000000800471c                hard_fault_handler
 .text.mem_manage_handler
                0x0000000008004738       0x1c build_arm_cortex_m3_base_application_stm32l/system.o
                0x0000000008004738                mem_manage_handler
 .text.bus_fault_handler
                0x0000000008004754       0x1c build_arm_cortex_m3_base_application_stm32l/system.o
                0x0000000008004754                bus_fault_handler
 .text.usage_fault_handler
                0x0000000008004770       0x1c build_arm_cortex_m3_base_application_stm32l/system.o
                0x0000000008004770                usage_fault_handler
 .text.systick_handler
                0x000000000800478c       0x48 build_arm_cortex_m3_base_application_stm32l/system.o
                0x000000000800478c                systick_handler
 .text.shell_handler
                0x00000000080047d4       0x84 build_arm_cortex_m3_base_application_stm32l/system.o
                0x00000000080047d4                shell_handler
 .text.exti_line1_irq
                0x0000000008004858       0x28 build_arm_cortex_m3_base_application_stm32l/system.o
                0x0000000008004858                exti_line1_irq
 .text.timer6_irq
                0x0000000008004880       0x30 build_arm_cortex_m3_base_application_stm32l/system.o
                0x0000000008004880                timer6_irq
 .text.usart3_irq
                0x00000000080048b0       0x88 build_arm_cortex_m3_base_application_stm32l/system.o
                0x00000000080048b0                usart3_irq
 .text.usart2_irq
                0x0000000008004938       0x24 build_arm_cortex_m3_base_application_stm32l/system.o
                0x0000000008004938                usart2_irq
 .text.timer7_irq
                0x000000000800495c       0x24 build_arm_cortex_m3_base_application_stm32l/system.o
                0x000000000800495c                timer7_irq
 .text.sys_ctrl_delay
                0x0000000008004980        0xc build_arm_cortex_m3_base_application_stm32l/system.o
                0x0000000008004980                sys_ctrl_delay
 .text.reset_handler
                0x000000000800498c       0xf4 build_arm_cortex_m3_base_application_stm32l/system.o
                0x000000000800498c                reset_handler
 .text.sys_ctrl_millis
                0x0000000008004a80       0x20 build_arm_cortex_m3_base_application_stm32l/system.o
                0x0000000008004a80                sys_ctrl_millis
 .text._init    0x0000000008004aa0        0x4 build_arm_cortex_m3_base_application_stm32l/system.o
                0x0000000008004aa0                _init
 .text.svc_exe  0x0000000008004aa4       0x20 build_arm_cortex_m3_base_application_stm32l/system.o
                0x0000000008004aa4                svc_exe
 .text.sys_ctrl_shell_put_char_block
                0x0000000008004ac4       0x2c build_arm_cortex_m3_base_application_stm32l/sys_cfg.o
                0x0000000008004ac4                sys_ctrl_shell_put_char_block
 .text.sys_ctrl_shell_put_char
                0x0000000008004af0       0x38 build_arm_cortex_m3_base_application_stm32l/sys_cfg.o
                0x0000000008004af0                sys_ctrl_shell_put_char
 .text.sys_cfg_clock
                0x0000000008004b28       0x24 build_arm_cortex_m3_base_application_stm32l/sys_cfg.o
                0x0000000008004b28                sys_cfg_clock
 .text.sys_cfg_tick
                0x0000000008004b4c       0x4c build_arm_cortex_m3_base_application_stm32l/sys_cfg.o
                0x0000000008004b4c                sys_cfg_tick
 .text.sys_cfg_console
                0x0000000008004b98      0x108 build_arm_cortex_m3_base_application_stm32l/sys_cfg.o
                0x0000000008004b98                sys_cfg_console
 .text.sys_cfg_svc
                0x0000000008004ca0       0x24 build_arm_cortex_m3_base_application_stm32l/sys_cfg.o
                0x0000000008004ca0                sys_cfg_svc
 .text.sys_cfg_pendsv
                0x0000000008004cc4       0x24 build_arm_cortex_m3_base_application_stm32l/sys_cfg.o
                0x0000000008004cc4                sys_cfg_pendsv
 .text.sys_cfg_update_info
                0x0000000008004ce8      0x114 build_arm_cortex_m3_base_application_stm32l/sys_cfg.o
                0x0000000008004ce8                sys_cfg_update_info
 .text.sys_ctrl_shell_sw_to_block
                0x0000000008004dfc       0x54 build_arm_cortex_m3_base_application_stm32l/sys_cfg.o
                0x0000000008004dfc                sys_ctrl_shell_sw_to_block
 .text.sys_ctrl_shell_sw_to_nonblock
                0x0000000008004e50       0x2c build_arm_cortex_m3_base_application_stm32l/sys_cfg.o
                0x0000000008004e50                sys_ctrl_shell_sw_to_nonblock
 .text.sys_ctrl_shell_get_char
                0x0000000008004e7c       0x40 build_arm_cortex_m3_base_application_stm32l/sys_cfg.o
                0x0000000008004e7c                sys_ctrl_shell_get_char
 .text.sys_ctrl_reset
                0x0000000008004ebc       0x20 build_arm_cortex_m3_base_application_stm32l/sys_cfg.o
                0x0000000008004ebc                sys_ctrl_reset
 .text.sys_ctrl_delay_us
                0x0000000008004edc       0x28 build_arm_cortex_m3_base_application_stm32l/sys_cfg.o
                0x0000000008004edc                sys_ctrl_delay_us
 .text.sys_ctrl_delay_ms
                0x0000000008004f04       0x38 build_arm_cortex_m3_base_application_stm32l/sys_cfg.o
                0x0000000008004f04                sys_ctrl_delay_ms
 .text.sys_ctr_sleep_wait_for_irq
                0x0000000008004f3c        0x8 build_arm_cortex_m3_base_application_stm32l/sys_cfg.o
                0x0000000008004f3c                sys_ctr_sleep_wait_for_irq
 .text.sys_ctr_stop_mcu
                0x0000000008004f44       0xac build_arm_cortex_m3_base_application_stm32l/sys_cfg.o
                0x0000000008004f44                sys_ctr_stop_mcu
 .text.sys_ctr_get_exception_number
                0x0000000008004ff0       0x10 build_arm_cortex_m3_base_application_stm32l/sys_cfg.o
                0x0000000008004ff0                sys_ctr_get_exception_number
 .text.sys_ctr_restart_app
                0x0000000008005000       0x10 build_arm_cortex_m3_base_application_stm32l/sys_cfg.o
                0x0000000008005000                sys_ctr_restart_app
 .text.sys_cfg_restore_app
                0x0000000008005010       0x38 build_arm_cortex_m3_base_application_stm32l/sys_cfg.o
                0x0000000008005010                sys_cfg_restore_app
 .text.sys_ctrl_independent_watchdog_init
                0x0000000008005048       0x24 build_arm_cortex_m3_base_application_stm32l/sys_cfg.o
                0x0000000008005048                sys_ctrl_independent_watchdog_init
 .text.sys_ctrl_independent_watchdog_reset
                0x000000000800506c       0x14 build_arm_cortex_m3_base_application_stm32l/sys_cfg.o
                0x000000000800506c                sys_ctrl_independent_watchdog_reset
 .text.sys_ctrl_soft_watchdog_init
                0x0000000008005080       0x5c build_arm_cortex_m3_base_application_stm32l/sys_cfg.o
                0x0000000008005080                sys_ctrl_soft_watchdog_init
 .text.sys_ctrl_soft_watchdog_reset
                0x00000000080050dc       0x18 build_arm_cortex_m3_base_application_stm32l/sys_cfg.o
                0x00000000080050dc                sys_ctrl_soft_watchdog_reset
 .text.sys_ctrl_soft_watchdog_increase_counter
                0x00000000080050f4       0x88 build_arm_cortex_m3_base_application_stm32l/sys_cfg.o
                0x00000000080050f4                sys_ctrl_soft_watchdog_increase_counter
 .text.sys_ctrl_get_firmware_info
                0x000000000800517c       0x48 build_arm_cortex_m3_base_application_stm32l/sys_cfg.o
                0x000000000800517c                sys_ctrl_get_firmware_info
 .text.task_irq_io_entry_trigger
                0x00000000080051c4        0x4 build_arm_cortex_m3_base_application_stm32l/sys_cfg.o
                0x00000000080051c4                task_irq_io_entry_trigger
 .text.task_irq_io_exit_trigger
                0x00000000080051c8        0x4 build_arm_cortex_m3_base_application_stm32l/sys_cfg.o
                0x00000000080051c8                task_irq_io_exit_trigger
 .text.led_life_init
                0x00000000080051cc       0x2c build_arm_cortex_m3_base_application_stm32l/io_cfg.o
                0x00000000080051cc                led_life_init
 .text.led_life_on
                0x00000000080051f8       0x10 build_arm_cortex_m3_base_application_stm32l/io_cfg.o
                0x00000000080051f8                led_life_on
 .text.led_life_off
                0x0000000008005208       0x10 build_arm_cortex_m3_base_application_stm32l/io_cfg.o
                0x0000000008005208                led_life_off
 .text.nrf24l01_io_ctrl_init
                0x0000000008005218       0x90 build_arm_cortex_m3_base_application_stm32l/io_cfg.o
                0x0000000008005218                nrf24l01_io_ctrl_init
 .text.nrf24l01_spi_ctrl_init
                0x00000000080052a8       0xa0 build_arm_cortex_m3_base_application_stm32l/io_cfg.o
                0x00000000080052a8                nrf24l01_spi_ctrl_init
 .text.nrf24l01_ce_low
                0x0000000008005348       0x10 build_arm_cortex_m3_base_application_stm32l/io_cfg.o
                0x0000000008005348                nrf24l01_ce_low
 .text.nrf24l01_ce_high
                0x0000000008005358       0x10 build_arm_cortex_m3_base_application_stm32l/io_cfg.o
                0x0000000008005358                nrf24l01_ce_high
 .text.nrf24l01_csn_low
                0x0000000008005368       0x10 build_arm_cortex_m3_base_application_stm32l/io_cfg.o
                0x0000000008005368                nrf24l01_csn_low
 .text.nrf24l01_csn_high
                0x0000000008005378       0x10 build_arm_cortex_m3_base_application_stm32l/io_cfg.o
                0x0000000008005378                nrf24l01_csn_high
 .text.flash_cs_low
                0x0000000008005388       0x10 build_arm_cortex_m3_base_application_stm32l/io_cfg.o
                0x0000000008005388                flash_cs_low
 .text.flash_cs_high
                0x0000000008005398       0x10 build_arm_cortex_m3_base_application_stm32l/io_cfg.o
                0x0000000008005398                flash_cs_high
 .text.flash_transfer
                0x00000000080053a8       0xa0 build_arm_cortex_m3_base_application_stm32l/io_cfg.o
                0x00000000080053a8                flash_transfer
 .text.nrf24l01_spi_rw
                0x0000000008005448        0x4 build_arm_cortex_m3_base_application_stm32l/io_cfg.o
                0x0000000008005448                nrf24l01_spi_rw
 .text.timer_50us_init
                0x000000000800544c       0x54 build_arm_cortex_m3_base_application_stm32l/io_cfg.o
                0x000000000800544c                timer_50us_init
 .text.timer_50us_enable
                0x00000000080054a0       0x1c build_arm_cortex_m3_base_application_stm32l/io_cfg.o
                0x00000000080054a0                timer_50us_enable
 .text.sht1x_clk_input_mode
                0x00000000080054bc       0x2c build_arm_cortex_m3_base_application_stm32l/io_cfg.o
                0x00000000080054bc                sht1x_clk_input_mode
 .text.sht1x_clk_output_mode
                0x00000000080054e8       0x2c build_arm_cortex_m3_base_application_stm32l/io_cfg.o
                0x00000000080054e8                sht1x_clk_output_mode
 .text.sht1x_clk_digital_write_low
                0x0000000008005514       0x10 build_arm_cortex_m3_base_application_stm32l/io_cfg.o
                0x0000000008005514                sht1x_clk_digital_write_low
 .text.sht1x_clk_digital_write_high
                0x0000000008005524       0x10 build_arm_cortex_m3_base_application_stm32l/io_cfg.o
                0x0000000008005524                sht1x_clk_digital_write_high
 .text.sht1x_data_input_mode
                0x0000000008005534       0x2c build_arm_cortex_m3_base_application_stm32l/io_cfg.o
                0x0000000008005534                sht1x_data_input_mode
 .text.sht1x_data_output_mode
                0x0000000008005560       0x2c build_arm_cortex_m3_base_application_stm32l/io_cfg.o
                0x0000000008005560                sht1x_data_output_mode
 .text.sht1x_data_digital_write_low
                0x000000000800558c       0x10 build_arm_cortex_m3_base_application_stm32l/io_cfg.o
                0x000000000800558c                sht1x_data_digital_write_low
 .text.sht1x_data_digital_write_high
                0x000000000800559c       0x10 build_arm_cortex_m3_base_application_stm32l/io_cfg.o
                0x000000000800559c                sht1x_data_digital_write_high
 .text.ds1302_ce_input_mode
                0x00000000080055ac       0x28 build_arm_cortex_m3_base_application_stm32l/io_cfg.o
                0x00000000080055ac                ds1302_ce_input_mode
 .text.ds1302_ce_output_mode
                0x00000000080055d4       0x2c build_arm_cortex_m3_base_application_stm32l/io_cfg.o
                0x00000000080055d4                ds1302_ce_output_mode
 .text.ds1302_ce_digital_write_low
                0x0000000008005600        0xc build_arm_cortex_m3_base_application_stm32l/io_cfg.o
                0x0000000008005600                ds1302_ce_digital_write_low
 .text.ds1302_ce_digital_write_high
                0x000000000800560c        0xc build_arm_cortex_m3_base_application_stm32l/io_cfg.o
                0x000000000800560c                ds1302_ce_digital_write_high
 .text.ds1302_clk_input_mode
                0x0000000008005618       0x28 build_arm_cortex_m3_base_application_stm32l/io_cfg.o
                0x0000000008005618                ds1302_clk_input_mode
 .text.ds1302_clk_output_mode
                0x0000000008005640       0x2c build_arm_cortex_m3_base_application_stm32l/io_cfg.o
                0x0000000008005640                ds1302_clk_output_mode
 .text.ds1302_clk_digital_write_low
                0x000000000800566c       0x10 build_arm_cortex_m3_base_application_stm32l/io_cfg.o
                0x000000000800566c                ds1302_clk_digital_write_low
 .text.ds1302_clk_digital_write_high
                0x000000000800567c       0x10 build_arm_cortex_m3_base_application_stm32l/io_cfg.o
                0x000000000800567c                ds1302_clk_digital_write_high
 .text.ds1302_data_input_mode
                0x000000000800568c       0x28 build_arm_cortex_m3_base_application_stm32l/io_cfg.o
                0x000000000800568c                ds1302_data_input_mode
 .text.ds1302_data_output_mode
                0x00000000080056b4       0x28 build_arm_cortex_m3_base_application_stm32l/io_cfg.o
                0x00000000080056b4                ds1302_data_output_mode
 .text.ds1302_data_digital_write_low
                0x00000000080056dc        0xc build_arm_cortex_m3_base_application_stm32l/io_cfg.o
                0x00000000080056dc                ds1302_data_digital_write_low
 .text.ds1302_data_digital_write_high
                0x00000000080056e8        0xc build_arm_cortex_m3_base_application_stm32l/io_cfg.o
                0x00000000080056e8                ds1302_data_digital_write_high
 .text.io_cfg_dac_out2_config
                0x00000000080056f4       0x54 build_arm_cortex_m3_base_application_stm32l/io_cfg.o
                0x00000000080056f4                io_cfg_dac_out2_config
 .text.sys_ctr_get_vbat_voltage
                0x0000000008005748       0x88 build_arm_cortex_m3_base_application_stm32l/io_cfg.o
                0x0000000008005748                sys_ctr_get_vbat_voltage
 .text.io_cfg_dac_out2_set
                0x00000000080057d0       0x1c build_arm_cortex_m3_base_application_stm32l/io_cfg.o
                0x00000000080057d0                io_cfg_dac_out2_set
 .text.ssd1306_clk_input_mode
                0x00000000080057ec       0x2c build_arm_cortex_m3_base_application_stm32l/io_cfg.o
                0x00000000080057ec                ssd1306_clk_input_mode
 .text.ssd1306_clk_output_mode
                0x0000000008005818       0x2c build_arm_cortex_m3_base_application_stm32l/io_cfg.o
                0x0000000008005818                ssd1306_clk_output_mode
 .text.ssd1306_clk_digital_write_low
                0x0000000008005844       0x10 build_arm_cortex_m3_base_application_stm32l/io_cfg.o
                0x0000000008005844                ssd1306_clk_digital_write_low
 .text.ssd1306_clk_digital_write_high
                0x0000000008005854       0x10 build_arm_cortex_m3_base_application_stm32l/io_cfg.o
                0x0000000008005854                ssd1306_clk_digital_write_high
 .text.ssd1306_data_input_mode
                0x0000000008005864       0x2c build_arm_cortex_m3_base_application_stm32l/io_cfg.o
                0x0000000008005864                ssd1306_data_input_mode
 .text.ssd1306_data_output_mode
                0x0000000008005890       0x2c build_arm_cortex_m3_base_application_stm32l/io_cfg.o
                0x0000000008005890                ssd1306_data_output_mode
 .text.ssd1306_data_digital_write_low
                0x00000000080058bc       0x10 build_arm_cortex_m3_base_application_stm32l/io_cfg.o
                0x00000000080058bc                ssd1306_data_digital_write_low
 .text.ssd1306_data_digital_write_high
                0x00000000080058cc       0x10 build_arm_cortex_m3_base_application_stm32l/io_cfg.o
                0x00000000080058cc                ssd1306_data_digital_write_high
 .text.io_eeprom_read
                0x00000000080058dc       0x34 build_arm_cortex_m3_base_application_stm32l/io_cfg.o
                0x00000000080058dc                io_eeprom_read
 .text.io_eeprom_erase
                0x0000000008005910       0x58 build_arm_cortex_m3_base_application_stm32l/io_cfg.o
                0x0000000008005910                io_eeprom_erase
 .text.internal_flash_unlock
                0x0000000008005968       0x14 build_arm_cortex_m3_base_application_stm32l/io_cfg.o
                0x0000000008005968                internal_flash_unlock
 .text.internal_flash_lock
                0x000000000800597c        0x4 build_arm_cortex_m3_base_application_stm32l/io_cfg.o
                0x000000000800597c                internal_flash_lock
 .text.internal_flash_erase_pages_cal
                0x0000000008005980       0x2c build_arm_cortex_m3_base_application_stm32l/io_cfg.o
                0x0000000008005980                internal_flash_erase_pages_cal
 .text.internal_flash_write_cal
                0x00000000080059ac       0x64 build_arm_cortex_m3_base_application_stm32l/io_cfg.o
                0x00000000080059ac                internal_flash_write_cal
 .text.io_uart3_cli_init
                0x0000000008005a10       0xa4 build_arm_cortex_m3_base_application_stm32l/io_cfg.o
                0x0000000008005a10                io_uart3_cli_init
 .text.io_cli_enable
                0x0000000008005ab4        0xc build_arm_cortex_m3_base_application_stm32l/io_cfg.o
                0x0000000008005ab4                io_cli_enable
 .text.io_cli_disable
                0x0000000008005ac0        0xc build_arm_cortex_m3_base_application_stm32l/io_cfg.o
                0x0000000008005ac0                io_cli_disable
 .text.io_uart3_cli_put
                0x0000000008005acc       0x20 build_arm_cortex_m3_base_application_stm32l/io_cfg.o
                0x0000000008005acc                io_uart3_cli_put
 .text.uart3_cli_send_string
                0x0000000008005aec       0x2c build_arm_cortex_m3_base_application_stm32l/io_cfg.o
                0x0000000008005aec                uart3_cli_send_string
 .text.io_cli_led_init
                0x0000000008005b18       0x2c build_arm_cortex_m3_base_application_stm32l/io_cfg.o
                0x0000000008005b18                io_cli_led_init
 .text.io_cli_led_on
                0x0000000008005b44       0x10 build_arm_cortex_m3_base_application_stm32l/io_cfg.o
                0x0000000008005b44                io_cli_led_on
 .text.io_input_control_init
                0x0000000008005b54       0x28 build_arm_cortex_m3_base_application_stm32l/io_cfg.o
                0x0000000008005b54                io_input_control_init
 .text.io_input_leds_init
                0x0000000008005b7c       0x64 build_arm_cortex_m3_base_application_stm32l/io_cfg.o
                0x0000000008005b7c                io_input_leds_init
 .text.io_input_leds_on
                0x0000000008005be0       0x68 build_arm_cortex_m3_base_application_stm32l/io_cfg.o
                0x0000000008005be0                io_input_leds_on
 .text.io_rs485_uart_init
                0x0000000008005c48       0x9c build_arm_cortex_m3_base_application_stm32l/io_cfg.o
                0x0000000008005c48                io_rs485_uart_init
 .text.io_rs485_uart_get
                0x0000000008005ce4       0x40 build_arm_cortex_m3_base_application_stm32l/io_cfg.o
                0x0000000008005ce4                io_rs485_uart_get
 .text.io_rs485_dir_pin_init
                0x0000000008005d24       0x28 build_arm_cortex_m3_base_application_stm32l/io_cfg.o
                0x0000000008005d24                io_rs485_dir_pin_init
 .text.io_rs485_led_init
                0x0000000008005d4c       0x28 build_arm_cortex_m3_base_application_stm32l/io_cfg.o
                0x0000000008005d4c                io_rs485_led_init
 .text.io_rs485_led_on
                0x0000000008005d74        0xc build_arm_cortex_m3_base_application_stm32l/io_cfg.o
                0x0000000008005d74                io_rs485_led_on
 .text.io_temp_leds_init
                0x0000000008005d80       0x40 build_arm_cortex_m3_base_application_stm32l/io_cfg.o
                0x0000000008005d80                io_temp_leds_init
 .text.io_temp_1_led_on
                0x0000000008005dc0        0xc build_arm_cortex_m3_base_application_stm32l/io_cfg.o
                0x0000000008005dc0                io_temp_1_led_on
 .text.io_temp_2_led_on
                0x0000000008005dcc        0xc build_arm_cortex_m3_base_application_stm32l/io_cfg.o
                0x0000000008005dcc                io_temp_2_led_on
 .text.io_temp_3_led_on
                0x0000000008005dd8        0xc build_arm_cortex_m3_base_application_stm32l/io_cfg.o
                0x0000000008005dd8                io_temp_3_led_on
 .text.io_temp_4_led_on
                0x0000000008005de4        0xc build_arm_cortex_m3_base_application_stm32l/io_cfg.o
                0x0000000008005de4                io_temp_4_led_on
 .text.io_button_init
                0x0000000008005df0       0x3c build_arm_cortex_m3_base_application_stm32l/io_cfg.o
                0x0000000008005df0                io_button_init
 .text.io_button_1_read
                0x0000000008005e2c       0x10 build_arm_cortex_m3_base_application_stm32l/io_cfg.o
                0x0000000008005e2c                io_button_1_read
 .text.io_button_2_read
                0x0000000008005e3c       0x10 build_arm_cortex_m3_base_application_stm32l/io_cfg.o
                0x0000000008005e3c                io_button_2_read
 .text.io_button_3_read
                0x0000000008005e4c       0x10 build_arm_cortex_m3_base_application_stm32l/io_cfg.o
                0x0000000008005e4c                io_button_3_read
 .text.io_fan_fn_leds_init
                0x0000000008005e5c       0x28 build_arm_cortex_m3_base_application_stm32l/io_cfg.o
                0x0000000008005e5c                io_fan_fn_leds_init
 .text.io_fan_leds_on
                0x0000000008005e84       0x34 build_arm_cortex_m3_base_application_stm32l/io_cfg.o
                0x0000000008005e84                io_fan_leds_on
 .text.SystemCoreClockUpdate
                0x0000000008005eb8       0x8c build_arm_cortex_m3_base_application_stm32l/system_stm32l1xx.o
                0x0000000008005eb8                SystemCoreClockUpdate
 .text.main_app
                0x0000000008005f44      0x10c build_arm_cortex_m3_base_application_stm32l/app.o
                0x0000000008005f44                main_app
 .text.sys_irq_timer_10ms
                0x0000000008006050        0x4 build_arm_cortex_m3_base_application_stm32l/app.o
                0x0000000008006050                sys_irq_timer_10ms
 .text.sys_irq_timer_50us
                0x0000000008006054       0x24 build_arm_cortex_m3_base_application_stm32l/app.o
                0x0000000008006054                sys_irq_timer_50us
 .text.sys_irq_usb_recv
                0x0000000008006078        0x4 build_arm_cortex_m3_base_application_stm32l/app.o
                0x0000000008006078                sys_irq_usb_recv
 .text.rf_printf
                0x000000000800607c        0x4 build_arm_cortex_m3_base_application_stm32l/rf_remote_ctrl.o
                0x000000000800607c                rf_printf
 .text._ZL9shell_epiPh
                0x0000000008006080        0x4 build_arm_cortex_m3_base_application_stm32l/shell.o
 .text._ZL9shell_psvPh
                0x0000000008006084       0x14 build_arm_cortex_m3_base_application_stm32l/shell.o
 .text._ZL10shell_helpPh
                0x0000000008006098       0x30 build_arm_cortex_m3_base_application_stm32l/shell.o
 .text._ZL9shell_svcPh
                0x00000000080060c8       0x14 build_arm_cortex_m3_base_application_stm32l/shell.o
 .text._ZL9shell_fwuPh
                0x00000000080060dc       0x34 build_arm_cortex_m3_base_application_stm32l/shell.o
 .text._ZL10str_parserPc
                0x0000000008006110       0x88 build_arm_cortex_m3_base_application_stm32l/shell.o
 .text._ZL11shell_flashPh
                0x0000000008006198      0x19c build_arm_cortex_m3_base_application_stm32l/shell.o
 .text._ZL9shell_epsPh
                0x0000000008006334       0xec build_arm_cortex_m3_base_application_stm32l/shell.o
 .text._ZL9shell_sttPh
                0x0000000008006420       0x34 build_arm_cortex_m3_base_application_stm32l/shell.o
 .text._ZL9shell_ramPh
                0x0000000008006454      0x240 build_arm_cortex_m3_base_application_stm32l/shell.o
 .text._ZL12shell_rebootPh
                0x0000000008006694       0x10 build_arm_cortex_m3_base_application_stm32l/shell.o
 .text._ZL9shell_verPh
                0x00000000080066a4       0xf0 build_arm_cortex_m3_base_application_stm32l/shell.o
 .text._ZL11shell_resetPh
                0x0000000008006794       0x10 build_arm_cortex_m3_base_application_stm32l/shell.o
 .text._ZL10shell_bootPh
                0x00000000080067a4       0xec build_arm_cortex_m3_base_application_stm32l/shell.o
 .text._ZL11shell_fatalPh
                0x0000000008006890      0x114 build_arm_cortex_m3_base_application_stm32l/shell.o
 .text._ZL9shell_dbgPh
                0x00000000080069a4      0x418 build_arm_cortex_m3_base_application_stm32l/shell.o
 .text._ZL9shell_lcdPh
                0x0000000008006dbc      0x100 build_arm_cortex_m3_base_application_stm32l/shell.o
 .text.sys_irq_shell
                0x0000000008006ebc       0xc8 build_arm_cortex_m3_base_application_stm32l/task_shell.o
                0x0000000008006ebc                sys_irq_shell
 .text._Z10task_shellP8ak_msg_t
                0x0000000008006f84       0xac build_arm_cortex_m3_base_application_stm32l/task_shell.o
                0x0000000008006f84                task_shell(ak_msg_t*)
 .text._Z9task_lifeP8ak_msg_t
                0x0000000008007030       0x20 build_arm_cortex_m3_base_application_stm32l/task_life.o
                0x0000000008007030                task_life(ak_msg_t*)
 .text._Z7task_fwP8ak_msg_t
                0x0000000008007050      0x3e4 build_arm_cortex_m3_base_application_stm32l/task_fw.o
                0x0000000008007050                task_fw(ak_msg_t*)
 .text._Z12task_displayP8ak_msg_t
                0x0000000008007434        0x4 build_arm_cortex_m3_base_application_stm32l/task_display.o
                0x0000000008007434                task_display(ak_msg_t*)
 .text._Z20testting_result_initP17testting_result_t
                0x0000000008007438       0x8c build_arm_cortex_m3_base_application_stm32l/task_testting.o
                0x0000000008007438                testting_result_init(testting_result_t*)
 .text._Z13task_testtingP8ak_msg_t
                0x00000000080074c4       0xe4 build_arm_cortex_m3_base_application_stm32l/task_testting.o
                0x00000000080074c4                task_testting(ak_msg_t*)
 .text._Z15button_press_cbP8button_t
                0x00000000080075a8       0x88 build_arm_cortex_m3_base_application_stm32l/task_testting.o
                0x00000000080075a8                button_press_cb(button_t*)
 .text.rs485_irq_add
                0x0000000008007630       0x4c build_arm_cortex_m3_base_application_stm32l/task_testting.o
                0x0000000008007630                rs485_irq_add
 .text._Z7task_ifP8ak_msg_t
                0x000000000800767c       0x9c build_arm_cortex_m3_base_application_stm32l/task_if.o
                0x000000000800767c                task_if(ak_msg_t*)
 .text._Z12task_rf24_ifP8ak_msg_t
                0x0000000008007718       0x98 build_arm_cortex_m3_base_application_stm32l/task_rf24_if.o
                0x0000000008007718                task_rf24_if(ak_msg_t*)
 .text._Z12task_uart_ifP8ak_msg_t
                0x00000000080077b0       0xa4 build_arm_cortex_m3_base_application_stm32l/task_uart_if.o
                0x00000000080077b0                task_uart_if(ak_msg_t*)
 .text._Z8task_dbgP8ak_msg_t
                0x0000000008007854      0x12c build_arm_cortex_m3_base_application_stm32l/task_dbg.o
                0x0000000008007854                task_dbg(ak_msg_t*)
 .text._ZL19view_render_dynamicPv
                0x0000000008007980        0xc build_arm_cortex_m3_base_application_stm32l/view_render.o
 .text._Z22view_render_display_onv
                0x000000000800798c        0xc build_arm_cortex_m3_base_application_stm32l/view_render.o
                0x000000000800798c                view_render_display_on()
 .text.startup._GLOBAL__sub_I_view_render
                0x0000000008007998        0xc build_arm_cortex_m3_base_application_stm32l/view_render.o
 .text.exit._GLOBAL__sub_D_view_render
                0x00000000080079a4        0xc build_arm_cortex_m3_base_application_stm32l/view_render.o
 .text._Z18view_render_screenP13view_screen_t
                0x00000000080079b0       0x6c build_arm_cortex_m3_base_application_stm32l/view_render.o
                0x00000000080079b0                view_render_screen(view_screen_t*)
 .text._ZL21view_render_rectanglePv
                0x0000000008007a1c      0x118 build_arm_cortex_m3_base_application_stm32l/view_render.o
 .text._Z16scr_mng_dispatchP8ak_msg_t
                0x0000000008007b34       0x48 build_arm_cortex_m3_base_application_stm32l/screen_manager.o
                0x0000000008007b34                scr_mng_dispatch(ak_msg_t*)
 .text._ZN12Adafruit_GFX8drawLineEsssst
                0x0000000008007b7c       0xf0 build_arm_cortex_m3_base_application_stm32l/Adafruit_GFX.o
                0x0000000008007b7c                Adafruit_GFX::drawLine(short, short, short, short, unsigned short)
 .text._ZN12Adafruit_GFX8drawRectEsssst
                0x0000000008007c6c       0x68 build_arm_cortex_m3_base_application_stm32l/Adafruit_GFX.o
                0x0000000008007c6c                Adafruit_GFX::drawRect(short, short, short, short, unsigned short)
 .text._ZN12Adafruit_GFX13drawFastVLineEssst
                0x0000000008007cd4       0x20 build_arm_cortex_m3_base_application_stm32l/Adafruit_GFX.o
                0x0000000008007cd4                Adafruit_GFX::drawFastVLine(short, short, short, unsigned short)
 .text._ZN12Adafruit_GFX13drawFastHLineEssst
                0x0000000008007cf4       0x1c build_arm_cortex_m3_base_application_stm32l/Adafruit_GFX.o
                0x0000000008007cf4                Adafruit_GFX::drawFastHLine(short, short, short, unsigned short)
 .text._ZN12Adafruit_GFX8fillRectEsssst
                0x0000000008007d10       0x3c build_arm_cortex_m3_base_application_stm32l/Adafruit_GFX.o
                0x0000000008007d10                Adafruit_GFX::fillRect(short, short, short, short, unsigned short)
 .text._ZN12Adafruit_GFX10fillScreenEt
                0x0000000008007d4c       0x20 build_arm_cortex_m3_base_application_stm32l/Adafruit_GFX.o
                0x0000000008007d4c                Adafruit_GFX::fillScreen(unsigned short)
 .text._ZN12Adafruit_GFX13invertDisplayEb
                0x0000000008007d6c        0x4 build_arm_cortex_m3_base_application_stm32l/Adafruit_GFX.o
                0x0000000008007d6c                Adafruit_GFX::invertDisplay(bool)
 .text._ZN12Adafruit_GFXC2Ess
                0x0000000008007d70       0x28 build_arm_cortex_m3_base_application_stm32l/Adafruit_GFX.o
                0x0000000008007d70                Adafruit_GFX::Adafruit_GFX(short, short)
                0x0000000008007d70                Adafruit_GFX::Adafruit_GFX(short, short)
 .text._ZN12Adafruit_GFX8drawCharEsshtth
                0x0000000008007d98      0x10c build_arm_cortex_m3_base_application_stm32l/Adafruit_GFX.o
                0x0000000008007d98                Adafruit_GFX::drawChar(short, short, unsigned char, unsigned short, unsigned short, unsigned char)
 .text._ZN12Adafruit_GFX5writeEh
                0x0000000008007ea4       0x78 build_arm_cortex_m3_base_application_stm32l/Adafruit_GFX.o
                0x0000000008007ea4                Adafruit_GFX::write(unsigned char)
 .text._ZN12Adafruit_GFX9setCursorEss
                0x0000000008007f1c        0x8 build_arm_cortex_m3_base_application_stm32l/Adafruit_GFX.o
                0x0000000008007f1c                Adafruit_GFX::setCursor(short, short)
 .text._ZN12Adafruit_GFX11setTextSizeEh
                0x0000000008007f24        0xc build_arm_cortex_m3_base_application_stm32l/Adafruit_GFX.o
                0x0000000008007f24                Adafruit_GFX::setTextSize(unsigned char)
 .text._ZN12Adafruit_GFX12setTextColorEt
                0x0000000008007f30        0x8 build_arm_cortex_m3_base_application_stm32l/Adafruit_GFX.o
                0x0000000008007f30                Adafruit_GFX::setTextColor(unsigned short)
 .text._ZN12Adafruit_GFX5widthEv
                0x0000000008007f38        0x8 build_arm_cortex_m3_base_application_stm32l/Adafruit_GFX.o
                0x0000000008007f38                Adafruit_GFX::width()
 .text._ZN12Adafruit_GFX6heightEv
                0x0000000008007f40        0x8 build_arm_cortex_m3_base_application_stm32l/Adafruit_GFX.o
                0x0000000008007f40                Adafruit_GFX::height()
 .text._ZN19Adafruit_ssd1306syp9updateRowEii
                0x0000000008007f48       0x20 build_arm_cortex_m3_base_application_stm32l/Adafruit_ssd1306syp.o
                0x0000000008007f48                Adafruit_ssd1306syp::updateRow(int, int)
 .text._ZN19Adafruit_ssd1306syp9drawPixelEsst
                0x0000000008007f68       0x60 build_arm_cortex_m3_base_application_stm32l/Adafruit_ssd1306syp.o
                0x0000000008007f68                Adafruit_ssd1306syp::drawPixel(short, short, unsigned short)
 .text._ZN19Adafruit_ssd1306sypC2Ev
                0x0000000008007fc8       0x24 build_arm_cortex_m3_base_application_stm32l/Adafruit_ssd1306syp.o
                0x0000000008007fc8                Adafruit_ssd1306syp::Adafruit_ssd1306syp()
                0x0000000008007fc8                Adafruit_ssd1306syp::Adafruit_ssd1306syp()
 .text._ZN19Adafruit_ssd1306sypD2Ev
                0x0000000008007fec        0x4 build_arm_cortex_m3_base_application_stm32l/Adafruit_ssd1306syp.o
                0x0000000008007fec                Adafruit_ssd1306syp::~Adafruit_ssd1306syp()
                0x0000000008007fec                Adafruit_ssd1306syp::~Adafruit_ssd1306syp()
 .text._ZN19Adafruit_ssd1306syp5clearEb
                0x0000000008007ff0       0x24 build_arm_cortex_m3_base_application_stm32l/Adafruit_ssd1306syp.o
                0x0000000008007ff0                Adafruit_ssd1306syp::clear(bool)
 .text._ZN19Adafruit_ssd1306syp9writeByteEh
                0x0000000008008014       0x54 build_arm_cortex_m3_base_application_stm32l/Adafruit_ssd1306syp.o
                0x0000000008008014                Adafruit_ssd1306syp::writeByte(unsigned char)
 .text._ZN19Adafruit_ssd1306syp8startIICEv
                0x0000000008008068       0x2c build_arm_cortex_m3_base_application_stm32l/Adafruit_ssd1306syp.o
                0x0000000008008068                Adafruit_ssd1306syp::startIIC()
 .text._ZN19Adafruit_ssd1306syp7stopIICEv
                0x0000000008008094       0x2c build_arm_cortex_m3_base_application_stm32l/Adafruit_ssd1306syp.o
                0x0000000008008094                Adafruit_ssd1306syp::stopIIC()
 .text._ZN19Adafruit_ssd1306syp12writeCommandEh
                0x00000000080080c0       0x2c build_arm_cortex_m3_base_application_stm32l/Adafruit_ssd1306syp.o
                0x00000000080080c0                Adafruit_ssd1306syp::writeCommand(unsigned char)
 .text._ZN19Adafruit_ssd1306syp10initializeEv
                0x00000000080080ec      0x104 build_arm_cortex_m3_base_application_stm32l/Adafruit_ssd1306syp.o
                0x00000000080080ec                Adafruit_ssd1306syp::initialize()
 .text._ZN19Adafruit_ssd1306syp10display_onEv
                0x00000000080081f0        0x8 build_arm_cortex_m3_base_application_stm32l/Adafruit_ssd1306syp.o
                0x00000000080081f0                Adafruit_ssd1306syp::display_on()
 .text._ZN19Adafruit_ssd1306syp11display_offEv
                0x00000000080081f8        0x8 build_arm_cortex_m3_base_application_stm32l/Adafruit_ssd1306syp.o
                0x00000000080081f8                Adafruit_ssd1306syp::display_off()
 .text._ZN19Adafruit_ssd1306syp17startDataSequenceEv
                0x0000000008008200       0x1c build_arm_cortex_m3_base_application_stm32l/Adafruit_ssd1306syp.o
                0x0000000008008200                Adafruit_ssd1306syp::startDataSequence()
 .text._ZN19Adafruit_ssd1306syp6updateEv
                0x000000000800821c       0x54 build_arm_cortex_m3_base_application_stm32l/Adafruit_ssd1306syp.o
                0x000000000800821c                Adafruit_ssd1306syp::update()
 .text._ZN19Adafruit_ssd1306syp9updateRowEi
                0x0000000008008270       0x70 build_arm_cortex_m3_base_application_stm32l/Adafruit_ssd1306syp.o
                0x0000000008008270                Adafruit_ssd1306syp::updateRow(int)
 .text.eeprom_read
                0x00000000080082e0        0x4 build_arm_cortex_m3_base_application_stm32l/eeprom.o
                0x00000000080082e0                eeprom_read
 .text.eeprom_erase
                0x00000000080082e4        0x4 build_arm_cortex_m3_base_application_stm32l/eeprom.o
                0x00000000080082e4                eeprom_erase
 .text.startup._GLOBAL__sub_I__ZN9DhcpClass13beginWithDHCPEPhmm
                0x00000000080082e8       0x1c build_arm_cortex_m3_base_application_stm32l/Dhcp.o
 .text.startup._GLOBAL__sub_I__ZN9DNSClient5beginERK9IPAddress
                0x0000000008008304       0x1c build_arm_cortex_m3_base_application_stm32l/Dns.o
 .text.startup._GLOBAL__sub_I__ZN14EthernetClient8_srcportE
                0x0000000008008320       0x1c build_arm_cortex_m3_base_application_stm32l/EthernetClient.o
 .text.startup._GLOBAL__sub_I__ZN13EthernetClass6_stateE
                0x000000000800833c       0x28 build_arm_cortex_m3_base_application_stm32l/Ethernet.o
 .text.startup._GLOBAL__sub_I__ZN14EthernetServerC2Et
                0x0000000008008364       0x1c build_arm_cortex_m3_base_application_stm32l/EthernetServer.o
 .text.startup._GLOBAL__sub_I__ZN11EthernetUDPC2Ev
                0x0000000008008380       0x1c build_arm_cortex_m3_base_application_stm32l/EthernetUdp.o
 .text._Z16nrf_nwk_pdu_initv
                0x000000000800839c       0x3c build_arm_cortex_m3_base_application_stm32l/nrf_data.o
                0x000000000800839c                nrf_nwk_pdu_init()
 .text._Z18nrf_nwk_pdu_mallocv
                0x00000000080083d8       0x40 build_arm_cortex_m3_base_application_stm32l/nrf_data.o
                0x00000000080083d8                nrf_nwk_pdu_malloc()
 .text._Z16nrf_nwk_pdu_freeP13nrf_nwk_pdu_t
                0x0000000008008418       0x20 build_arm_cortex_m3_base_application_stm32l/nrf_data.o
                0x0000000008008418                nrf_nwk_pdu_free(nrf_nwk_pdu_t*)
 .text._Z15nrf_nwk_pdu_getm
                0x0000000008008438       0x10 build_arm_cortex_m3_base_application_stm32l/nrf_data.o
                0x0000000008008438                nrf_nwk_pdu_get(unsigned long)
 .text._Z16nrf_nwk_pdu_freem
                0x0000000008008448       0x50 build_arm_cortex_m3_base_application_stm32l/nrf_data.o
                0x0000000008008448                nrf_nwk_pdu_free(unsigned long)
 .text._Z23nrf_set_static_nwk_addrt
                0x0000000008008498       0x10 build_arm_cortex_m3_base_application_stm32l/nrf_data.o
                0x0000000008008498                nrf_set_static_nwk_addr(unsigned short)
 .text._Z23nrf_get_static_nwk_addrv
                0x00000000080084a8       0x1c build_arm_cortex_m3_base_application_stm32l/nrf_data.o
                0x00000000080084a8                nrf_get_static_nwk_addr()
 .text._Z20nrf_set_des_nwk_addrt
                0x00000000080084c4       0x10 build_arm_cortex_m3_base_application_stm32l/nrf_data.o
                0x00000000080084c4                nrf_set_des_nwk_addr(unsigned short)
 .text._Z20nrf_get_des_nwk_addrv
                0x00000000080084d4       0x1c build_arm_cortex_m3_base_application_stm32l/nrf_data.o
                0x00000000080084d4                nrf_get_des_nwk_addr()
 .text._Z20nrf_get_des_phy_addrv
                0x00000000080084f0        0x8 build_arm_cortex_m3_base_application_stm32l/nrf_data.o
                0x00000000080084f0                nrf_get_des_phy_addr()
 .text._Z20nrf_get_src_phy_addrv
                0x00000000080084f8        0x8 build_arm_cortex_m3_base_application_stm32l/nrf_data.o
                0x00000000080084f8                nrf_get_src_phy_addr()
 .text._Z13task_rf24_macP8ak_msg_t
                0x0000000008008500      0x36c build_arm_cortex_m3_base_application_stm32l/nrf_mac.o
                0x0000000008008500                task_rf24_mac(ak_msg_t*)
 .text._Z16nrf_nwk_fsm_idleP8ak_msg_t
                0x000000000800886c      0x1c0 build_arm_cortex_m3_base_application_stm32l/nrf_nwk.o
                0x000000000800886c                nrf_nwk_fsm_idle(ak_msg_t*)
 .text._Z13task_rf24_nwkP8ak_msg_t
                0x0000000008008a2c        0xc build_arm_cortex_m3_base_application_stm32l/nrf_nwk.o
                0x0000000008008a2c                task_rf24_nwk(ak_msg_t*)
 .text._Z16nrf_nwk_fsm_initP8ak_msg_t
                0x0000000008008a38       0x30 build_arm_cortex_m3_base_application_stm32l/nrf_nwk.o
                0x0000000008008a38                nrf_nwk_fsm_init(ak_msg_t*)
 .text.sys_irq_nrf24l01
                0x0000000008008a68       0xa8 build_arm_cortex_m3_base_application_stm32l/nrf_phy.o
                0x0000000008008a68                sys_irq_nrf24l01
 .text._Z23nrf_phy_switch_ptx_modev
                0x0000000008008b10       0x1c build_arm_cortex_m3_base_application_stm32l/nrf_phy.o
                0x0000000008008b10                nrf_phy_switch_ptx_mode()
 .text._Z23nrf_phy_switch_prx_modev
                0x0000000008008b2c       0x28 build_arm_cortex_m3_base_application_stm32l/nrf_phy.o
                0x0000000008008b2c                nrf_phy_switch_prx_mode()
 .text._Z13task_rf24_phyP8ak_msg_t
                0x0000000008008b54      0x150 build_arm_cortex_m3_base_application_stm32l/nrf_phy.o
                0x0000000008008b54                task_rf24_phy(ak_msg_t*)
 .text._ZL19link_hal_write_byteh
                0x0000000008008ca4        0x4 build_arm_cortex_m3_base_application_stm32l/link_hal.o
 .text._ZL17link_hal_rev_byteh
                0x0000000008008ca8        0x4 build_arm_cortex_m3_base_application_stm32l/link_hal.o
 .text._Z23link_hal_reg_write_bytePFhhE
                0x0000000008008cac       0x28 build_arm_cortex_m3_base_application_stm32l/link_hal.o
                0x0000000008008cac                link_hal_reg_write_byte(unsigned char (*)(unsigned char))
 .text._Z21link_hal_reg_rev_bytePFhhE
                0x0000000008008cd4       0x28 build_arm_cortex_m3_base_application_stm32l/link_hal.o
                0x0000000008008cd4                link_hal_reg_rev_byte(unsigned char (*)(unsigned char))
 .text._ZL21fsm_link_state_handleP8ak_msg_t
                0x0000000008008cfc      0x28c build_arm_cortex_m3_base_application_stm32l/link.o
 .text._ZL19fsm_link_state_initP8ak_msg_t
                0x0000000008008f88       0x2c build_arm_cortex_m3_base_application_stm32l/link.o
 .text._Z9task_linkP8ak_msg_t
                0x0000000008008fb4        0xc build_arm_cortex_m3_base_application_stm32l/link.o
                0x0000000008008fb4                task_link(ak_msg_t*)
 .text._Z23link_init_state_machinev
                0x0000000008008fc0       0x30 build_arm_cortex_m3_base_application_stm32l/link.o
                0x0000000008008fc0                link_init_state_machine()
 .text._ZL23link_mac_frame_send_reqv
                0x0000000008008ff0       0x4c build_arm_cortex_m3_base_application_stm32l/link_mac.o
 .text._ZL23link_mac_frame_send_endv
                0x000000000800903c       0x38 build_arm_cortex_m3_base_application_stm32l/link_mac.o
 .text._Z25fsm_link_mac_state_handleP8ak_msg_t
                0x0000000008009074      0x3ec build_arm_cortex_m3_base_application_stm32l/link_mac.o
                0x0000000008009074                fsm_link_mac_state_handle(ak_msg_t*)
 .text._Z13task_link_macP8ak_msg_t
                0x0000000008009460        0xc build_arm_cortex_m3_base_application_stm32l/link_mac.o
                0x0000000008009460                task_link_mac(ak_msg_t*)
 .text._Z23fsm_link_mac_state_initP8ak_msg_t
                0x000000000800946c       0x84 build_arm_cortex_m3_base_application_stm32l/link_mac.o
                0x000000000800946c                fsm_link_mac_state_init(ak_msg_t*)
 .text._ZL20link_phy_frame_writeP16link_phy_frame_t
                0x00000000080094f0       0x38 build_arm_cortex_m3_base_application_stm32l/link_phy.o
 .text._ZL25link_phy_frame_write_byteh
                0x0000000008009528        0xc build_arm_cortex_m3_base_application_stm32l/link_phy.o
 .text._ZL26ac_link_phy_frame_rev_byteh
                0x0000000008009534      0x190 build_arm_cortex_m3_base_application_stm32l/link_phy.o
 .text._ZL19link_phy_frame_sendv.part.0
                0x00000000080096c4       0x20 build_arm_cortex_m3_base_application_stm32l/link_phy.o
 .text._Z25fsm_link_phy_state_handleP8ak_msg_t
                0x00000000080096e4      0x248 build_arm_cortex_m3_base_application_stm32l/link_phy.o
                0x00000000080096e4                fsm_link_phy_state_handle(ak_msg_t*)
 .text._Z13task_link_phyP8ak_msg_t
                0x000000000800992c        0xc build_arm_cortex_m3_base_application_stm32l/link_phy.o
                0x000000000800992c                task_link_phy(ak_msg_t*)
 .text._Z23fsm_link_phy_state_initP8ak_msg_t
                0x0000000008009938       0x90 build_arm_cortex_m3_base_application_stm32l/link_phy.o
                0x0000000008009938                fsm_link_phy_state_init(ak_msg_t*)
 .text._Z26link_phy_get_send_frame_tov
                0x00000000080099c8       0x14 build_arm_cortex_m3_base_application_stm32l/link_phy.o
                0x00000000080099c8                link_phy_get_send_frame_to()
 .text._Z13link_pdu_initv
                0x00000000080099dc       0x58 build_arm_cortex_m3_base_application_stm32l/link_data.o
                0x00000000080099dc                link_pdu_init()
 .text._Z15link_pdu_mallocv
                0x0000000008009a34       0x3c build_arm_cortex_m3_base_application_stm32l/link_data.o
                0x0000000008009a34                link_pdu_malloc()
 .text._Z12link_pdu_getm
                0x0000000008009a70       0x48 build_arm_cortex_m3_base_application_stm32l/link_data.o
                0x0000000008009a70                link_pdu_get(unsigned long)
 .text._Z13link_pdu_freem
                0x0000000008009ab8       0x54 build_arm_cortex_m3_base_application_stm32l/link_data.o
                0x0000000008009ab8                link_pdu_free(unsigned long)
 .text._Z17link_get_src_addrv
                0x0000000008009b0c       0x18 build_arm_cortex_m3_base_application_stm32l/link_data.o
                0x0000000008009b0c                link_get_src_addr()
 .text._Z17link_get_des_addrv
                0x0000000008009b24       0x18 build_arm_cortex_m3_base_application_stm32l/link_data.o
                0x0000000008009b24                link_get_des_addr()
 .text.startup._GLOBAL__sub_I__ZN12PubSubClientC2Ev
                0x0000000008009b3c       0x1c build_arm_cortex_m3_base_application_stm32l/PubSubClient.o
 .text._Z7pinModehh
                0x0000000008009b58       0xf0 build_arm_cortex_m3_base_application_stm32l/wiring_digital.o
                0x0000000008009b58                pinMode(unsigned char, unsigned char)
 .text._Z12digitalWritehh
                0x0000000008009c48       0xdc build_arm_cortex_m3_base_application_stm32l/wiring_digital.o
                0x0000000008009c48                digitalWrite(unsigned char, unsigned char)
 .text._ZN5Print5writeEPKhj
                0x0000000008009d24       0x28 build_arm_cortex_m3_base_application_stm32l/Print.o
                0x0000000008009d24                Print::write(unsigned char const*, unsigned int)
 .text._ZN5Print5printEPKc
                0x0000000008009d4c       0x24 build_arm_cortex_m3_base_application_stm32l/Print.o
                0x0000000008009d4c                Print::print(char const*)
 .text._ZN5Print5printEc
                0x0000000008009d70        0x8 build_arm_cortex_m3_base_application_stm32l/Print.o
                0x0000000008009d70                Print::print(char)
 .text._ZN5Print11printNumberEmh
                0x0000000008009d78       0x58 build_arm_cortex_m3_base_application_stm32l/Print.o
                0x0000000008009d78                Print::printNumber(unsigned long, unsigned char)
 .text._ZN5Print5printEmi
                0x0000000008009dd0       0x14 build_arm_cortex_m3_base_application_stm32l/Print.o
                0x0000000008009dd0                Print::print(unsigned long, int)
 .text._ZN5Print5printEhi
                0x0000000008009de4        0x4 build_arm_cortex_m3_base_application_stm32l/Print.o
                0x0000000008009de4                Print::print(unsigned char, int)
 .text._ZNK9IPAddress7printToER5Print
                0x0000000008009de8       0x40 build_arm_cortex_m3_base_application_stm32l/IPAddress.o
                0x0000000008009de8                IPAddress::printTo(Print&) const
 .text._ZN9IPAddressC2Ev
                0x0000000008009e28       0x10 build_arm_cortex_m3_base_application_stm32l/IPAddress.o
                0x0000000008009e28                IPAddress::IPAddress()
                0x0000000008009e28                IPAddress::IPAddress()
 .text._ZN9IPAddressC2Ehhhh
                0x0000000008009e38       0x1c build_arm_cortex_m3_base_application_stm32l/IPAddress.o
                0x0000000008009e38                IPAddress::IPAddress(unsigned char, unsigned char, unsigned char, unsigned char)
                0x0000000008009e38                IPAddress::IPAddress(unsigned char, unsigned char, unsigned char, unsigned char)
 .text.startup._GLOBAL__sub_I__ZN8SPIClassC2Ev
                0x0000000008009e54       0x14 build_arm_cortex_m3_base_application_stm32l/SPI.o
 .text._ZN7TwoWire9availableEv
                0x0000000008009e68       0x14 build_arm_cortex_m3_base_application_stm32l/Wire.o
                0x0000000008009e68                TwoWire::available()
 .text._ZN7TwoWire4readEv
                0x0000000008009e7c       0x28 build_arm_cortex_m3_base_application_stm32l/Wire.o
                0x0000000008009e7c                TwoWire::read()
 .text._ZN7TwoWire4peekEv
                0x0000000008009ea4       0x24 build_arm_cortex_m3_base_application_stm32l/Wire.o
                0x0000000008009ea4                TwoWire::peek()
 .text._ZN7TwoWire5flushEv
                0x0000000008009ec8        0x4 build_arm_cortex_m3_base_application_stm32l/Wire.o
                0x0000000008009ec8                TwoWire::flush()
 .text._ZN7TwoWire5writeEh
                0x0000000008009ecc       0x60 build_arm_cortex_m3_base_application_stm32l/Wire.o
                0x0000000008009ecc                TwoWire::write(unsigned char)
 .text._ZN7TwoWire5writeEPKhj
                0x0000000008009f2c       0x38 build_arm_cortex_m3_base_application_stm32l/Wire.o
                0x0000000008009f2c                TwoWire::write(unsigned char const*, unsigned int)
 .text.startup._GLOBAL__sub_I__ZN7TwoWire8rxBufferE
                0x0000000008009f64       0x1c build_arm_cortex_m3_base_application_stm32l/Wire.o
 .text._Z12twi_transmitPKhh
                0x0000000008009f80       0x48 build_arm_cortex_m3_base_application_stm32l/twi.o
                0x0000000008009f80                twi_transmit(unsigned char const*, unsigned char)
 .text.__cxa_pure_virtual
                0x0000000008009fc8       0x1c build_arm_cortex_m3_base_application_stm32l/mini_cpp.o
                0x0000000008009fc8                __cxa_pure_virtual
 .text._sbrk    0x0000000008009fe4       0x1c build_arm_cortex_m3_base_application_stm32l/mini_cpp.o
                0x0000000008009fe4                _sbrk
 .text.malloc   0x000000000800a000       0x10 ../../tools/gcc-arm-none-eabi-8-2018-q4-major/arm-none-eabi/lib/thumb/v7-m/nofp/libc.a(lib_a-malloc.o)
                0x000000000800a000                malloc