Archive member included to satisfy reference by file (symbol)

../../tools/gcc-arm-none-eabi-8-2018-q4-major/arm-none-eabi/lib/thumb/v7-m/nofp/libc.a(lib_a-atof.o)
                              build_arm_cortex_m3_base_application_stm32l/WString.o (atof)
../../tools/gcc-arm-none-eabi-8-2018-q4-major/arm-none-eabi/lib/thumb/v7-m/nofp/libc.a(lib_a-atol.o)
                              build_arm_cortex_m3_base_application_stm32l/WString.o (atol)
../../tools/gcc-arm-none-eabi-8-2018-q4-major/arm-none-eabi/lib/thumb/v7-m/nofp/libc.a(lib_a-isspace.o)
                              build_arm_cortex_m3_base_application_stm32l/WString.o (isspace)
../../tools/gcc-arm-none-eabi-8-2018-q4-major/arm-none-eabi/lib/thumb/v7-m/nofp/libc.a(lib_a-malloc.o)
                              build_arm_cortex_m3_base_application_stm32l/message.o (malloc)
../../tools/gcc-arm-none-eabi-8-2018-q4-major/arm-none-eabi/lib/thumb/v7-m/nofp/libc.a(lib_a-mallocr.o)
                              ../../tools/gcc-arm-none-eabi-8-2018-q4-major/arm-none-eabi/lib/thumb/v7-m/nofp/libc.a(lib_a-malloc.o) (_malloc_r)
../../tools/gcc-arm-none-eabi-8-2018-q4-major/arm-none-eabi/lib/thumb/v7-m/nofp/libc.a(lib_a-memcmp.o)
                              build_arm_cortex_m3_base_application_stm32l/task_fw.o (memcmp)
../../tools/gcc-arm-none-eabi-8-2018-q4-major/arm-none-eabi/lib/thumb/v7-m/nofp/libc.a(lib_a-memcpy.o)
                              build_arm_cortex_m3_base_application_stm32l/message.o (memcpy)
../../tools/gcc-arm-none-eabi-8-2018-q4-major/arm-none-eabi/lib/thumb/v7-m/nofp/libc.a(lib_a-memmove.o)
                              build_arm_cortex_m3_base_application_stm32l/PubSubClient.o (memmove)
../../tools/gcc-arm-none-eabi-8-2018-q4-major/arm-none-eabi/lib/thumb/v7-m/nofp/libc.a(lib_a-memset.o)
                              build_arm_cortex_m3_base_application_stm32l/xprintf.o (memset)
../../tools/gcc-arm-none-eabi-8-2018-q4-major/arm-none-eabi/lib/thumb/v7-m/nofp/libc.a(lib_a-mlock.o)
                              ../../tools/gcc-arm-none-eabi-8-2018-q4-major/arm-none-eabi/lib/thumb/v7-m/nofp/libc.a(lib_a-mallocr.o) (__malloc_lock)
../../tools/gcc-arm-none-eabi-8-2018-q4-major/arm-none-eabi/lib/thumb/v7-m/nofp/libc.a(lib_a-rand.o)
                              build_arm_cortex_m3_base_application_stm32l/WMath.o (srand)
../../tools/gcc-arm-none-eabi-8-2018-q4-major/arm-none-eabi/lib/thumb/v7-m/nofp/libc.a(lib_a-realloc.o)
                              build_arm_cortex_m3_base_application_stm32l/MPU6050.o (realloc)
../../tools/gcc-arm-none-eabi-8-2018-q4-major/arm-none-eabi/lib/thumb/v7-m/nofp/libc.a(lib_a-reallocr.o)
                              ../../tools/gcc-arm-none-eabi-8-2018-q4-major/arm-none-eabi/lib/thumb/v7-m/nofp/libc.a(lib_a-realloc.o) (_realloc_r)
../../tools/gcc-arm-none-eabi-8-2018-q4-major/arm-none-eabi/lib/thumb/v7-m/nofp/libc.a(lib_a-sbrkr.o)
                              ../../tools/gcc-arm-none-eabi-8-2018-q4-major/arm-none-eabi/lib/thumb/v7-m/nofp/libc.a(lib_a-mallocr.o) (_sbrk_r)
../../tools/gcc-arm-none-eabi-8-2018-q4-major/arm-none-eabi/lib/thumb/v7-m/nofp/libc.a(lib_a-strcat.o)
                              build_arm_cortex_m3_base_application_stm32l/dtostrf.o (strcat)
../../tools/gcc-arm-none-eabi-8-2018-q4-major/arm-none-eabi/lib/thumb/v7-m/nofp/libc.a(lib_a-strchr.o)
                              build_arm_cortex_m3_base_application_stm32l/WString.o (strchr)
../../tools/gcc-arm-none-eabi-8-2018-q4-major/arm-none-eabi/lib/thumb/v7-m/nofp/libc.a(lib_a-strcmp.o)
                              build_arm_cortex_m3_base_application_stm32l/cmd_line.o (strcmp)
../../tools/gcc-arm-none-eabi-8-2018-q4-major/arm-none-eabi/lib/thumb/v7-m/nofp/libc.a(lib_a-strcpy.o)
                              build_arm_cortex_m3_base_application_stm32l/sys_dbg.o (strcpy)
../../tools/gcc-arm-none-eabi-8-2018-q4-major/arm-none-eabi/lib/thumb/v7-m/nofp/libc.a(lib_a-strlen-stub.o)
                              build_arm_cortex_m3_base_application_stm32l/qrcode.o (strlen)
../../tools/gcc-arm-none-eabi-8-2018-q4-major/arm-none-eabi/lib/thumb/v7-m/nofp/libc.a(lib_a-strncmp.o)
                              build_arm_cortex_m3_base_application_stm32l/WString.o (strncmp)
../../tools/gcc-arm-none-eabi-8-2018-q4-major/arm-none-eabi/lib/thumb/v7-m/nofp/libc.a(lib_a-strncpy.o)
                              build_arm_cortex_m3_base_application_stm32l/WString.o (strncpy)
../../tools/gcc-arm-none-eabi-8-2018-q4-major/arm-none-eabi/lib/thumb/v7-m/nofp/libc.a(lib_a-strrchr.o)
                              build_arm_cortex_m3_base_application_stm32l/WString.o (strrchr)
../../tools/gcc-arm-none-eabi-8-2018-q4-major/arm-none-eabi/lib/thumb/v7-m/nofp/libc.a(lib_a-strstr.o)
                              build_arm_cortex_m3_base_application_stm32l/WString.o (strstr)
../../tools/gcc-arm-none-eabi-8-2018-q4-major/arm-none-eabi/lib/thumb/v7-m/nofp/libc.a(lib_a-strtod.o)
[...]
Memory Configuration

Name             Origin             Length             Attributes
FLASH            0x0000000008000000 0x000000000000d800 xr
SRAM             0x0000000020000000 0x0000000000004000 xrw
*default*        0x0000000000000000 0xffffffffffffffff

Linker script and memory map

                0x0000000000000400                HEAP_SIZE = 0x400

.start_flash    0x0000000008000000        0x0
                0x0000000008000000                _start_flash = .

.isr_vector     0x0000000008000000       0xf4
                0x0000000008000000                _isr_vector = .
 *(.isr_vector)
 .isr_vector    0x0000000008000000       0xf4 build_arm_cortex_m3_base_application_stm32l/system.o
                0x0000000008000000                isr_vector
                0x00000000080000f4                . = ALIGN (0x4)

.text           0x00000000080000f8     0xb7ec
                0x00000000080000f8                . = ALIGN (0x4)
 *(.text)
 .text          0x00000000080000f8        0x4 build_arm_cortex_m3_base_application_stm32l/sys_ctrl.o
                0x00000000080000f8                asm_test_add
 .text          0x00000000080000fc       0xec ../../tools/gcc-arm-none-eabi-8-2018-q4-major/arm-none-eabi/lib/thumb/v7-m/nofp/libc.a(lib_a-memcpy.o)
                0x00000000080000fc                memcpy
 .text          0x00000000080001e8      0x1bc ../../tools/gcc-arm-none-eabi-8-2018-q4-major/arm-none-eabi/lib/thumb/v7-m/nofp/libc.a(lib_a-strcmp.o)
                0x00000000080001e8                strcmp
 .text          0x00000000080003a4      0x378 ../../tools/gcc-arm-none-eabi-8-2018-q4-major/lib/gcc/arm-none-eabi/8.2.1/thumb/v7-m/nofp/libgcc.a(_arm_addsubdf3.o)
                0x00000000080003a4                __aeabi_drsub
                0x00000000080003ac                __aeabi_dsub
                0x00000000080003ac                __subdf3
                0x00000000080003b0                __adddf3
                0x00000000080003b0                __aeabi_dadd
                0x0000000008000628                __aeabi_ui2d
                0x0000000008000628                __floatunsidf
                0x0000000008000648                __floatsidf
                0x0000000008000648                __aeabi_i2d
                0x000000000800066c                __extendsfdf2
                0x000000000800066c                __aeabi_f2d
                0x00000000080006b0                __aeabi_ul2d
                0x00000000080006b0                __floatundidf
                0x00000000080006c0                __floatdidf
                0x00000000080006c0                __aeabi_l2d
 .text          0x000000000800071c      0x424 ../../tools/gcc-arm-none-eabi-8-2018-q4-major/lib/gcc/arm-none-eabi/8.2.1/thumb/v7-m/nofp/libgcc.a(_arm_muldivdf3.o)
                0x000000000800071c                __aeabi_dmul
                0x000000000800071c                __muldf3
                0x0000000008000970                __aeabi_ddiv
                0x0000000008000970                __divdf3
 .text          0x0000000008000b40       0x40 ../../tools/gcc-arm-none-eabi-8-2018-q4-major/lib/gcc/arm-none-eabi/8.2.1/thumb/v7-m/nofp/libgcc.a(_arm_fixunsdfsi.o)
                0x0000000008000b40                __fixunsdfsi
                0x0000000008000b40                __aeabi_d2uiz
 .text          0x0000000008000b80      0x21c ../../tools/gcc-arm-none-eabi-8-2018-q4-major/lib/gcc/arm-none-eabi/8.2.1/thumb/v7-m/nofp/libgcc.a(_arm_addsubsf3.o)
                0x0000000008000b80                __aeabi_frsub
                0x0000000008000b88                __subsf3
                0x0000000008000b88                __aeabi_fsub
                0x0000000008000b8c                __aeabi_fadd
                0x0000000008000b8c                __addsf3
                0x0000000008000cec                __aeabi_ui2f
                0x0000000008000cec                __floatunsisf
                0x0000000008000cf4                __aeabi_i2f
                0x0000000008000cf4                __floatsisf
                0x0000000008000d10                __floatundisf
                0x0000000008000d10                __aeabi_ul2f
                0x0000000008000d20                __floatdisf
                0x0000000008000d20                __aeabi_l2f
 *(.text*)
 .text.fsm_dispatch
                0x0000000008000d9c        0x8 build_arm_cortex_m3_base_application_stm32l/fsm.o
                0x0000000008000d9c                fsm_dispatch
 .text.task_create
                0x0000000008000da4       0x44 build_arm_cortex_m3_base_application_stm32l/task.o
                0x0000000008000da4                task_create
 .text.task_post
                0x0000000008000de8       0x90 build_arm_cortex_m3_base_application_stm32l/task.o
                0x0000000008000de8                task_post
 .text.task_remove_msg
                0x0000000008000e78       0x9c build_arm_cortex_m3_base_application_stm32l/task.o
                0x0000000008000e78                task_remove_msg
 .text.task_post_pure_msg
                0x0000000008000f14       0x18 build_arm_cortex_m3_base_application_stm32l/task.o
                0x0000000008000f14                task_post_pure_msg
 .text.task_post_common_msg
                0x0000000008000f2c       0x28 build_arm_cortex_m3_base_application_stm32l/task.o
                0x0000000008000f2c                task_post_common_msg
 .text.task_entry_interrupt
                0x0000000008000f54       0x38 build_arm_cortex_m3_base_application_stm32l/task.o
                0x0000000008000f54                task_entry_interrupt
 .text.task_exit_interrupt
                0x0000000008000f8c       0x24 build_arm_cortex_m3_base_application_stm32l/task.o
                0x0000000008000f8c                task_exit_interrupt
 .text.task_init
                0x0000000008000fb0       0x40 build_arm_cortex_m3_base_application_stm32l/task.o
                0x0000000008000fb0                task_init
 .text.task_run
                0x0000000008000ff0      0x164 build_arm_cortex_m3_base_application_stm32l/task.o
                0x0000000008000ff0                task_run
 .text.get_current_task_id
                0x0000000008001154        0xc build_arm_cortex_m3_base_application_stm32l/task.o
                0x0000000008001154                get_current_task_id
 .text.get_current_task_info
                0x0000000008001160        0x8 build_arm_cortex_m3_base_application_stm32l/task.o
                0x0000000008001160                get_current_task_info
 .text.get_current_active_object
                0x0000000008001168        0x8 build_arm_cortex_m3_base_application_stm32l/task.o
                0x0000000008001168                get_current_active_object
 .text.timer_remove_msg
                0x0000000008001170       0x5c build_arm_cortex_m3_base_application_stm32l/timer.o
 .text.task_timer_tick
                0x00000000080011cc       0x9c build_arm_cortex_m3_base_application_stm32l/timer.o
                0x00000000080011cc                task_timer_tick
 .text.timer_init
                0x0000000008001268       0x54 build_arm_cortex_m3_base_application_stm32l/timer.o
                0x0000000008001268                timer_init
 .text.timer_tick
                0x00000000080012bc       0x38 build_arm_cortex_m3_base_application_stm32l/timer.o
                0x00000000080012bc                timer_tick
 .text.timer_set
                0x00000000080012f4       0x98 build_arm_cortex_m3_base_application_stm32l/timer.o
                0x00000000080012f4                timer_set
 .text.timer_remove_attr
                0x000000000800138c       0x18 build_arm_cortex_m3_base_application_stm32l/timer.o
                0x000000000800138c                timer_remove_attr
 .text.msg_init
                0x00000000080013a4       0xc0 build_arm_cortex_m3_base_application_stm32l/message.o
                0x00000000080013a4                msg_init
 .text.msg_free
                0x0000000008001464       0x94 build_arm_cortex_m3_base_application_stm32l/message.o
                0x0000000008001464                msg_free
 .text.msg_inc_ref_count
                0x00000000080014f8       0x2c build_arm_cortex_m3_base_application_stm32l/message.o
                0x00000000080014f8                msg_inc_ref_count
 .text.ak_malloc
                0x0000000008001524       0x5c build_arm_cortex_m3_base_application_stm32l/message.o
                0x0000000008001524                ak_malloc
 .text.ak_free  0x0000000008001580        0x4 build_arm_cortex_m3_base_application_stm32l/message.o
                0x0000000008001580                ak_free
 .text.get_pure_msg
                0x0000000008001584       0x40 build_arm_cortex_m3_base_application_stm32l/message.o
                0x0000000008001584                get_pure_msg
 .text.get_common_msg
                0x00000000080015c4       0x44 build_arm_cortex_m3_base_application_stm32l/message.o
                0x00000000080015c4                get_common_msg
 .text.set_data_common_msg
                0x0000000008001608       0x50 build_arm_cortex_m3_base_application_stm32l/message.o
                0x0000000008001608                set_data_common_msg
 .text.get_data_common_msg
                0x0000000008001658       0x28 build_arm_cortex_m3_base_application_stm32l/message.o
                0x0000000008001658                get_data_common_msg
 .text.get_data_len_common_msg
                0x0000000008001680       0x28 build_arm_cortex_m3_base_application_stm32l/message.o
                0x0000000008001680                get_data_len_common_msg
 .text.get_dynamic_msg
                0x00000000080016a8       0x44 build_arm_cortex_m3_base_application_stm32l/message.o
                0x00000000080016a8                get_dynamic_msg
 .text.set_data_dynamic_msg
                0x00000000080016ec       0x3c build_arm_cortex_m3_base_application_stm32l/message.o
                0x00000000080016ec                set_data_dynamic_msg
 .text.get_data_dynamic_msg
                0x0000000008001728       0x28 build_arm_cortex_m3_base_application_stm32l/message.o
                0x0000000008001728                get_data_dynamic_msg
 .text.get_data_len_dynamic_msg
                0x0000000008001750        0x4 build_arm_cortex_m3_base_application_stm32l/message.o
                0x0000000008001750                get_data_len_dynamic_msg
 .text.log_queue_init
                0x0000000008001754       0x30 build_arm_cortex_m3_base_application_stm32l/log_queue.o
                0x0000000008001754                log_queue_init
 .text.log_queue_len
                0x0000000008001784        0x4 build_arm_cortex_m3_base_application_stm32l/log_queue.o
                0x0000000008001784                log_queue_len
 .text.log_queue_put
                0x0000000008001788       0x60 build_arm_cortex_m3_base_application_stm32l/log_queue.o
                0x0000000008001788                log_queue_put
 .text.log_queue_get
                0x00000000080017e8       0x30 build_arm_cortex_m3_base_application_stm32l/log_queue.o
                0x00000000080017e8                log_queue_get
 .text.fifo_init
                0x0000000008001818       0x14 build_arm_cortex_m3_base_application_stm32l/fifo.o
                0x0000000008001818                fifo_init
 .text.fifo_availble
                0x000000000800182c        0x4 build_arm_cortex_m3_base_application_stm32l/fifo.o
                0x000000000800182c                fifo_availble
 .text.fifo_is_full
                0x0000000008001830       0x10 build_arm_cortex_m3_base_application_stm32l/fifo.o
                0x0000000008001830                fifo_is_full
 .text.fifo_put
                0x0000000008001840       0x58 build_arm_cortex_m3_base_application_stm32l/fifo.o
                0x0000000008001840                fifo_put
 .text.fifo_get
                0x0000000008001898       0x54 build_arm_cortex_m3_base_application_stm32l/fifo.o
                0x0000000008001898                fifo_get
 .text.ring_buffer_char_init
                0x00000000080018ec        0xc build_arm_cortex_m3_base_application_stm32l/ring_buffer.o
                0x00000000080018ec                ring_buffer_char_init
 .text.ring_buffer_char_is_empty
                0x00000000080018f8        0xc build_arm_cortex_m3_base_application_stm32l/ring_buffer.o
                0x00000000080018f8                ring_buffer_char_is_empty
 .text.ring_buffer_char_put
                0x0000000008001904       0x38 build_arm_cortex_m3_base_application_stm32l/ring_buffer.o
                0x0000000008001904                ring_buffer_char_put
 .text.ring_buffer_char_get
                0x000000000800193c       0x2c build_arm_cortex_m3_base_application_stm32l/ring_buffer.o
                0x000000000800193c                ring_buffer_char_get
 .text.mem_read
                0x0000000008001968       0x20 build_arm_cortex_m3_base_application_stm32l/utils.o
                0x0000000008001968                mem_read
 .text.mem_write
                0x0000000008001988       0x20 build_arm_cortex_m3_base_application_stm32l/utils.o
                0x0000000008001988                mem_write
 .text.xputc    0x00000000080019a8       0x28 build_arm_cortex_m3_base_application_stm32l/xprintf.o
                0x00000000080019a8                xputc
 .text.sxputc   0x00000000080019d0       0x10 build_arm_cortex_m3_base_application_stm32l/xprintf.o
                0x00000000080019d0                sxputc
 .text.xputchar
                0x00000000080019e0        0xc build_arm_cortex_m3_base_application_stm32l/xprintf.o
                0x00000000080019e0                xputchar
 .text.xstream  0x00000000080019ec      0x18c build_arm_cortex_m3_base_application_stm32l/xprintf.o
                0x00000000080019ec                xstream
 .text.xprintf  0x0000000008001b78       0x28 build_arm_cortex_m3_base_application_stm32l/xprintf.o
                0x0000000008001b78                xprintf
 .text.set_dymc_output_type
                0x0000000008001ba0       0x18 build_arm_cortex_m3_base_application_stm32l/xprintf.o
                0x0000000008001ba0                set_dymc_output_type
 .text.xdymcprintf
                0x0000000008001bb8       0x74 build_arm_cortex_m3_base_application_stm32l/xprintf.o
                0x0000000008001bb8                xdymcprintf
 .text.cmd_line_parser
                0x0000000008001c2c       0x84 build_arm_cortex_m3_base_application_stm32l/cmd_line.o
                0x0000000008001c2c                cmd_line_parser
 .text.flash_wait_to_idle
                0x0000000008001cb0       0x44 build_arm_cortex_m3_base_application_stm32l/flash.o
 .text.flash_set_write_enable.constprop.0
                0x0000000008001cf4       0x1c build_arm_cortex_m3_base_application_stm32l/flash.o
 .text.flash_read
                0x0000000008001d10       0x4c build_arm_cortex_m3_base_application_stm32l/flash.o
                0x0000000008001d10                flash_read
 .text.flash_write
                0x0000000008001d5c       0x88 build_arm_cortex_m3_base_application_stm32l/flash.o
                0x0000000008001d5c                flash_write
 .text.flash_erase_sector
                0x0000000008001de4       0x48 build_arm_cortex_m3_base_application_stm32l/flash.o
                0x0000000008001de4                flash_erase_sector
 .text.flash_erase_block_64k
                0x0000000008001e2c       0x48 build_arm_cortex_m3_base_application_stm32l/flash.o
                0x0000000008001e2c                flash_erase_block_64k
 .text.flash_erase_full
                0x0000000008001e74       0x28 build_arm_cortex_m3_base_application_stm32l/flash.o
                0x0000000008001e74                flash_erase_full
 .text.led_init
                0x0000000008001e9c       0x20 build_arm_cortex_m3_base_application_stm32l/led.o
                0x0000000008001e9c                led_init
 .text.led_toggle
                0x0000000008001ebc       0x20 build_arm_cortex_m3_base_application_stm32l/led.o
                0x0000000008001ebc                led_toggle
 .text.applyMask
                0x0000000008001edc      0x15c build_arm_cortex_m3_base_application_stm32l/qrcode.o
 .text.setFunctionModule
                0x0000000008002038       0x4c build_arm_cortex_m3_base_application_stm32l/qrcode.o
 .text.drawFinderPattern
                0x0000000008002084       0x90 build_arm_cortex_m3_base_application_stm32l/qrcode.o
 .text.drawFormatBits
                0x0000000008002114      0x120 build_arm_cortex_m3_base_application_stm32l/qrcode.o
 .text.qrcode_getBufferSize
                0x0000000008002234       0x10 build_arm_cortex_m3_base_application_stm32l/qrcode.o
                0x0000000008002234                qrcode_getBufferSize
 .text.qrcode_initBytes
                0x0000000008002244      0xe5c build_arm_cortex_m3_base_application_stm32l/qrcode.o
                0x0000000008002244                qrcode_initBytes
 .text.qrcode_initText
                0x00000000080030a0       0x30 build_arm_cortex_m3_base_application_stm32l/qrcode.o
                0x00000000080030a0                qrcode_initText
 .text.qrcode_getModule
                0x00000000080030d0       0x28 build_arm_cortex_m3_base_application_stm32l/qrcode.o
                0x00000000080030d0                qrcode_getModule
 .text.sys_dbg_fatal
                0x00000000080030f8      0x458 build_arm_cortex_m3_base_application_stm32l/sys_dbg.o
                0x00000000080030f8                sys_dbg_fatal
 .text.sys_dbg_func_stack_dump
                0x0000000008003550        0x4 build_arm_cortex_m3_base_application_stm32l/sys_dbg.o
                0x0000000008003550                sys_dbg_func_stack_dump
 .text.sys_dbg_cpu_dump
                0x0000000008003554       0x4c build_arm_cortex_m3_base_application_stm32l/sys_dbg.o
                0x0000000008003554                sys_dbg_cpu_dump
 .text.sys_dbg_stack_space_dump
                0x00000000080035a0       0x34 build_arm_cortex_m3_base_application_stm32l/sys_dbg.o
                0x00000000080035a0                sys_dbg_stack_space_dump
 .text.sys_boot_init
                0x00000000080035d4        0x4 build_arm_cortex_m3_base_application_stm32l/sys_boot.o
                0x00000000080035d4                sys_boot_init
 .text.sys_boot_get
                0x00000000080035d8        0x4 build_arm_cortex_m3_base_application_stm32l/sys_boot.o
                0x00000000080035d8                sys_boot_get
 .text.sys_boot_set
                0x00000000080035dc        0x4 build_arm_cortex_m3_base_application_stm32l/sys_boot.o
                0x00000000080035dc                sys_boot_set
 .text.sys_svc_restart_app
                0x00000000080035e0        0x4 build_arm_cortex_m3_base_application_stm32l/sys_svc.o
                0x00000000080035e0                sys_svc_restart_app
 .text.hal_nrf_rw
                0x00000000080035e4        0x4 build_arm_cortex_m3_base_application_stm32l/hal_nrf_hw.o
                0x00000000080035e4                hal_nrf_rw
 .text.hal_nrf_read_rx_pl_w
                0x00000000080035e8       0x1c build_arm_cortex_m3_base_application_stm32l/hal_nrf_l01.o
                0x00000000080035e8                hal_nrf_read_rx_pl_w
 .text.hal_nrf_get_rx_data_source
                0x0000000008003604       0x18 build_arm_cortex_m3_base_application_stm32l/hal_nrf_l01.o
                0x0000000008003604                hal_nrf_get_rx_data_source
 .text.hal_nrf_rx_fifo_empty
                0x000000000800361c       0x14 build_arm_cortex_m3_base_application_stm32l/hal_nrf_l01.o
                0x000000000800361c                hal_nrf_rx_fifo_empty
 .text.hal_nrf_read_reg
                0x0000000008003630       0x20 build_arm_cortex_m3_base_application_stm32l/hal_nrf_l01.o
                0x0000000008003630                hal_nrf_read_reg
 .text.hal_nrf_write_reg
                0x0000000008003650       0x5c build_arm_cortex_m3_base_application_stm32l/hal_nrf_l01.o
                0x0000000008003650                hal_nrf_write_reg
 .text.hal_nrf_set_irq_mode
                0x00000000080036ac       0x38 build_arm_cortex_m3_base_application_stm32l/hal_nrf_l01.o
                0x00000000080036ac                hal_nrf_set_irq_mode
 .text.hal_nrf_get_clear_irq_flags
                0x00000000080036e4       0x10 build_arm_cortex_m3_base_application_stm32l/hal_nrf_l01.o
                0x00000000080036e4                hal_nrf_get_clear_irq_flags
 .text.hal_nrf_set_crc_mode
                0x00000000080036f4       0x20 build_arm_cortex_m3_base_application_stm32l/hal_nrf_l01.o
                0x00000000080036f4                hal_nrf_set_crc_mode
 .text.hal_nrf_open_pipe
                0x0000000008003714       0x78 build_arm_cortex_m3_base_application_stm32l/hal_nrf_l01.o
                0x0000000008003714                hal_nrf_open_pipe
 .text.hal_nrf_close_pipe
                0x000000000800378c       0x54 build_arm_cortex_m3_base_application_stm32l/hal_nrf_l01.o
                0x000000000800378c                hal_nrf_close_pipe
 .text.hal_nrf_set_auto_retr
                0x00000000080037e0       0x1c build_arm_cortex_m3_base_application_stm32l/hal_nrf_l01.o
                0x00000000080037e0                hal_nrf_set_auto_retr
 .text.hal_nrf_set_address_width
                0x00000000080037fc        0xc build_arm_cortex_m3_base_application_stm32l/hal_nrf_l01.o
                0x00000000080037fc                hal_nrf_set_address_width
 .text.hal_nrf_set_rx_pload_width
                0x0000000008003808        0x8 build_arm_cortex_m3_base_application_stm32l/hal_nrf_l01.o
                0x0000000008003808                hal_nrf_set_rx_pload_width
 .text.hal_nrf_set_operation_mode
                0x0000000008003810       0x30 build_arm_cortex_m3_base_application_stm32l/hal_nrf_l01.o
                0x0000000008003810                hal_nrf_set_operation_mode
 .text.hal_nrf_set_power_mode
                0x0000000008003840       0x30 build_arm_cortex_m3_base_application_stm32l/hal_nrf_l01.o
                0x0000000008003840                hal_nrf_set_power_mode
 .text.hal_nrf_set_rf_channel
                0x0000000008003870        0x8 build_arm_cortex_m3_base_application_stm32l/hal_nrf_l01.o
                0x0000000008003870                hal_nrf_set_rf_channel
 .text.hal_nrf_set_output_power
                0x0000000008003878       0x20 build_arm_cortex_m3_base_application_stm32l/hal_nrf_l01.o
                0x0000000008003878                hal_nrf_set_output_power
 .text.hal_nrf_set_datarate
                0x0000000008003898       0x30 build_arm_cortex_m3_base_application_stm32l/hal_nrf_l01.o
                0x0000000008003898                hal_nrf_set_datarate
 .text.hal_nrf_flush_rx
                0x00000000080038c8        0x8 build_arm_cortex_m3_base_application_stm32l/hal_nrf_l01.o
                0x00000000080038c8                hal_nrf_flush_rx
 .text.hal_nrf_flush_tx
                0x00000000080038d0        0x8 build_arm_cortex_m3_base_application_stm32l/hal_nrf_l01.o
                0x00000000080038d0                hal_nrf_flush_tx
 .text.hal_nrf_set_lna_gain
                0x00000000080038d8       0x30 build_arm_cortex_m3_base_application_stm32l/hal_nrf_l01.o
                0x00000000080038d8                hal_nrf_set_lna_gain
 .text.hal_nrf_read_multibyte_reg
                0x0000000008003908       0x84 build_arm_cortex_m3_base_application_stm32l/hal_nrf_l01.o
                0x0000000008003908                hal_nrf_read_multibyte_reg
 .text.hal_nrf_read_rx_pload
                0x000000000800398c        0x8 build_arm_cortex_m3_base_application_stm32l/hal_nrf_l01.o
                0x000000000800398c                hal_nrf_read_rx_pload
 .text.hal_nrf_write_multibyte_reg
                0x0000000008003994       0x5c build_arm_cortex_m3_base_application_stm32l/hal_nrf_l01.o
                0x0000000008003994                hal_nrf_write_multibyte_reg
 .text.hal_nrf_set_address
                0x00000000080039f0       0x2c build_arm_cortex_m3_base_application_stm32l/hal_nrf_l01.o
                0x00000000080039f0                hal_nrf_set_address
 .text.hal_nrf_write_tx_pload
                0x0000000008003a1c        0xc build_arm_cortex_m3_base_application_stm32l/hal_nrf_l01.o
                0x0000000008003a1c                hal_nrf_write_tx_pload
 .text.GPIO_Init
                0x0000000008003a28       0x84 build_arm_cortex_m3_base_application_stm32l/stm32l1xx_gpio.o
                0x0000000008003a28                GPIO_Init
 .text.GPIO_SetBits
                0x0000000008003aac        0x4 build_arm_cortex_m3_base_application_stm32l/stm32l1xx_gpio.o
                0x0000000008003aac                GPIO_SetBits
 .text.GPIO_ResetBits
                0x0000000008003ab0        0x4 build_arm_cortex_m3_base_application_stm32l/stm32l1xx_gpio.o
                0x0000000008003ab0                GPIO_ResetBits
 .text.GPIO_PinAFConfig
                0x0000000008003ab4       0x28 build_arm_cortex_m3_base_application_stm32l/stm32l1xx_gpio.o
                0x0000000008003ab4                GPIO_PinAFConfig
 .text.RCC_HSICmd
                0x0000000008003adc        0xc build_arm_cortex_m3_base_application_stm32l/stm32l1xx_rcc.o
                0x0000000008003adc                RCC_HSICmd
 .text.RCC_GetClocksFreq
                0x0000000008003ae8       0xac build_arm_cortex_m3_base_application_stm32l/stm32l1xx_rcc.o
                0x0000000008003ae8                RCC_GetClocksFreq
 .text.RCC_AHBPeriphClockCmd
                0x0000000008003b94       0x18 build_arm_cortex_m3_base_application_stm32l/stm32l1xx_rcc.o
                0x0000000008003b94                RCC_AHBPeriphClockCmd
 .text.RCC_APB2PeriphClockCmd
                0x0000000008003bac       0x18 build_arm_cortex_m3_base_application_stm32l/stm32l1xx_rcc.o
                0x0000000008003bac                RCC_APB2PeriphClockCmd
 .text.RCC_APB1PeriphClockCmd
                0x0000000008003bc4       0x18 build_arm_cortex_m3_base_application_stm32l/stm32l1xx_rcc.o
                0x0000000008003bc4                RCC_APB1PeriphClockCmd
 .text.RCC_APB2PeriphResetCmd
                0x0000000008003bdc       0x18 build_arm_cortex_m3_base_application_stm32l/stm32l1xx_rcc.o
                0x0000000008003bdc                RCC_APB2PeriphResetCmd
 .text.RCC_APB1PeriphResetCmd
                0x0000000008003bf4       0x18 build_arm_cortex_m3_base_application_stm32l/stm32l1xx_rcc.o
                0x0000000008003bf4                RCC_APB1PeriphResetCmd
 .text.RCC_GetFlagStatus
                0x0000000008003c0c       0x20 build_arm_cortex_m3_base_application_stm32l/stm32l1xx_rcc.o
                0x0000000008003c0c                RCC_GetFlagStatus
 .text.USART_Init
                0x0000000008003c2c       0xb4 build_arm_cortex_m3_base_application_stm32l/stm32l1xx_usart.o
                0x0000000008003c2c                USART_Init
 .text.USART_Cmd
                0x0000000008003ce0       0x18 build_arm_cortex_m3_base_application_stm32l/stm32l1xx_usart.o
                0x0000000008003ce0                USART_Cmd
 .text.USART_SendData
                0x0000000008003cf8        0x8 build_arm_cortex_m3_base_application_stm32l/stm32l1xx_usart.o
                0x0000000008003cf8                USART_SendData
 .text.USART_ReceiveData
                0x0000000008003d00        0x8 build_arm_cortex_m3_base_application_stm32l/stm32l1xx_usart.o
                0x0000000008003d00                USART_ReceiveData
 .text.USART_ITConfig
                0x0000000008003d08       0x38 build_arm_cortex_m3_base_application_stm32l/stm32l1xx_usart.o
                0x0000000008003d08                USART_ITConfig
 .text.USART_GetFlagStatus
                0x0000000008003d40        0xc build_arm_cortex_m3_base_application_stm32l/stm32l1xx_usart.o
                0x0000000008003d40                USART_GetFlagStatus
 .text.USART_GetITStatus
                0x0000000008003d4c       0x44 build_arm_cortex_m3_base_application_stm32l/stm32l1xx_usart.o
                0x0000000008003d4c                USART_GetITStatus
 .text.USART_ClearITPendingBit
                0x0000000008003d90       0x10 build_arm_cortex_m3_base_application_stm32l/stm32l1xx_usart.o
                0x0000000008003d90                USART_ClearITPendingBit
 .text.SPI_I2S_DeInit
                0x0000000008003da0       0x6c build_arm_cortex_m3_base_application_stm32l/stm32l1xx_spi.o
                0x0000000008003da0                SPI_I2S_DeInit
 .text.SPI_Init
                0x0000000008003e0c       0x40 build_arm_cortex_m3_base_application_stm32l/stm32l1xx_spi.o
                0x0000000008003e0c                SPI_Init
 .text.SPI_Cmd  0x0000000008003e4c       0x18 build_arm_cortex_m3_base_application_stm32l/stm32l1xx_spi.o
                0x0000000008003e4c                SPI_Cmd
 .text.SPI_I2S_ReceiveData
                0x0000000008003e64        0x4 build_arm_cortex_m3_base_application_stm32l/stm32l1xx_spi.o
                0x0000000008003e64                SPI_I2S_ReceiveData
 .text.SPI_I2S_SendData
                0x0000000008003e68        0x4 build_arm_cortex_m3_base_application_stm32l/stm32l1xx_spi.o
                0x0000000008003e68                SPI_I2S_SendData
 .text.SPI_I2S_GetFlagStatus
                0x0000000008003e6c        0xc build_arm_cortex_m3_base_application_stm32l/stm32l1xx_spi.o
                0x0000000008003e6c                SPI_I2S_GetFlagStatus
 .text.NVIC_PriorityGroupConfig
                0x0000000008003e78       0x14 build_arm_cortex_m3_base_application_stm32l/misc.o
                0x0000000008003e78                NVIC_PriorityGroupConfig
 .text.NVIC_Init
                0x0000000008003e8c       0x5c build_arm_cortex_m3_base_application_stm32l/misc.o
                0x0000000008003e8c                NVIC_Init
 .text.EXTI_Init
                0x0000000008003ee8       0x7c build_arm_cortex_m3_base_application_stm32l/stm32l1xx_exti.o
                0x0000000008003ee8                EXTI_Init
 .text.EXTI_GetFlagStatus
                0x0000000008003f64       0x14 build_arm_cortex_m3_base_application_stm32l/stm32l1xx_exti.o
                0x0000000008003f64                EXTI_GetFlagStatus
 .text.EXTI_GetITStatus
                0x0000000008003f78        0x4 build_arm_cortex_m3_base_application_stm32l/stm32l1xx_exti.o
                0x0000000008003f78                EXTI_GetITStatus
 .text.EXTI_ClearITPendingBit
                0x0000000008003f7c        0xc build_arm_cortex_m3_base_application_stm32l/stm32l1xx_exti.o
                0x0000000008003f7c                EXTI_ClearITPendingBit
 .text.SYSCFG_EXTILineConfig
                0x0000000008003f88       0x30 build_arm_cortex_m3_base_application_stm32l/stm32l1xx_syscfg.o
                0x0000000008003f88                SYSCFG_EXTILineConfig
 .text.TIM_TimeBaseInit
                0x0000000008003fb8       0x5c build_arm_cortex_m3_base_application_stm32l/stm32l1xx_tim.o
                0x0000000008003fb8                TIM_TimeBaseInit
 .text.TIM_Cmd  0x0000000008004014       0x18 build_arm_cortex_m3_base_application_stm32l/stm32l1xx_tim.o
                0x0000000008004014                TIM_Cmd
 .text.TIM_ITConfig
                0x000000000800402c       0x14 build_arm_cortex_m3_base_application_stm32l/stm32l1xx_tim.o
                0x000000000800402c                TIM_ITConfig
 .text.TIM_GetITStatus
                0x0000000008004040       0x18 build_arm_cortex_m3_base_application_stm32l/stm32l1xx_tim.o
                0x0000000008004040                TIM_GetITStatus
 .text.TIM_ClearITPendingBit
                0x0000000008004058        0x8 build_arm_cortex_m3_base_application_stm32l/stm32l1xx_tim.o
                0x0000000008004058                TIM_ClearITPendingBit
 .text.ADC_TempSensorVrefintCmd
                0x0000000008004060       0x1c build_arm_cortex_m3_base_application_stm32l/stm32l1xx_adc.o
                0x0000000008004060                ADC_TempSensorVrefintCmd
 .text.ADC_RegularChannelConfig
                0x000000000800407c      0x108 build_arm_cortex_m3_base_application_stm32l/stm32l1xx_adc.o
                0x000000000800407c                ADC_RegularChannelConfig
 .text.ADC_SoftwareStartConv
                0x0000000008004184        0xc build_arm_cortex_m3_base_application_stm32l/stm32l1xx_adc.o
                0x0000000008004184                ADC_SoftwareStartConv
 .text.ADC_GetConversionValue
                0x0000000008004190        0x8 build_arm_cortex_m3_base_application_stm32l/stm32l1xx_adc.o
                0x0000000008004190                ADC_GetConversionValue
 .text.ADC_GetFlagStatus
                0x0000000008004198        0xc build_arm_cortex_m3_base_application_stm32l/stm32l1xx_adc.o
                0x0000000008004198                ADC_GetFlagStatus
 .text.PWR_UltraLowPowerCmd
                0x00000000080041a4        0xc build_arm_cortex_m3_base_application_stm32l/stm32l1xx_pwr.o
                0x00000000080041a4                PWR_UltraLowPowerCmd
 .text.PWR_EnterSleepMode
                0x00000000080041b0       0x38 build_arm_cortex_m3_base_application_stm32l/stm32l1xx_pwr.o
                0x00000000080041b0                PWR_EnterSleepMode
 .text.PWR_EnterSTOPMode
                0x00000000080041e8       0x3c build_arm_cortex_m3_base_application_stm32l/stm32l1xx_pwr.o
                0x00000000080041e8                PWR_EnterSTOPMode
 .text.FLASH_Unlock
                0x0000000008004224       0x38 build_arm_cortex_m3_base_application_stm32l/stm32l1xx_flash.o
                0x0000000008004224                FLASH_Unlock
 .text.FLASH_Lock
                0x000000000800425c       0x10 build_arm_cortex_m3_base_application_stm32l/stm32l1xx_flash.o
                0x000000000800425c                FLASH_Lock
 .text.DATA_EEPROM_Unlock
                0x000000000800426c       0x20 build_arm_cortex_m3_base_application_stm32l/stm32l1xx_flash.o
                0x000000000800426c                DATA_EEPROM_Unlock
 .text.DATA_EEPROM_Lock
                0x000000000800428c       0x10 build_arm_cortex_m3_base_application_stm32l/stm32l1xx_flash.o
                0x000000000800428c                DATA_EEPROM_Lock
 .text.FLASH_OB_Unlock
                0x000000000800429c       0x38 build_arm_cortex_m3_base_application_stm32l/stm32l1xx_flash.o
                0x000000000800429c                FLASH_OB_Unlock
 .text.FLASH_OB_Launch
                0x00000000080042d4       0x10 build_arm_cortex_m3_base_application_stm32l/stm32l1xx_flash.o
                0x00000000080042d4                FLASH_OB_Launch
 .text.FLASH_OB_GetBOR
                0x00000000080042e4       0x10 build_arm_cortex_m3_base_application_stm32l/stm32l1xx_flash.o
                0x00000000080042e4                FLASH_OB_GetBOR
 .text.FLASH_ClearFlag
                0x00000000080042f4        0xc build_arm_cortex_m3_base_application_stm32l/stm32l1xx_flash.o
                0x00000000080042f4                FLASH_ClearFlag
 .text.FLASH_GetStatus
                0x0000000008004300       0x28 build_arm_cortex_m3_base_application_stm32l/stm32l1xx_flash.o
                0x0000000008004300                FLASH_GetStatus
 .text.FLASH_WaitForLastOperation
                0x0000000008004328       0x48 build_arm_cortex_m3_base_application_stm32l/stm32l1xx_flash.o
                0x0000000008004328                FLASH_WaitForLastOperation
 .text.FLASH_ErasePage
                0x0000000008004370       0x48 build_arm_cortex_m3_base_application_stm32l/stm32l1xx_flash.o
                0x0000000008004370                FLASH_ErasePage
 .text.FLASH_FastProgramWord
                0x00000000080043b8       0x24 build_arm_cortex_m3_base_application_stm32l/stm32l1xx_flash.o
                0x00000000080043b8                FLASH_FastProgramWord
 .text.DATA_EEPROM_FastProgramWord
                0x00000000080043dc       0x30 build_arm_cortex_m3_base_application_stm32l/stm32l1xx_flash.o
                0x00000000080043dc                DATA_EEPROM_FastProgramWord
 .text.DATA_EEPROM_ProgramByte
                0x000000000800440c       0x54 build_arm_cortex_m3_base_application_stm32l/stm32l1xx_flash.o
                0x000000000800440c                DATA_EEPROM_ProgramByte
 .text.FLASH_OB_BORConfig
                0x0000000008004460       0x3c build_arm_cortex_m3_base_application_stm32l/stm32l1xx_flash.o
                0x0000000008004460                FLASH_OB_BORConfig
 .text.IWDG_WriteAccessCmd
                0x000000000800449c        0xc build_arm_cortex_m3_base_application_stm32l/stm32l1xx_iwdg.o
                0x000000000800449c                IWDG_WriteAccessCmd
 .text.IWDG_SetPrescaler
                0x00000000080044a8        0xc build_arm_cortex_m3_base_application_stm32l/stm32l1xx_iwdg.o
                0x00000000080044a8                IWDG_SetPrescaler
 .text.IWDG_SetReload
                0x00000000080044b4        0xc build_arm_cortex_m3_base_application_stm32l/stm32l1xx_iwdg.o
                0x00000000080044b4                IWDG_SetReload
 .text.IWDG_ReloadCounter
                0x00000000080044c0       0x10 build_arm_cortex_m3_base_application_stm32l/stm32l1xx_iwdg.o
                0x00000000080044c0                IWDG_ReloadCounter
 .text.IWDG_Enable
                0x00000000080044d0       0x10 build_arm_cortex_m3_base_application_stm32l/stm32l1xx_iwdg.o
                0x00000000080044d0                IWDG_Enable
 .text.DAC_Init
                0x00000000080044e0       0x2c build_arm_cortex_m3_base_application_stm32l/stm32l1xx_dac.o
                0x00000000080044e0                DAC_Init
 .text.DAC_Cmd  0x000000000800450c       0x20 build_arm_cortex_m3_base_application_stm32l/stm32l1xx_dac.o
                0x000000000800450c                DAC_Cmd
 .text.DAC_SetChannel2Data
                0x000000000800452c       0x20 build_arm_cortex_m3_base_application_stm32l/stm32l1xx_dac.o
                0x000000000800452c                DAC_SetChannel2Data
 .text.I2C_SendData
                0x000000000800454c        0x4 build_arm_cortex_m3_base_application_stm32l/stm32l1xx_i2c.o
                0x000000000800454c                I2C_SendData
 .text.I2C_CheckEvent
                0x0000000008004550       0x18 build_arm_cortex_m3_base_application_stm32l/stm32l1xx_i2c.o
                0x0000000008004550                I2C_CheckEvent
 .text.disable_interrupts
                0x0000000008004568       0x10 build_arm_cortex_m3_base_application_stm32l/platform.o
                0x0000000008004568                disable_interrupts
 .text.entry_critical
                0x0000000008004578       0x14 build_arm_cortex_m3_base_application_stm32l/platform.o
                0x0000000008004578                entry_critical
 .text.exit_critical
                0x000000000800458c       0x34 build_arm_cortex_m3_base_application_stm32l/platform.o
                0x000000000800458c                exit_critical
 .text.get_nest_entry_critical_counter
                0x00000000080045c0        0xc build_arm_cortex_m3_base_application_stm32l/platform.o
                0x00000000080045c0                get_nest_entry_critical_counter
 .text.svc_handler
                0x00000000080045cc       0x14 build_arm_cortex_m3_base_application_stm32l/system.o
                0x00000000080045cc                svc_handler
 .text.pendsv_handler
                0x00000000080045e0       0x44 build_arm_cortex_m3_base_application_stm32l/system.o
                0x00000000080045e0                pendsv_handler
 .text.default_handler
                0x0000000008004624       0x1c build_arm_cortex_m3_base_application_stm32l/system.o
                0x0000000008004624                default_handler
                0x0000000008004624                dg_monitor_handler
 .text.nmi_handler
                0x0000000008004640       0x1c build_arm_cortex_m3_base_application_stm32l/system.o
                0x0000000008004640                nmi_handler
 .text.hard_fault_handler
                0x000000000800465c       0x1c build_arm_cortex_m3_base_application_stm32l/system.o
                0x000000000800465c                hard_fault_handler
 .text.mem_manage_handler
                0x0000000008004678       0x1c build_arm_cortex_m3_base_application_stm32l/system.o
                0x0000000008004678                mem_manage_handler
 .text.bus_fault_handler
                0x0000000008004694       0x1c build_arm_cortex_m3_base_application_stm32l/system.o
                0x0000000008004694                bus_fault_handler
 .text.usage_fault_handler
                0x00000000080046b0       0x1c build_arm_cortex_m3_base_application_stm32l/system.o
                0x00000000080046b0                usage_fault_handler
 .text.systick_handler
                0x00000000080046cc       0x48 build_arm_cortex_m3_base_application_stm32l/system.o
                0x00000000080046cc                systick_handler
 .text.shell_handler
                0x0000000008004714       0x84 build_arm_cortex_m3_base_application_stm32l/system.o
                0x0000000008004714                shell_handler
 .text.exti_line1_irq
                0x0000000008004798       0x28 build_arm_cortex_m3_base_application_stm32l/system.o
                0x0000000008004798                exti_line1_irq
 .text.usart3_irq
                0x00000000080047c0       0x14 build_arm_cortex_m3_base_application_stm32l/system.o
                0x00000000080047c0                usart3_irq
 .text.timer7_irq
                0x00000000080047d4       0x24 build_arm_cortex_m3_base_application_stm32l/system.o
                0x00000000080047d4                timer7_irq
 .text.sys_ctrl_delay
                0x00000000080047f8        0xc build_arm_cortex_m3_base_application_stm32l/system.o
                0x00000000080047f8                sys_ctrl_delay
 .text.reset_handler
                0x0000000008004804       0xf8 build_arm_cortex_m3_base_application_stm32l/system.o
                0x0000000008004804                reset_handler
 .text.sys_ctrl_millis
                0x00000000080048fc       0x20 build_arm_cortex_m3_base_application_stm32l/system.o
                0x00000000080048fc                sys_ctrl_millis
 .text._init    0x000000000800491c        0x4 build_arm_cortex_m3_base_application_stm32l/system.o
                0x000000000800491c                _init
 .text.svc_exe  0x0000000008004920       0x20 build_arm_cortex_m3_base_application_stm32l/system.o
                0x0000000008004920                svc_exe
 .text.sys_ctrl_shell_put_char_block
                0x0000000008004940       0x2c build_arm_cortex_m3_base_application_stm32l/sys_cfg.o
                0x0000000008004940                sys_ctrl_shell_put_char_block
 .text.sys_ctrl_shell_put_char
                0x000000000800496c       0x38 build_arm_cortex_m3_base_application_stm32l/sys_cfg.o
                0x000000000800496c                sys_ctrl_shell_put_char
 .text.sys_cfg_clock
                0x00000000080049a4       0x24 build_arm_cortex_m3_base_application_stm32l/sys_cfg.o
                0x00000000080049a4                sys_cfg_clock
 .text.sys_cfg_tick
                0x00000000080049c8       0x4c build_arm_cortex_m3_base_application_stm32l/sys_cfg.o
                0x00000000080049c8                sys_cfg_tick
 .text.sys_cfg_console
                0x0000000008004a14      0x108 build_arm_cortex_m3_base_application_stm32l/sys_cfg.o
                0x0000000008004a14                sys_cfg_console
 .text.sys_cfg_svc
                0x0000000008004b1c       0x24 build_arm_cortex_m3_base_application_stm32l/sys_cfg.o
                0x0000000008004b1c                sys_cfg_svc
 .text.sys_cfg_pendsv
                0x0000000008004b40       0x24 build_arm_cortex_m3_base_application_stm32l/sys_cfg.o
                0x0000000008004b40                sys_cfg_pendsv
 .text.sys_cfg_update_info
                0x0000000008004b64      0x114 build_arm_cortex_m3_base_application_stm32l/sys_cfg.o
                0x0000000008004b64                sys_cfg_update_info
 .text.sys_ctrl_shell_sw_to_block
                0x0000000008004c78       0x54 build_arm_cortex_m3_base_application_stm32l/sys_cfg.o
                0x0000000008004c78                sys_ctrl_shell_sw_to_block
 .text.sys_ctrl_shell_sw_to_nonblock
                0x0000000008004ccc       0x2c build_arm_cortex_m3_base_application_stm32l/sys_cfg.o
                0x0000000008004ccc                sys_ctrl_shell_sw_to_nonblock
 .text.sys_ctrl_shell_get_char
                0x0000000008004cf8       0x40 build_arm_cortex_m3_base_application_stm32l/sys_cfg.o
                0x0000000008004cf8                sys_ctrl_shell_get_char
 .text.sys_ctrl_reset
                0x0000000008004d38       0x20 build_arm_cortex_m3_base_application_stm32l/sys_cfg.o
                0x0000000008004d38                sys_ctrl_reset
 .text.sys_ctrl_delay_us
                0x0000000008004d58       0x28 build_arm_cortex_m3_base_application_stm32l/sys_cfg.o
                0x0000000008004d58                sys_ctrl_delay_us
 .text.sys_ctrl_delay_ms
                0x0000000008004d80       0x38 build_arm_cortex_m3_base_application_stm32l/sys_cfg.o
                0x0000000008004d80                sys_ctrl_delay_ms
 .text.sys_ctr_sleep_wait_for_irq
                0x0000000008004db8        0x8 build_arm_cortex_m3_base_application_stm32l/sys_cfg.o
                0x0000000008004db8                sys_ctr_sleep_wait_for_irq
 .text.sys_ctr_stop_mcu
                0x0000000008004dc0       0xac build_arm_cortex_m3_base_application_stm32l/sys_cfg.o
                0x0000000008004dc0                sys_ctr_stop_mcu
 .text.sys_ctr_get_exception_number
                0x0000000008004e6c       0x10 build_arm_cortex_m3_base_application_stm32l/sys_cfg.o
                0x0000000008004e6c                sys_ctr_get_exception_number
 .text.sys_ctr_restart_app
                0x0000000008004e7c       0x10 build_arm_cortex_m3_base_application_stm32l/sys_cfg.o
                0x0000000008004e7c                sys_ctr_restart_app
 .text.sys_cfg_restore_app
                0x0000000008004e8c       0x38 build_arm_cortex_m3_base_application_stm32l/sys_cfg.o
                0x0000000008004e8c                sys_cfg_restore_app
 .text.sys_ctrl_independent_watchdog_init
                0x0000000008004ec4       0x24 build_arm_cortex_m3_base_application_stm32l/sys_cfg.o
                0x0000000008004ec4                sys_ctrl_independent_watchdog_init
 .text.sys_ctrl_independent_watchdog_reset
                0x0000000008004ee8       0x14 build_arm_cortex_m3_base_application_stm32l/sys_cfg.o
                0x0000000008004ee8                sys_ctrl_independent_watchdog_reset
 .text.sys_ctrl_soft_watchdog_init
                0x0000000008004efc       0x5c build_arm_cortex_m3_base_application_stm32l/sys_cfg.o
                0x0000000008004efc                sys_ctrl_soft_watchdog_init
 .text.sys_ctrl_soft_watchdog_reset
                0x0000000008004f58       0x18 build_arm_cortex_m3_base_application_stm32l/sys_cfg.o
                0x0000000008004f58                sys_ctrl_soft_watchdog_reset
 .text.sys_ctrl_soft_watchdog_increase_counter
                0x0000000008004f70       0x88 build_arm_cortex_m3_base_application_stm32l/sys_cfg.o
                0x0000000008004f70                sys_ctrl_soft_watchdog_increase_counter
 .text.sys_ctrl_get_firmware_info
                0x0000000008004ff8       0x48 build_arm_cortex_m3_base_application_stm32l/sys_cfg.o
                0x0000000008004ff8                sys_ctrl_get_firmware_info
 .text.task_irq_io_entry_trigger
                0x0000000008005040        0x4 build_arm_cortex_m3_base_application_stm32l/sys_cfg.o
                0x0000000008005040                task_irq_io_entry_trigger
 .text.task_irq_io_exit_trigger
                0x0000000008005044        0x4 build_arm_cortex_m3_base_application_stm32l/sys_cfg.o
                0x0000000008005044                task_irq_io_exit_trigger
 .text.led_life_init
                0x0000000008005048       0x2c build_arm_cortex_m3_base_application_stm32l/io_cfg.o
                0x0000000008005048                led_life_init
 .text.led_life_on
                0x0000000008005074       0x10 build_arm_cortex_m3_base_application_stm32l/io_cfg.o
                0x0000000008005074                led_life_on
 .text.led_life_off
                0x0000000008005084       0x10 build_arm_cortex_m3_base_application_stm32l/io_cfg.o
                0x0000000008005084                led_life_off
 .text.nrf24l01_io_ctrl_init
                0x0000000008005094       0x90 build_arm_cortex_m3_base_application_stm32l/io_cfg.o
                0x0000000008005094                nrf24l01_io_ctrl_init
 .text.nrf24l01_spi_ctrl_init
                0x0000000008005124       0xa0 build_arm_cortex_m3_base_application_stm32l/io_cfg.o
                0x0000000008005124                nrf24l01_spi_ctrl_init
 .text.nrf24l01_ce_low
                0x00000000080051c4       0x10 build_arm_cortex_m3_base_application_stm32l/io_cfg.o
                0x00000000080051c4                nrf24l01_ce_low
 .text.nrf24l01_ce_high
                0x00000000080051d4       0x10 build_arm_cortex_m3_base_application_stm32l/io_cfg.o
                0x00000000080051d4                nrf24l01_ce_high
 .text.nrf24l01_csn_low
                0x00000000080051e4       0x10 build_arm_cortex_m3_base_application_stm32l/io_cfg.o
                0x00000000080051e4                nrf24l01_csn_low
 .text.nrf24l01_csn_high
                0x00000000080051f4       0x10 build_arm_cortex_m3_base_application_stm32l/io_cfg.o
                0x00000000080051f4                nrf24l01_csn_high
 .text.flash_cs_low
                0x0000000008005204       0x10 build_arm_cortex_m3_base_application_stm32l/io_cfg.o
                0x0000000008005204                flash_cs_low
 .text.flash_cs_high
                0x0000000008005214       0x10 build_arm_cortex_m3_base_application_stm32l/io_cfg.o
                0x0000000008005214                flash_cs_high
 .text.flash_transfer
                0x0000000008005224       0xa0 build_arm_cortex_m3_base_application_stm32l/io_cfg.o
                0x0000000008005224                flash_transfer
 .text.nrf24l01_spi_rw
                0x00000000080052c4        0x4 build_arm_cortex_m3_base_application_stm32l/io_cfg.o
                0x00000000080052c4                nrf24l01_spi_rw
 .text.sht1x_clk_input_mode
                0x00000000080052c8       0x2c build_arm_cortex_m3_base_application_stm32l/io_cfg.o
                0x00000000080052c8                sht1x_clk_input_mode
 .text.sht1x_clk_output_mode
                0x00000000080052f4       0x2c build_arm_cortex_m3_base_application_stm32l/io_cfg.o
                0x00000000080052f4                sht1x_clk_output_mode
 .text.sht1x_clk_digital_write_low
                0x0000000008005320       0x10 build_arm_cortex_m3_base_application_stm32l/io_cfg.o
                0x0000000008005320                sht1x_clk_digital_write_low
 .text.sht1x_clk_digital_write_high
                0x0000000008005330       0x10 build_arm_cortex_m3_base_application_stm32l/io_cfg.o
                0x0000000008005330                sht1x_clk_digital_write_high
 .text.sht1x_data_input_mode
                0x0000000008005340       0x2c build_arm_cortex_m3_base_application_stm32l/io_cfg.o
                0x0000000008005340                sht1x_data_input_mode
 .text.sht1x_data_output_mode
                0x000000000800536c       0x2c build_arm_cortex_m3_base_application_stm32l/io_cfg.o
                0x000000000800536c                sht1x_data_output_mode
 .text.sht1x_data_digital_write_low
                0x0000000008005398       0x10 build_arm_cortex_m3_base_application_stm32l/io_cfg.o
                0x0000000008005398                sht1x_data_digital_write_low
 .text.sht1x_data_digital_write_high
                0x00000000080053a8       0x10 build_arm_cortex_m3_base_application_stm32l/io_cfg.o
                0x00000000080053a8                sht1x_data_digital_write_high
 .text.ds1302_ce_input_mode
                0x00000000080053b8       0x28 build_arm_cortex_m3_base_application_stm32l/io_cfg.o
                0x00000000080053b8                ds1302_ce_input_mode
 .text.ds1302_ce_output_mode
                0x00000000080053e0       0x2c build_arm_cortex_m3_base_application_stm32l/io_cfg.o
                0x00000000080053e0                ds1302_ce_output_mode
 .text.ds1302_ce_digital_write_low
                0x000000000800540c        0xc build_arm_cortex_m3_base_application_stm32l/io_cfg.o
                0x000000000800540c                ds1302_ce_digital_write_low
 .text.ds1302_ce_digital_write_high
                0x0000000008005418        0xc build_arm_cortex_m3_base_application_stm32l/io_cfg.o
                0x0000000008005418                ds1302_ce_digital_write_high
 .text.ds1302_clk_input_mode
                0x0000000008005424       0x28 build_arm_cortex_m3_base_application_stm32l/io_cfg.o
                0x0000000008005424                ds1302_clk_input_mode
 .text.ds1302_clk_output_mode
                0x000000000800544c       0x2c build_arm_cortex_m3_base_application_stm32l/io_cfg.o
                0x000000000800544c                ds1302_clk_output_mode
 .text.ds1302_clk_digital_write_low
                0x0000000008005478       0x10 build_arm_cortex_m3_base_application_stm32l/io_cfg.o
                0x0000000008005478                ds1302_clk_digital_write_low
 .text.ds1302_clk_digital_write_high
                0x0000000008005488       0x10 build_arm_cortex_m3_base_application_stm32l/io_cfg.o
                0x0000000008005488                ds1302_clk_digital_write_high
 .text.ds1302_data_input_mode
                0x0000000008005498       0x28 build_arm_cortex_m3_base_application_stm32l/io_cfg.o
                0x0000000008005498                ds1302_data_input_mode
 .text.ds1302_data_output_mode
                0x00000000080054c0       0x28 build_arm_cortex_m3_base_application_stm32l/io_cfg.o
                0x00000000080054c0                ds1302_data_output_mode
 .text.ds1302_data_digital_write_low
                0x00000000080054e8        0xc build_arm_cortex_m3_base_application_stm32l/io_cfg.o
                0x00000000080054e8                ds1302_data_digital_write_low
 .text.ds1302_data_digital_write_high
                0x00000000080054f4        0xc build_arm_cortex_m3_base_application_stm32l/io_cfg.o
                0x00000000080054f4                ds1302_data_digital_write_high
 .text.io_cfg_dac_out2_config
                0x0000000008005500       0x54 build_arm_cortex_m3_base_application_stm32l/io_cfg.o
                0x0000000008005500                io_cfg_dac_out2_config
 *fill*         0x0000000008005554        0x4 
 .text.sys_ctr_get_vbat_voltage
                0x0000000008005558       0x88 build_arm_cortex_m3_base_application_stm32l/io_cfg.o
                0x0000000008005558                sys_ctr_get_vbat_voltage
 .text.io_cfg_dac_out2_set
                0x00000000080055e0       0x1c build_arm_cortex_m3_base_application_stm32l/io_cfg.o
                0x00000000080055e0                io_cfg_dac_out2_set
 .text.ssd1306_clk_input_mode
                0x00000000080055fc       0x2c build_arm_cortex_m3_base_application_stm32l/io_cfg.o
                0x00000000080055fc                ssd1306_clk_input_mode
 .text.ssd1306_clk_output_mode
                0x0000000008005628       0x2c build_arm_cortex_m3_base_application_stm32l/io_cfg.o
                0x0000000008005628                ssd1306_clk_output_mode
 .text.ssd1306_clk_digital_write_low
                0x0000000008005654       0x10 build_arm_cortex_m3_base_application_stm32l/io_cfg.o
                0x0000000008005654                ssd1306_clk_digital_write_low
 .text.ssd1306_clk_digital_write_high
                0x0000000008005664       0x10 build_arm_cortex_m3_base_application_stm32l/io_cfg.o
                0x0000000008005664                ssd1306_clk_digital_write_high
 .text.ssd1306_data_input_mode
                0x0000000008005674       0x2c build_arm_cortex_m3_base_application_stm32l/io_cfg.o
                0x0000000008005674                ssd1306_data_input_mode
 .text.ssd1306_data_output_mode
                0x00000000080056a0       0x2c build_arm_cortex_m3_base_application_stm32l/io_cfg.o
                0x00000000080056a0                ssd1306_data_output_mode
 .text.ssd1306_data_digital_write_low
                0x00000000080056cc       0x10 build_arm_cortex_m3_base_application_stm32l/io_cfg.o
                0x00000000080056cc                ssd1306_data_digital_write_low
 .text.ssd1306_data_digital_write_high
                0x00000000080056dc       0x10 build_arm_cortex_m3_base_application_stm32l/io_cfg.o
                0x00000000080056dc                ssd1306_data_digital_write_high
 .text.io_eeprom_read
                0x00000000080056ec       0x34 build_arm_cortex_m3_base_application_stm32l/io_cfg.o
                0x00000000080056ec                io_eeprom_read
 .text.io_eeprom_erase
                0x0000000008005720       0x58 build_arm_cortex_m3_base_application_stm32l/io_cfg.o
                0x0000000008005720                io_eeprom_erase
 .text.internal_flash_unlock
                0x0000000008005778       0x14 build_arm_cortex_m3_base_application_stm32l/io_cfg.o
                0x0000000008005778                internal_flash_unlock
 .text.internal_flash_lock
                0x000000000800578c        0x4 build_arm_cortex_m3_base_application_stm32l/io_cfg.o
                0x000000000800578c                internal_flash_lock
 .text.internal_flash_erase_pages_cal
                0x0000000008005790       0x2c build_arm_cortex_m3_base_application_stm32l/io_cfg.o
                0x0000000008005790                internal_flash_erase_pages_cal
 .text.internal_flash_write_cal
                0x00000000080057bc       0x64 build_arm_cortex_m3_base_application_stm32l/io_cfg.o
                0x00000000080057bc                internal_flash_write_cal
 .text.io_uart3_cli
                0x0000000008005820       0xac build_arm_cortex_m3_base_application_stm32l/io_cfg.o
                0x0000000008005820                io_uart3_cli
 .text.io_uart3_cli_put
                0x00000000080058cc       0x20 build_arm_cortex_m3_base_application_stm32l/io_cfg.o
                0x00000000080058cc                io_uart3_cli_put
 .text.io_uart3_cli_get
                0x00000000080058ec       0x40 build_arm_cortex_m3_base_application_stm32l/io_cfg.o
                0x00000000080058ec                io_uart3_cli_get
 .text.SystemInit
                0x000000000800592c      0x11c build_arm_cortex_m3_base_application_stm32l/system_stm32l1xx.o
                0x000000000800592c                SystemInit
 .text.SystemCoreClockUpdate
                0x0000000008005a48       0x8c build_arm_cortex_m3_base_application_stm32l/system_stm32l1xx.o
                0x0000000008005a48                SystemCoreClockUpdate
 .text.main_app
                0x0000000008005ad4       0x8c build_arm_cortex_m3_base_application_stm32l/app.o
                0x0000000008005ad4                main_app
 .text.sys_irq_timer_10ms
                0x0000000008005b60        0x4 build_arm_cortex_m3_base_application_stm32l/app.o
                0x0000000008005b60                sys_irq_timer_10ms
 .text.sys_irq_usb_recv
                0x0000000008005b64        0x4 build_arm_cortex_m3_base_application_stm32l/app.o
                0x0000000008005b64                sys_irq_usb_recv
 .text.rf_printf
                0x0000000008005b68        0x4 build_arm_cortex_m3_base_application_stm32l/rf_remote_ctrl.o
                0x0000000008005b68                rf_printf
 .text._ZL9shell_epiPh
                0x0000000008005b6c        0x4 build_arm_cortex_m3_base_application_stm32l/shell.o
 .text._ZL9shell_psvPh
                0x0000000008005b70       0x14 build_arm_cortex_m3_base_application_stm32l/shell.o
 .text._ZL10shell_helpPh
                0x0000000008005b84       0x30 build_arm_cortex_m3_base_application_stm32l/shell.o
 .text._ZL9shell_svcPh
                0x0000000008005bb4       0x14 build_arm_cortex_m3_base_application_stm32l/shell.o
 .text._ZL9shell_fwuPh
                0x0000000008005bc8       0x34 build_arm_cortex_m3_base_application_stm32l/shell.o
 .text._ZL10str_parserPc
                0x0000000008005bfc       0x88 build_arm_cortex_m3_base_application_stm32l/shell.o
 .text._ZL11shell_flashPh
                0x0000000008005c84      0x19c build_arm_cortex_m3_base_application_stm32l/shell.o
 .text._ZL9shell_epsPh
                0x0000000008005e20       0xec build_arm_cortex_m3_base_application_stm32l/shell.o
 .text._ZL9shell_sttPh
                0x0000000008005f0c       0x34 build_arm_cortex_m3_base_application_stm32l/shell.o
 .text._ZL9shell_ramPh
                0x0000000008005f40      0x240 build_arm_cortex_m3_base_application_stm32l/shell.o
 .text._ZL12shell_rebootPh
                0x0000000008006180       0x10 build_arm_cortex_m3_base_application_stm32l/shell.o
 .text._ZL9shell_verPh
                0x0000000008006190       0xf0 build_arm_cortex_m3_base_application_stm32l/shell.o
 .text._ZL11shell_resetPh
                0x0000000008006280       0x10 build_arm_cortex_m3_base_application_stm32l/shell.o
 .text._ZL10shell_bootPh
                0x0000000008006290       0xec build_arm_cortex_m3_base_application_stm32l/shell.o
 .text._ZL11shell_fatalPh
                0x000000000800637c      0x114 build_arm_cortex_m3_base_application_stm32l/shell.o
 .text._ZL9shell_dbgPh
                0x0000000008006490      0x418 build_arm_cortex_m3_base_application_stm32l/shell.o
 .text._ZL9shell_lcdPh
                0x00000000080068a8      0x100 build_arm_cortex_m3_base_application_stm32l/shell.o
 .text.sys_irq_shell
                0x00000000080069a8       0xc8 build_arm_cortex_m3_base_application_stm32l/task_shell.o
                0x00000000080069a8                sys_irq_shell
 .text._Z10task_shellP8ak_msg_t
                0x0000000008006a70       0xac build_arm_cortex_m3_base_application_stm32l/task_shell.o
                0x0000000008006a70                task_shell(ak_msg_t*)
 .text._Z9task_lifeP8ak_msg_t
                0x0000000008006b1c       0x28 build_arm_cortex_m3_base_application_stm32l/task_life.o
                0x0000000008006b1c                task_life(ak_msg_t*)
 .text._Z7task_fwP8ak_msg_t
                0x0000000008006b44      0x3e4 build_arm_cortex_m3_base_application_stm32l/task_fw.o
                0x0000000008006b44                task_fw(ak_msg_t*)
 .text._Z12task_displayP8ak_msg_t
                0x0000000008006f28        0x4 build_arm_cortex_m3_base_application_stm32l/task_display.o
                0x0000000008006f28                task_display(ak_msg_t*)
 .text._Z7task_ifP8ak_msg_t
                0x0000000008006f2c       0x9c build_arm_cortex_m3_base_application_stm32l/task_if.o
                0x0000000008006f2c                task_if(ak_msg_t*)
 .text._Z12task_rf24_ifP8ak_msg_t
                0x0000000008006fc8       0x98 build_arm_cortex_m3_base_application_stm32l/task_rf24_if.o
                0x0000000008006fc8                task_rf24_if(ak_msg_t*)
 .text._Z12task_uart_ifP8ak_msg_t
                0x0000000008007060       0xa0 build_arm_cortex_m3_base_application_stm32l/task_uart_if.o
                0x0000000008007060                task_uart_if(ak_msg_t*)
 .text._Z8task_dbgP8ak_msg_t
                0x0000000008007100      0x12c build_arm_cortex_m3_base_application_stm32l/task_dbg.o
                0x0000000008007100                task_dbg(ak_msg_t*)
 .text._ZL19view_render_dynamicPv
                0x000000000800722c        0xc build_arm_cortex_m3_base_application_stm32l/view_render.o
 .text._Z22view_render_display_onv
                0x0000000008007238        0xc build_arm_cortex_m3_base_application_stm32l/view_render.o
                0x0000000008007238                view_render_display_on()
 .text.startup._GLOBAL__sub_I_view_render
                0x0000000008007244        0xc build_arm_cortex_m3_base_application_stm32l/view_render.o
 .text.exit._GLOBAL__sub_D_view_render
                0x0000000008007250        0xc build_arm_cortex_m3_base_application_stm32l/view_render.o
 .text._Z18view_render_screenP13view_screen_t
                0x000000000800725c       0x6c build_arm_cortex_m3_base_application_stm32l/view_render.o
                0x000000000800725c                view_render_screen(view_screen_t*)
 .text._ZL21view_render_rectanglePv
                0x00000000080072c8      0x118 build_arm_cortex_m3_base_application_stm32l/view_render.o
 .text._Z16scr_mng_dispatchP8ak_msg_t
                0x00000000080073e0       0x48 build_arm_cortex_m3_base_application_stm32l/screen_manager.o
                0x00000000080073e0                scr_mng_dispatch(ak_msg_t*)
 .text._ZN12Adafruit_GFX8drawLineEsssst
                0x0000000008007428       0xf0 build_arm_cortex_m3_base_application_stm32l/Adafruit_GFX.o
                0x0000000008007428                Adafruit_GFX::drawLine(short, short, short, short, unsigned short)
 .text._ZN12Adafruit_GFX8drawRectEsssst
                0x0000000008007518       0x68 build_arm_cortex_m3_base_application_stm32l/Adafruit_GFX.o
                0x0000000008007518                Adafruit_GFX::drawRect(short, short, short, short, unsigned short)
 .text._ZN12Adafruit_GFX13drawFastVLineEssst
                0x0000000008007580       0x20 build_arm_cortex_m3_base_application_stm32l/Adafruit_GFX.o
                0x0000000008007580                Adafruit_GFX::drawFastVLine(short, short, short, unsigned short)
 .text._ZN12Adafruit_GFX13drawFastHLineEssst
                0x00000000080075a0       0x1c build_arm_cortex_m3_base_application_stm32l/Adafruit_GFX.o
                0x00000000080075a0                Adafruit_GFX::drawFastHLine(short, short, short, unsigned short)
 .text._ZN12Adafruit_GFX8fillRectEsssst
                0x00000000080075bc       0x3c build_arm_cortex_m3_base_application_stm32l/Adafruit_GFX.o
                0x00000000080075bc                Adafruit_GFX::fillRect(short, short, short, short, unsigned short)
 .text._ZN12Adafruit_GFX10fillScreenEt
                0x00000000080075f8       0x20 build_arm_cortex_m3_base_application_stm32l/Adafruit_GFX.o
                0x00000000080075f8                Adafruit_GFX::fillScreen(unsigned short)
 .text._ZN12Adafruit_GFX13invertDisplayEb
                0x0000000008007618        0x4 build_arm_cortex_m3_base_application_stm32l/Adafruit_GFX.o
                0x0000000008007618                Adafruit_GFX::invertDisplay(bool)
 .text._ZN12Adafruit_GFXC2Ess
                0x000000000800761c       0x28 build_arm_cortex_m3_base_application_stm32l/Adafruit_GFX.o
                0x000000000800761c                Adafruit_GFX::Adafruit_GFX(short, short)
                0x000000000800761c                Adafruit_GFX::Adafruit_GFX(short, short)
 .text._ZN12Adafruit_GFX8drawCharEsshtth
                0x0000000008007644      0x10c build_arm_cortex_m3_base_application_stm32l/Adafruit_GFX.o
                0x0000000008007644                Adafruit_GFX::drawChar(short, short, unsigned char, unsigned short, unsigned short, unsigned char)
 .text._ZN12Adafruit_GFX5writeEh
                0x0000000008007750       0x78 build_arm_cortex_m3_base_application_stm32l/Adafruit_GFX.o
                0x0000000008007750                Adafruit_GFX::write(unsigned char)
 .text._ZN12Adafruit_GFX9setCursorEss
                0x00000000080077c8        0x8 build_arm_cortex_m3_base_application_stm32l/Adafruit_GFX.o
                0x00000000080077c8                Adafruit_GFX::setCursor(short, short)
 .text._ZN12Adafruit_GFX11setTextSizeEh
                0x00000000080077d0        0xc build_arm_cortex_m3_base_application_stm32l/Adafruit_GFX.o
                0x00000000080077d0                Adafruit_GFX::setTextSize(unsigned char)
 .text._ZN12Adafruit_GFX12setTextColorEt
                0x00000000080077dc        0x8 build_arm_cortex_m3_base_application_stm32l/Adafruit_GFX.o
                0x00000000080077dc                Adafruit_GFX::setTextColor(unsigned short)
 .text._ZN12Adafruit_GFX5widthEv
                0x00000000080077e4        0x8 build_arm_cortex_m3_base_application_stm32l/Adafruit_GFX.o
                0x00000000080077e4                Adafruit_GFX::width()
 .text._ZN12Adafruit_GFX6heightEv
                0x00000000080077ec        0x8 build_arm_cortex_m3_base_application_stm32l/Adafruit_GFX.o
                0x00000000080077ec                Adafruit_GFX::height()
 .text._ZN19Adafruit_ssd1306syp9updateRowEii
                0x00000000080077f4       0x20 build_arm_cortex_m3_base_application_stm32l/Adafruit_ssd1306syp.o
                0x00000000080077f4                Adafruit_ssd1306syp::updateRow(int, int)
 .text._ZN19Adafruit_ssd1306syp9drawPixelEsst
                0x0000000008007814       0x60 build_arm_cortex_m3_base_application_stm32l/Adafruit_ssd1306syp.o
                0x0000000008007814                Adafruit_ssd1306syp::drawPixel(short, short, unsigned short)
 .text._ZN19Adafruit_ssd1306sypC2Ev
                0x0000000008007874       0x24 build_arm_cortex_m3_base_application_stm32l/Adafruit_ssd1306syp.o
                0x0000000008007874                Adafruit_ssd1306syp::Adafruit_ssd1306syp()
                0x0000000008007874                Adafruit_ssd1306syp::Adafruit_ssd1306syp()
 .text._ZN19Adafruit_ssd1306sypD2Ev
                0x0000000008007898        0x4 build_arm_cortex_m3_base_application_stm32l/Adafruit_ssd1306syp.o
                0x0000000008007898                Adafruit_ssd1306syp::~Adafruit_ssd1306syp()
                0x0000000008007898                Adafruit_ssd1306syp::~Adafruit_ssd1306syp()
 .text._ZN19Adafruit_ssd1306syp5clearEb
                0x000000000800789c       0x24 build_arm_cortex_m3_base_application_stm32l/Adafruit_ssd1306syp.o
                0x000000000800789c                Adafruit_ssd1306syp::clear(bool)
 .text._ZN19Adafruit_ssd1306syp9writeByteEh
                0x00000000080078c0       0x54 build_arm_cortex_m3_base_application_stm32l/Adafruit_ssd1306syp.o
                0x00000000080078c0                Adafruit_ssd1306syp::writeByte(unsigned char)
 .text._ZN19Adafruit_ssd1306syp8startIICEv
                0x0000000008007914       0x2c build_arm_cortex_m3_base_application_stm32l/Adafruit_ssd1306syp.o
                0x0000000008007914                Adafruit_ssd1306syp::startIIC()
 .text._ZN19Adafruit_ssd1306syp7stopIICEv
                0x0000000008007940       0x2c build_arm_cortex_m3_base_application_stm32l/Adafruit_ssd1306syp.o
                0x0000000008007940                Adafruit_ssd1306syp::stopIIC()
 .text._ZN19Adafruit_ssd1306syp12writeCommandEh
                0x000000000800796c       0x2c build_arm_cortex_m3_base_application_stm32l/Adafruit_ssd1306syp.o
                0x000000000800796c                Adafruit_ssd1306syp::writeCommand(unsigned char)
 .text._ZN19Adafruit_ssd1306syp10initializeEv
                0x0000000008007998      0x104 build_arm_cortex_m3_base_application_stm32l/Adafruit_ssd1306syp.o
                0x0000000008007998                Adafruit_ssd1306syp::initialize()
 .text._ZN19Adafruit_ssd1306syp10display_onEv
                0x0000000008007a9c        0x8 build_arm_cortex_m3_base_application_stm32l/Adafruit_ssd1306syp.o
                0x0000000008007a9c                Adafruit_ssd1306syp::display_on()
 .text._ZN19Adafruit_ssd1306syp11display_offEv
                0x0000000008007aa4        0x8 build_arm_cortex_m3_base_application_stm32l/Adafruit_ssd1306syp.o
                0x0000000008007aa4                Adafruit_ssd1306syp::display_off()
 .text._ZN19Adafruit_ssd1306syp17startDataSequenceEv
                0x0000000008007aac       0x1c build_arm_cortex_m3_base_application_stm32l/Adafruit_ssd1306syp.o
                0x0000000008007aac                Adafruit_ssd1306syp::startDataSequence()
 .text._ZN19Adafruit_ssd1306syp6updateEv
                0x0000000008007ac8       0x54 build_arm_cortex_m3_base_application_stm32l/Adafruit_ssd1306syp.o
                0x0000000008007ac8                Adafruit_ssd1306syp::update()
 .text._ZN19Adafruit_ssd1306syp9updateRowEi
                0x0000000008007b1c       0x70 build_arm_cortex_m3_base_application_stm32l/Adafruit_ssd1306syp.o
                0x0000000008007b1c                Adafruit_ssd1306syp::updateRow(int)
 .text.eeprom_read
                0x0000000008007b8c        0x4 build_arm_cortex_m3_base_application_stm32l/eeprom.o
                0x0000000008007b8c                eeprom_read
 .text.eeprom_erase
                0x0000000008007b90        0x4 build_arm_cortex_m3_base_application_stm32l/eeprom.o
                0x0000000008007b90                eeprom_erase
 .text.startup._GLOBAL__sub_I__ZN9DhcpClass13beginWithDHCPEPhmm
                0x0000000008007b94       0x1c build_arm_cortex_m3_base_application_stm32l/Dhcp.o
 .text.startup._GLOBAL__sub_I__ZN9DNSClient5beginERK9IPAddress
                0x0000000008007bb0       0x1c build_arm_cortex_m3_base_application_stm32l/Dns.o
 .text.startup._GLOBAL__sub_I__ZN14EthernetClient8_srcportE
                0x0000000008007bcc       0x1c build_arm_cortex_m3_base_application_stm32l/EthernetClient.o
 .text.startup._GLOBAL__sub_I__ZN13EthernetClass6_stateE
                0x0000000008007be8       0x28 build_arm_cortex_m3_base_application_stm32l/Ethernet.o
 .text.startup._GLOBAL__sub_I__ZN14EthernetServerC2Et
                0x0000000008007c10       0x1c build_arm_cortex_m3_base_application_stm32l/EthernetServer.o
 .text.startup._GLOBAL__sub_I__ZN11EthernetUDPC2Ev
                0x0000000008007c2c       0x1c build_arm_cortex_m3_base_application_stm32l/EthernetUdp.o
 .text._Z16nrf_nwk_pdu_initv
                0x0000000008007c48       0x3c build_arm_cortex_m3_base_application_stm32l/nrf_data.o
                0x0000000008007c48                nrf_nwk_pdu_init()
 .text._Z18nrf_nwk_pdu_mallocv
                0x0000000008007c84       0x40 build_arm_cortex_m3_base_application_stm32l/nrf_data.o
                0x0000000008007c84                nrf_nwk_pdu_malloc()
 .text._Z16nrf_nwk_pdu_freeP13nrf_nwk_pdu_t
                0x0000000008007cc4       0x20 build_arm_cortex_m3_base_application_stm32l/nrf_data.o
                0x0000000008007cc4                nrf_nwk_pdu_free(nrf_nwk_pdu_t*)
 .text._Z15nrf_nwk_pdu_getm
                0x0000000008007ce4       0x10 build_arm_cortex_m3_base_application_stm32l/nrf_data.o
                0x0000000008007ce4                nrf_nwk_pdu_get(unsigned long)
 .text._Z16nrf_nwk_pdu_freem
                0x0000000008007cf4       0x50 build_arm_cortex_m3_base_application_stm32l/nrf_data.o
                0x0000000008007cf4                nrf_nwk_pdu_free(unsigned long)
 .text._Z23nrf_set_static_nwk_addrt
                0x0000000008007d44       0x10 build_arm_cortex_m3_base_application_stm32l/nrf_data.o
                0x0000000008007d44                nrf_set_static_nwk_addr(unsigned short)
 .text._Z23nrf_get_static_nwk_addrv
                0x0000000008007d54       0x1c build_arm_cortex_m3_base_application_stm32l/nrf_data.o
                0x0000000008007d54                nrf_get_static_nwk_addr()
 .text._Z20nrf_set_des_nwk_addrt
                0x0000000008007d70       0x10 build_arm_cortex_m3_base_application_stm32l/nrf_data.o
                0x0000000008007d70                nrf_set_des_nwk_addr(unsigned short)
 .text._Z20nrf_get_des_nwk_addrv
                0x0000000008007d80       0x1c build_arm_cortex_m3_base_application_stm32l/nrf_data.o
                0x0000000008007d80                nrf_get_des_nwk_addr()
 .text._Z20nrf_get_des_phy_addrv
                0x0000000008007d9c        0x8 build_arm_cortex_m3_base_application_stm32l/nrf_data.o
                0x0000000008007d9c                nrf_get_des_phy_addr()
 .text._Z20nrf_get_src_phy_addrv
                0x0000000008007da4        0x8 build_arm_cortex_m3_base_application_stm32l/nrf_data.o
                0x0000000008007da4                nrf_get_src_phy_addr()
 .text._Z13task_rf24_macP8ak_msg_t
                0x0000000008007dac      0x36c build_arm_cortex_m3_base_application_stm32l/nrf_mac.o
                0x0000000008007dac                task_rf24_mac(ak_msg_t*)
 .text._Z16nrf_nwk_fsm_idleP8ak_msg_t
                0x0000000008008118      0x1b8 build_arm_cortex_m3_base_application_stm32l/nrf_nwk.o
                0x0000000008008118                nrf_nwk_fsm_idle(ak_msg_t*)
 .text._Z13task_rf24_nwkP8ak_msg_t
                0x00000000080082d0        0xc build_arm_cortex_m3_base_application_stm32l/nrf_nwk.o
                0x00000000080082d0                task_rf24_nwk(ak_msg_t*)
 .text._Z16nrf_nwk_fsm_initP8ak_msg_t
                0x00000000080082dc       0x30 build_arm_cortex_m3_base_application_stm32l/nrf_nwk.o
                0x00000000080082dc                nrf_nwk_fsm_init(ak_msg_t*)
 .text.sys_irq_nrf24l01
                0x000000000800830c       0xa8 build_arm_cortex_m3_base_application_stm32l/nrf_phy.o
                0x000000000800830c                sys_irq_nrf24l01
 .text._Z23nrf_phy_switch_ptx_modev
                0x00000000080083b4       0x1c build_arm_cortex_m3_base_application_stm32l/nrf_phy.o
                0x00000000080083b4                nrf_phy_switch_ptx_mode()
 .text._Z23nrf_phy_switch_prx_modev
                0x00000000080083d0       0x28 build_arm_cortex_m3_base_application_stm32l/nrf_phy.o
                0x00000000080083d0                nrf_phy_switch_prx_mode()
 .text._Z13task_rf24_phyP8ak_msg_t
                0x00000000080083f8      0x150 build_arm_cortex_m3_base_application_stm32l/nrf_phy.o
                0x00000000080083f8                task_rf24_phy(ak_msg_t*)
 .text._ZL19link_hal_write_byteh
                0x0000000008008548        0x4 build_arm_cortex_m3_base_application_stm32l/link_hal.o
 .text._ZL17link_hal_rev_byteh
                0x000000000800854c        0x4 build_arm_cortex_m3_base_application_stm32l/link_hal.o
 .text._Z23link_hal_reg_write_bytePFhhE
                0x0000000008008550       0x28 build_arm_cortex_m3_base_application_stm32l/link_hal.o
                0x0000000008008550                link_hal_reg_write_byte(unsigned char (*)(unsigned char))
 .text._Z21link_hal_reg_rev_bytePFhhE
                0x0000000008008578       0x28 build_arm_cortex_m3_base_application_stm32l/link_hal.o
                0x0000000008008578                link_hal_reg_rev_byte(unsigned char (*)(unsigned char))
 .text._ZL21fsm_link_state_handleP8ak_msg_t
                0x00000000080085a0      0x28c build_arm_cortex_m3_base_application_stm32l/link.o
 .text._ZL19fsm_link_state_initP8ak_msg_t
                0x000000000800882c       0x2c build_arm_cortex_m3_base_application_stm32l/link.o
 .text._Z9task_linkP8ak_msg_t
                0x0000000008008858        0xc build_arm_cortex_m3_base_application_stm32l/link.o
                0x0000000008008858                task_link(ak_msg_t*)
 .text._Z23link_init_state_machinev
                0x0000000008008864       0x30 build_arm_cortex_m3_base_application_stm32l/link.o
                0x0000000008008864                link_init_state_machine()
 .text._ZL23link_mac_frame_send_reqv
                0x0000000008008894       0x4c build_arm_cortex_m3_base_application_stm32l/link_mac.o
 .text._ZL23link_mac_frame_send_endv
                0x00000000080088e0       0x38 build_arm_cortex_m3_base_application_stm32l/link_mac.o
 .text._Z25fsm_link_mac_state_handleP8ak_msg_t
                0x0000000008008918      0x3ec build_arm_cortex_m3_base_application_stm32l/link_mac.o
                0x0000000008008918                fsm_link_mac_state_handle(ak_msg_t*)
 .text._Z13task_link_macP8ak_msg_t
                0x0000000008008d04        0xc build_arm_cortex_m3_base_application_stm32l/link_mac.o
                0x0000000008008d04                task_link_mac(ak_msg_t*)
 .text._Z23fsm_link_mac_state_initP8ak_msg_t
                0x0000000008008d10       0x84 build_arm_cortex_m3_base_application_stm32l/link_mac.o
                0x0000000008008d10                fsm_link_mac_state_init(ak_msg_t*)
 .text._ZL20link_phy_frame_writeP16link_phy_frame_t
                0x0000000008008d94       0x38 build_arm_cortex_m3_base_application_stm32l/link_phy.o
 .text._ZL25link_phy_frame_write_byteh
                0x0000000008008dcc        0xc build_arm_cortex_m3_base_application_stm32l/link_phy.o
 .text._ZL26ac_link_phy_frame_rev_byteh
                0x0000000008008dd8      0x190 build_arm_cortex_m3_base_application_stm32l/link_phy.o
 .text._ZL19link_phy_frame_sendv.part.0
                0x0000000008008f68       0x20 build_arm_cortex_m3_base_application_stm32l/link_phy.o
 .text._Z25fsm_link_phy_state_handleP8ak_msg_t
                0x0000000008008f88      0x248 build_arm_cortex_m3_base_application_stm32l/link_phy.o
                0x0000000008008f88                fsm_link_phy_state_handle(ak_msg_t*)
 .text._Z13task_link_phyP8ak_msg_t
                0x00000000080091d0        0xc build_arm_cortex_m3_base_application_stm32l/link_phy.o
                0x00000000080091d0                task_link_phy(ak_msg_t*)
 .text._Z23fsm_link_phy_state_initP8ak_msg_t
                0x00000000080091dc       0x90 build_arm_cortex_m3_base_application_stm32l/link_phy.o
                0x00000000080091dc                fsm_link_phy_state_init(ak_msg_t*)
 .text._Z26link_phy_get_send_frame_tov
                0x000000000800926c       0x14 build_arm_cortex_m3_base_application_stm32l/link_phy.o
                0x000000000800926c                link_phy_get_send_frame_to()
 .text._Z13link_pdu_initv
                0x0000000008009280       0x58 build_arm_cortex_m3_base_application_stm32l/link_data.o
                0x0000000008009280                link_pdu_init()
 .text._Z15link_pdu_mallocv
                0x00000000080092d8       0x3c build_arm_cortex_m3_base_application_stm32l/link_data.o
                0x00000000080092d8                link_pdu_malloc()
 .text._Z12link_pdu_getm
                0x0000000008009314       0x48 build_arm_cortex_m3_base_application_stm32l/link_data.o
                0x0000000008009314                link_pdu_get(unsigned long)
 .text._Z13link_pdu_freem
                0x000000000800935c       0x54 build_arm_cortex_m3_base_application_stm32l/link_data.o
                0x000000000800935c                link_pdu_free(unsigned long)
 .text._Z17link_get_src_addrv
                0x00000000080093b0       0x18 build_arm_cortex_m3_base_application_stm32l/link_data.o
                0x00000000080093b0                link_get_src_addr()
 .text._Z17link_get_des_addrv
                0x00000000080093c8       0x18 build_arm_cortex_m3_base_application_stm32l/link_data.o
                0x00000000080093c8                link_get_des_addr()
 .text.startup._GLOBAL__sub_I__ZN12PubSubClientC2Ev
                0x00000000080093e0       0x1c build_arm_cortex_m3_base_application_stm32l/PubSubClient.o
 .text._Z7pinModehh
                0x00000000080093fc       0xf0 build_arm_cortex_m3_base_application_stm32l/wiring_digital.o
                0x00000000080093fc                pinMode(unsigned char, unsigned char)
 .text._Z12digitalWritehh
                0x00000000080094ec       0xdc build_arm_cortex_m3_base_application_stm32l/wiring_digital.o
                0x00000000080094ec                digitalWrite(unsigned char, unsigned char)
 .text._ZN5Print5writeEPKhj
                0x00000000080095c8       0x28 build_arm_cortex_m3_base_application_stm32l/Print.o
                0x00000000080095c8                Print::write(unsigned char const*, unsigned int)
 .text._ZN5Print5printEPKc
                0x00000000080095f0       0x24 build_arm_cortex_m3_base_application_stm32l/Print.o
                0x00000000080095f0                Print::print(char const*)
 .text._ZN5Print5printEc
                0x0000000008009614        0x8 build_arm_cortex_m3_base_application_stm32l/Print.o
                0x0000000008009614                Print::print(char)
 .text._ZN5Print11printNumberEmh
                0x000000000800961c       0x58 build_arm_cortex_m3_base_application_stm32l/Print.o
                0x000000000800961c                Print::printNumber(unsigned long, unsigned char)
 .text._ZN5Print5printEmi
                0x0000000008009674       0x14 build_arm_cortex_m3_base_application_stm32l/Print.o
                0x0000000008009674                Print::print(unsigned long, int)
 .text._ZN5Print5printEhi
                0x0000000008009688        0x4 build_arm_cortex_m3_base_application_stm32l/Print.o
                0x0000000008009688                Print::print(unsigned char, int)
 .text._ZNK9IPAddress7printToER5Print
                0x000000000800968c       0x40 build_arm_cortex_m3_base_application_stm32l/IPAddress.o
                0x000000000800968c                IPAddress::printTo(Print&) const
 .text._ZN9IPAddressC2Ev
                0x00000000080096cc       0x10 build_arm_cortex_m3_base_application_stm32l/IPAddress.o
                0x00000000080096cc                IPAddress::IPAddress()
                0x00000000080096cc                IPAddress::IPAddress()
 .text._ZN9IPAddressC2Ehhhh
                0x00000000080096dc       0x1c build_arm_cortex_m3_base_application_stm32l/IPAddress.o
                0x00000000080096dc                IPAddress::IPAddress(unsigned char, unsigned char, unsigned char, unsigned char)
                0x00000000080096dc                IPAddress::IPAddress(unsigned char, unsigned char, unsigned char, unsigned char)
 .text.startup._GLOBAL__sub_I__ZN8SPIClassC2Ev
                0x00000000080096f8       0x14 build_arm_cortex_m3_base_application_stm32l/SPI.o
 .text._ZN7TwoWire9availableEv
                0x000000000800970c       0x14 build_arm_cortex_m3_base_application_stm32l/Wire.o
                0x000000000800970c                TwoWire::available()
 .text._ZN7TwoWire4readEv
                0x0000000008009720       0x28 build_arm_cortex_m3_base_application_stm32l/Wire.o
                0x0000000008009720                TwoWire::read()
 .text._ZN7TwoWire4peekEv
                0x0000000008009748       0x24 build_arm_cortex_m3_base_application_stm32l/Wire.o
                0x0000000008009748                TwoWire::peek()
 .text._ZN7TwoWire5flushEv
                0x000000000800976c        0x4 build_arm_cortex_m3_base_application_stm32l/Wire.o
                0x000000000800976c                TwoWire::flush()
 .text._ZN7TwoWire5writeEh
                0x0000000008009770       0x60 build_arm_cortex_m3_base_application_stm32l/Wire.o
                0x0000000008009770                TwoWire::write(unsigned char)
 .text._ZN7TwoWire5writeEPKhj
                0x00000000080097d0       0x38 build_arm_cortex_m3_base_application_stm32l/Wire.o
                0x00000000080097d0                TwoWire::write(unsigned char const*, unsigned int)
 .text.startup._GLOBAL__sub_I__ZN7TwoWire8rxBufferE
                0x0000000008009808       0x1c build_arm_cortex_m3_base_application_stm32l/Wire.o
 .text._Z12twi_transmitPKhh
                0x0000000008009824       0x48 build_arm_cortex_m3_base_application_stm32l/twi.o
                0x0000000008009824                twi_transmit(unsigned char const*, unsigned char)
 .text.__cxa_pure_virtual
                0x000000000800986c       0x1c build_arm_cortex_m3_base_application_stm32l/mini_cpp.o
                0x000000000800986c                __cxa_pure_virtual
 .text._sbrk    0x0000000008009888       0x1c build_arm_cortex_m3_base_application_stm32l/mini_cpp.o
                0x0000000008009888                _sbrk
 .text.malloc   0x00000000080098a4       0x10 ../../tools/gcc-arm-none-eabi-8-2018-q4-major/arm-none-eabi/lib/thumb/v7-m/nofp/libc.a(lib_a-malloc.o)
                0x00000000080098a4                malloc
 .text.free     0x00000000080098b4       0x10 ../../tools/gcc-arm-none-eabi-8-2018-q4-major/arm-none-eabi/lib/thumb/v7-m/nofp/libc.a(lib_a-malloc.o)
                0x00000000080098b4                free
 .text._malloc_r
                0x00000000080098c4      0x558 ../../tools/gcc-arm-none-eabi-8-2018-q4-major/arm-none-eabi/lib/thumb/v7-m/nofp/libc.a(lib_a-mallocr.o)
                0x00000000080098c4                _malloc_r
 .text.memcmp   0x0000000008009e1c       0x64 ../../tools/gcc-arm-none-eabi-8-2018-q4-major/arm-none-eabi/lib/thumb/v7-m/nofp/libc.a(lib_a-memcmp.o)
                0x0000000008009e1c                memcmp
 .text.memset   0x0000000008009e80       0xa0 ../../tools/gcc-arm-none-eabi-8-2018-q4-major/arm-none-eabi/lib/thumb/v7-m/nofp/libc.a(lib_a-memset.o)
                0x0000000008009e80                memset
 .text.__malloc_lock
                0x0000000008009f20        0xc ../../tools/gcc-arm-none-eabi-8-2018-q4-major/arm-none-eabi/lib/thumb/v7-m/nofp/libc.a(lib_a-mlock.o)
                0x0000000008009f20                __malloc_lock
 .text.__malloc_unlock
                0x0000000008009f2c        0xc ../../tools/gcc-arm-none-eabi-8-2018-q4-major/arm-none-eabi/lib/thumb/v7-m/nofp/libc.a(lib_a-mlock.o)
                0x0000000008009f2c                __malloc_unlock
 .text.rand     0x0000000008009f38       0x3c ../../tools/gcc-arm-none-eabi-8-2018-q4-major/arm-none-eabi/lib/thumb/v7-m/nofp/libc.a(lib_a-rand.o)
                0x0000000008009f38                rand
 .text._sbrk_r  0x0000000008009f74       0x24 ../../tools/gcc-arm-none-eabi-8-2018-q4-major/arm-none-eabi/lib/thumb/v7-m/nofp/libc.a(lib_a-sbrkr.o)
                0x0000000008009f74                _sbrk_r
 .text.strcpy   0x0000000008009f98       0xbc ../../tools/gcc-arm-none-eabi-8-2018-q4-major/arm-none-eabi/lib/thumb/v7-m/nofp/libc.a(lib_a-strcpy.o)
                0x0000000008009f98                strcpy
 .text.strlen   0x000000000800a054       0x5c ../../tools/gcc-arm-none-eabi-8-2018-q4-major/arm-none-eabi/lib/thumb/v7-m/nofp/libc.a(lib_a-strlen-stub.o)
                0x000000000800a054                strlen
 .text._strtol_l.isra.0
                0x000000000800a0b0      0x110 ../../tools/gcc-arm-none-eabi-8-2018-q4-major/arm-none-eabi/lib/thumb/v7-m/nofp/libc.a(lib_a-strtol.o)
 .text.strtol   0x000000000800a1c0       0x18 ../../tools/gcc-arm-none-eabi-8-2018-q4-major/arm-none-eabi/lib/thumb/v7-m/nofp/libc.a(lib_a-strtol.o)
                0x000000000800a1c0                strtol
 .text._malloc_trim_r
                0x000000000800a1d8       0xa0 ../../tools/gcc-arm-none-eabi-8-2018-q4-major/arm-none-eabi/lib/thumb/v7-m/nofp/libc.a(lib_a-freer.o)
                0x000000000800a1d8                _malloc_trim_r
 .text._free_r  0x000000000800a278      0x1ec ../../tools/gcc-arm-none-eabi-8-2018-q4-major/arm-none-eabi/lib/thumb/v7-m/nofp/libc.a(lib_a-freer.o)
                0x000000000800a278                _free_r
 .text.__retarget_lock_acquire_recursive
                0x000000000800a464        0x4 ../../tools/gcc-arm-none-eabi-8-2018-q4-major/arm-none-eabi/lib/thumb/v7-m/nofp/libc.a(lib_a-lock.o)
                0x000000000800a464                __retarget_lock_acquire_recursive
 .text.__retarget_lock_release_recursive
                0x000000000800a468        0x4 ../../tools/gcc-arm-none-eabi-8-2018-q4-major/arm-none-eabi/lib/thumb/v7-m/nofp/libc.a(lib_a-lock.o)
                0x000000000800a468                __retarget_lock_release_recursive
 *(.rodata)
 *(.rodata*)
 .rodata.task_create.str1.4
                0x000000000800a46c        0x3 build_arm_cortex_m3_base_application_stm32l/task.o
 *fill*         0x000000000800a46f        0x1 
 .rodata.task_run.str1.4
                0x000000000800a470       0x1a build_arm_cortex_m3_base_application_stm32l/task.o
 *fill*         0x000000000800a48a        0x2 
 .rodata.timer_set.str1.4
                0x000000000800a48c        0x3 build_arm_cortex_m3_base_application_stm32l/timer.o
 *fill*         0x000000000800a48f        0x1 
 .rodata.ak_malloc.str1.4
                0x000000000800a490        0xa build_arm_cortex_m3_base_application_stm32l/message.o
 *fill*         0x000000000800a49a        0x2 
 .rodata.msg_free.str1.4
                0x000000000800a49c        0x3 build_arm_cortex_m3_base_application_stm32l/message.o
 *fill*         0x000000000800a49f        0x1 
 .rodata.fifo_put.str1.4
                0x000000000800a4a0        0x5 build_arm_cortex_m3_base_application_stm32l/fifo.o
 *fill*         0x000000000800a4a5        0x3 
 .rodata.CSWTCH.90
                0x000000000800a4a8       0x1b build_arm_cortex_m3_base_application_stm32l/qrcode.o
 *fill*         0x000000000800a4c3        0x1 
 .rodata.NUM_ERROR_CORRECTION_BLOCKS
                0x000000000800a4c4       0xa0 build_arm_cortex_m3_base_application_stm32l/qrcode.o
 .rodata.NUM_ERROR_CORRECTION_CODEWORDS
                0x000000000800a564      0x140 build_arm_cortex_m3_base_application_stm32l/qrcode.o
 .rodata.NUM_RAW_DATA_MODULES
                0x000000000800a6a4       0x50 build_arm_cortex_m3_base_application_stm32l/qrcode.o
 .rodata.sys_dbg_cpu_dump.str1.4
                0x000000000800a6f4       0x64 build_arm_cortex_m3_base_application_stm32l/sys_dbg.o
 .rodata.sys_dbg_fatal.str1.4
                0x000000000800a758      0x29c build_arm_cortex_m3_base_application_stm32l/sys_dbg.o
                                        0x2a0 (size before relaxing)
 .rodata.sys_dbg_stack_space_dump.str1.4
                0x000000000800a9f4       0x31 build_arm_cortex_m3_base_application_stm32l/sys_dbg.o
 *fill*         0x000000000800aa25        0x3 
 .rodata.exit_critical.str1.4
                0x000000000800aa28        0x4 build_arm_cortex_m3_base_application_stm32l/platform.o
 .rodata.default_handler.str1.4
                0x000000000800aa2c        0x3 build_arm_cortex_m3_base_application_stm32l/system.o
 *fill*         0x000000000800aa2f        0x1 
 .rodata.sys_cfg_update_info.str1.4
                0x000000000800aa30       0x62 build_arm_cortex_m3_base_application_stm32l/sys_cfg.o
                                         0x66 (size before relaxing)
 *fill*         0x000000000800aa92        0x2 
 .rodata.sys_ctrl_soft_watchdog_increase_counter.str1.4
                0x000000000800aa94        0x5 build_arm_cortex_m3_base_application_stm32l/sys_cfg.o
 *fill*         0x000000000800aa99        0x3 
 .rodata.flash_transfer.str1.4
                0x000000000800aa9c        0x4 build_arm_cortex_m3_base_application_stm32l/io_cfg.o
 .rodata.app_info
                0x000000000800aaa0        0x8 build_arm_cortex_m3_base_application_stm32l/app.o
                0x000000000800aaa0                app_info
 .rodata.main_app.str1.4