io_cfg.c:29:6:io_button_mode_init	16	static
io_cfg.c:42:6:io_button_up_init	16	static
io_cfg.c:55:6:io_button_down_init	16	static
io_cfg.c:68:9:io_button_mode_read	0	static
io_cfg.c:72:9:io_button_up_read	0	static
io_cfg.c:76:9:io_button_down_read	0	static
io_cfg.c:83:6:led_life_init	16	static
io_cfg.c:96:6:led_life_on	0	static
io_cfg.c:100:6:led_life_off	0	static
io_cfg.c:107:6:nrf24l01_io_ctrl_init	40	static
io_cfg.c:158:6:nrf24l01_spi_ctrl_init	48	static
io_cfg.c:210:6:nrf24l01_ce_low	0	static
io_cfg.c:214:6:nrf24l01_ce_high	0	static
io_cfg.c:218:6:nrf24l01_csn_low	0	static
io_cfg.c:222:6:nrf24l01_csn_high	0	static
io_cfg.c:256:6:flash_io_ctrl_init	16	static
io_cfg.c:269:6:flash_cs_low	0	static
io_cfg.c:273:6:flash_cs_high	0	static
io_cfg.c:277:9:flash_transfer	24	static
io_cfg.c:226:9:nrf24l01_spi_rw	0	static
io_cfg.c:307:6:timer_50us_init	32	static
io_cfg.c:329:6:timer_50us_enable	8	static
io_cfg.c:335:6:timer_50us_disable	8	static
io_cfg.c:341:6:ir_rev_io_init	32	static
io_cfg.c:370:6:ir_rev_io_irq_disable	16	static
io_cfg.c:379:6:ir_rev_io_irq_enable	16	static
io_cfg.c:388:6:ir_carrier_freq_init	32	static
io_cfg.c:416:6:ir_carrier_freq_on	16	static
io_cfg.c:435:6:ir_carrier_freq_off	24	static
io_cfg.c:457:6:ir_dir_io_config	16	static
io_cfg.c:477:6:ir_select_direction	8	static
io_cfg.c:507:6:sht1x_clk_input_mode	16	static
io_cfg.c:519:6:sht1x_clk_output_mode	16	static
io_cfg.c:533:6:sht1x_clk_digital_write_low	0	static
io_cfg.c:537:6:sht1x_clk_digital_write_high	0	static
io_cfg.c:541:6:sht1x_data_input_mode	16	static
io_cfg.c:553:6:sht1x_data_output_mode	16	static
io_cfg.c:564:6:sht1x_data_digital_write_low	0	static
io_cfg.c:568:6:sht1x_data_digital_write_high	0	static
io_cfg.c:572:5:sht1x_data_digital_read	8	static
io_cfg.c:580:6:ds1302_ce_input_mode	16	static
io_cfg.c:592:6:ds1302_ce_output_mode	16	static
io_cfg.c:604:6:ds1302_ce_digital_write_low	0	static
io_cfg.c:608:6:ds1302_ce_digital_write_high	0	static
io_cfg.c:613:6:ds1302_clk_input_mode	16	static
io_cfg.c:626:6:ds1302_clk_output_mode	16	static
io_cfg.c:639:6:ds1302_clk_digital_write_low	0	static
io_cfg.c:643:6:ds1302_clk_digital_write_high	0	static
io_cfg.c:648:6:ds1302_data_input_mode	16	static
io_cfg.c:660:6:ds1302_data_output_mode	16	static
io_cfg.c:671:6:ds1302_data_digital_write_low	0	static
io_cfg.c:675:6:ds1302_data_digital_write_high	0	static
io_cfg.c:679:9:ds1302_data_digital_read	0	static
io_cfg.c:687:6:io_cfg_dac_hs1101	24	static
io_cfg.c:709:6:io_cfg_comp_hs1101	32	static
io_cfg.c:735:6:io_cfg_timer3_hs1101	56	static
io_cfg.c:777:6:io_cfg_timer4_hs1101	48	static
io_cfg.c:814:10:io_timer4_get_capture	0	static
io_cfg.c:818:6:io_cfg_dac_out2_config	32	static
io_cfg.c:849:6:io_reset_timer4_capture	0	static
io_cfg.c:853:6:io_start_timer4_capture	0	static
io_cfg.c:857:6:io_hs1101_read_enable	8	static
io_cfg.c:872:6:io_hs1101_read_disable	8	static
io_cfg.c:895:6:io_cfg_adc1	32	static
io_cfg.c:911:6:adc_ct_io_cfg	24	static
io_cfg.c:929:6:adc_thermistor_io_cfg	16	static
io_cfg.c:939:10:adc_ct_io_read	8	static
io_cfg.c:948:10:sys_ctr_get_vbat_voltage	16	static
io_cfg.c:843:6:io_cfg_dac_out2_set	8	static
io_cfg.c:970:10:adc_thermistor_io_read	8	static
io_cfg.c:982:6:ssd1306_clk_input_mode	16	static
io_cfg.c:994:6:ssd1306_clk_output_mode	16	static
io_cfg.c:1007:6:ssd1306_clk_digital_write_low	0	static
io_cfg.c:1011:6:ssd1306_clk_digital_write_high	0	static
io_cfg.c:1015:6:ssd1306_data_input_mode	16	static
io_cfg.c:1027:6:ssd1306_data_output_mode	16	static
io_cfg.c:1038:6:ssd1306_data_digital_write_low	0	static
io_cfg.c:1042:6:ssd1306_data_digital_write_high	0	static
io_cfg.c:1046:5:ssd1306_data_digital_read	8	static
io_cfg.c:1055:9:io_eeprom_read	16	static
io_cfg.c:1071:9:io_eeprom_write	24	static
io_cfg.c:1101:9:io_eeprom_erase	16	static
io_cfg.c:1134:6:internal_flash_unlock	8	static
io_cfg.c:1140:6:internal_flash_lock	0	static
io_cfg.c:1144:6:internal_flash_erase_pages_cal	16	static
io_cfg.c:1159:9:internal_flash_write_cal	48	static
io_cfg.c:1183:6:io_uart3_cli	48	static
io_cfg.c:1238:6:io_uart3_cli_put	8	static
io_cfg.c:1250:9:io_uart3_cli_get	16	static
