PubSubClient.cpp:10:1:PubSubClient::PubSubClient()	8	static
PubSubClient.cpp:17:1:PubSubClient::PubSubClient(Client&)	16	static
PubSubClient.cpp:23:1:PubSubClient::PubSubClient(IPAddress, uint16_t, Client&)	32	static
PubSubClient.cpp:29:1:PubSubClient::PubSubClient(IPAddress, uint16_t, Client&, Stream&)	32	static
PubSubClient.cpp:35:1:PubSubClient::PubSubClient(IPAddress, uint16_t, void (*)(char*, uint8_t*, unsigned int), Client&)	32	static
PubSubClient.cpp:42:1:PubSubClient::PubSubClient(IPAddress, uint16_t, void (*)(char*, uint8_t*, unsigned int), Client&, Stream&)	40	static
PubSubClient.cpp:77:1:PubSubClient::PubSubClient(const char*, uint16_t, Client&)	24	static
PubSubClient.cpp:83:1:PubSubClient::PubSubClient(const char*, uint16_t, Client&, Stream&)	24	static
PubSubClient.cpp:89:1:PubSubClient::PubSubClient(const char*, uint16_t, void (*)(char*, uint8_t*, unsigned int), Client&)	24	static
PubSubClient.cpp:96:1:PubSubClient::PubSubClient(const char*, uint16_t, void (*)(char*, uint8_t*, unsigned int), Client&, Stream&)	24	static
PubSubClient.cpp:209:9:boolean PubSubClient::readByte(uint8_t*)	24	static
PubSubClient.cpp:222:9:boolean PubSubClient::readByte(uint8_t*, uint16_t*)	16	static
PubSubClient.cpp:232:10:uint16_t PubSubClient::readPacket(uint8_t*)	40	static
PubSubClient.cpp:424:9:boolean PubSubClient::write(uint8_t, uint8_t*, uint16_t)	32	static
PubSubClient.cpp:513:6:void PubSubClient::disconnect()	8	static
PubSubClient.cpp:522:10:uint16_t PubSubClient::writeString(const char*, uint8_t*, uint16_t)	12	static
PubSubClient.cpp:536:9:boolean PubSubClient::connected()	16	static
PubSubClient.cpp:116:9:boolean PubSubClient::connect(const char*, const char*, const char*, const char*, uint8_t, boolean, const char*)	48	static
PubSubClient.cpp:104:9:boolean PubSubClient::connect(const char*)	24	static
PubSubClient.cpp:108:9:boolean PubSubClient::connect(const char*, const char*, const char*)	24	static
PubSubClient.cpp:112:9:boolean PubSubClient::connect(const char*, const char*, uint8_t, boolean, const char*)	32	static
PubSubClient.cpp:282:9:boolean PubSubClient::loop()	56	static
PubSubClient.cpp:357:9:boolean PubSubClient::publish(const char*, const uint8_t*, unsigned int, boolean)	32	static
PubSubClient.cpp:345:9:boolean PubSubClient::publish(const char*, const char*)	32	static
PubSubClient.cpp:349:9:boolean PubSubClient::publish(const char*, const char*, boolean)	32	static
PubSubClient.cpp:353:9:boolean PubSubClient::publish(const char*, const uint8_t*, unsigned int)	16	static
PubSubClient.cpp:379:9:boolean PubSubClient::publish_P(const char*, const uint8_t*, unsigned int, boolean)	32	static
PubSubClient.cpp:470:9:boolean PubSubClient::subscribe(const char*, uint8_t)	24	static
PubSubClient.cpp:466:9:boolean PubSubClient::subscribe(const char*)	0	static
PubSubClient.cpp:494:9:boolean PubSubClient::unsubscribe(const char*)	24	static
PubSubClient.cpp:553:15:PubSubClient& PubSubClient::setServer(uint8_t*, uint16_t)	40	static
PubSubClient.cpp:50:1:PubSubClient::PubSubClient(uint8_t*, uint16_t, Client&)	24	static
PubSubClient.cpp:62:1:PubSubClient::PubSubClient(uint8_t*, uint16_t, void (*)(char*, uint8_t*, unsigned int), Client&)	24	static
PubSubClient.cpp:56:1:PubSubClient::PubSubClient(uint8_t*, uint16_t, Client&, Stream&)	24	static
PubSubClient.cpp:69:1:PubSubClient::PubSubClient(uint8_t*, uint16_t, void (*)(char*, uint8_t*, unsigned int), Client&, Stream&)	32	static
PubSubClient.cpp:558:15:PubSubClient& PubSubClient::setServer(IPAddress, uint16_t)	4	static
PubSubClient.cpp:565:15:PubSubClient& PubSubClient::setServer(const char*, uint16_t)	0	static
PubSubClient.cpp:571:15:PubSubClient& PubSubClient::setCallback(void (*)(char*, uint8_t*, unsigned int))	0	static
PubSubClient.cpp:576:15:PubSubClient& PubSubClient::setClient(Client&)	0	static
PubSubClient.cpp:581:15:PubSubClient& PubSubClient::setStream(Stream&)	0	static
PubSubClient.cpp:586:5:int PubSubClient::state()	0	static
PubSubClient.cpp:588:1:cpp)	16	static
