shell.cpp:388:9:int32_t shell_epi(uint8_t*)	0	static
shell.cpp:1027:9:int32_t shell_psv(uint8_t*)	0	static
shell.cpp:201:9:int32_t shell_help(uint8_t*)	16	static
shell.cpp:1013:9:int32_t shell_svc(uint8_t*)	8	static
shell.cpp:996:9:int32_t shell_fwu(uint8_t*)	96	static
shell.cpp:128:9:uint8_t str_parser(char*)	24	static
shell.cpp:446:9:int32_t shell_flash(uint8_t*)	32	static
shell.cpp:393:9:int32_t shell_eps(uint8_t*)	32	static
shell.cpp:380:9:int32_t shell_stt(uint8_t*)	8	static
shell.cpp:788:9:int32_t shell_ram(uint8_t*)	24	static
shell.cpp:215:9:int32_t shell_reboot(uint8_t*)	8	static
shell.cpp:171:9:int32_t shell_ver(uint8_t*)	32	static
shell.cpp:165:9:int32_t shell_reset(uint8_t*)	8	static
shell.cpp:930:9:int32_t shell_boot(uint8_t*)	104	static
shell.cpp:222:9:int32_t shell_fatal(uint8_t*)	48	static
shell.cpp:569:9:int32_t shell_dbg(uint8_t*)	136	dynamic
shell.cpp:519:9:int32_t shell_lcd(uint8_t*)	8	static
