sys_cfg.c:223:6:sys_ctrl_shell_put_char_block	8	static
sys_cfg.c:213:6:sys_ctrl_shell_put_char	8	static
sys_cfg.c:44:6:sys_cfg_clock	8	static
sys_cfg.c:55:6:sys_cfg_tick	16	static
sys_cfg.c:75:6:sys_cfg_console	48	static
sys_cfg.c:131:6:sys_cfg_svc	16	static
sys_cfg.c:142:6:sys_cfg_pendsv	16	static
sys_cfg.c:153:6:sys_cfg_update_info	48	static
sys_cfg.c:234:6:usart2_block	8	static
sys_cfg.c:245:6:sys_ctrl_shell_sw_to_block	16	static
sys_cfg.c:259:6:sys_ctrl_shell_sw_to_nonblock	8	static
sys_cfg.c:266:9:sys_ctrl_shell_get_char	16	static
sys_cfg.c:277:6:sys_ctrl_reset	0	static
sys_cfg.c:281:6:sys_ctrl_delay_us	16	static
sys_cfg.c:287:6:sys_ctrl_delay_ms	24	static
sys_cfg.c:311:6:sys_ctr_sleep_wait_for_irq	0	static
sys_cfg.c:315:6:sys_ctr_stop_mcu	16	static
sys_cfg.c:369:10:sys_ctr_get_exception_number	8	static
sys_cfg.c:374:6:sys_ctr_restart_app	0	static
sys_cfg.c:378:6:sys_cfg_restore_app	16	static
sys_cfg.c:399:6:sys_ctrl_independent_watchdog_init	8	static
sys_cfg.c:407:6:sys_ctrl_independent_watchdog_reset	8	static
sys_cfg.c:416:6:sys_ctrl_soft_watchdog_init	32	static
sys_cfg.c:440:6:sys_ctrl_soft_watchdog_reset	8	static
sys_cfg.c:446:6:sys_ctrl_soft_watchdog_enable	8	static
sys_cfg.c:452:6:sys_ctrl_soft_watchdog_disable	8	static
sys_cfg.c:458:6:sys_ctrl_soft_watchdog_increase_counter	16	static
sys_cfg.c:466:6:sys_ctrl_get_firmware_info	8	static
sys_cfg.c:484:6:task_irq_io_entry_trigger	0	static
sys_cfg.c:490:6:task_irq_io_exit_trigger	0	static
