system.c:327:30:svc_handler	0	static
system.c:340:30:pendsv_handler	0	static
system.c:193:6:default_handler	8	static
system.c:250:6:nmi_handler	8	static
system.c:254:6:hard_fault_handler	8	static
system.c:258:6:mem_manage_handler	8	static
system.c:262:6:bus_fault_handler	8	static
system.c:266:6:usage_fault_handler	8	static
system.c:275:6:systick_handler	8	static
system.c:360:6:shell_handler	8	static
system.c:383:6:exti_line1_irq	8	static
system.c:443:6:usart3_irq	8	static
system.c:416:6:timer7_irq	8	static
system.c:168:1:sys_ctrl_delay	0	static
system.c:197:6:reset_handler	24	static
system.c:178:10:sys_ctrl_millis	16	static
system.c:186:6:_init	0	static
system.c:301:6:svc_exe	16	static
system.c:394:6:exti_line15_irq	8	static
system.c:405:6:timer6_irq	8	static
system.c:423:6:timer4_irq	8	static
system.c:434:6:usb_lp_irq	8	static
