system.c:330:30:svc_handler	0	static
system.c:343:30:pendsv_handler	0	static
system.c:196:6:default_handler	8	static
system.c:253:6:nmi_handler	8	static
system.c:257:6:hard_fault_handler	8	static
system.c:261:6:mem_manage_handler	8	static
system.c:265:6:bus_fault_handler	8	static
system.c:269:6:usage_fault_handler	8	static
system.c:278:6:systick_handler	8	static
system.c:363:6:shell_handler	8	static
system.c:386:6:exti_line1_irq	8	static
system.c:408:6:timer6_irq	8	static
system.c:448:6:usart3_irq	16	static
system.c:479:6:usart2_irq	16	static
system.c:419:6:timer7_irq	8	static
system.c:171:1:sys_ctrl_delay	0	static
system.c:200:6:reset_handler	24	static
system.c:181:10:sys_ctrl_millis	16	static
system.c:189:6:_init	0	static
system.c:304:6:svc_exe	16	static
system.c:397:6:exti_line15_irq	8	static
system.c:426:6:timer4_irq	8	static
system.c:437:6:usb_lp_irq	8	static
